10-08 11:20:36.125  1438  1438 D SurfaceFlinger: duplicate layer name: changing com.rnsharedcrash/com.rnsharedcrash.MainActivity to com.rnsharedcrash/com.rnsharedcrash.MainActivity#1
10-08 11:20:36.149  1429  1429 D gralloc_ranchu: gralloc_alloc: Creating ashmem region of size 8298496
10-08 11:20:36.199  1429  1429 D gralloc_ranchu: gralloc_alloc: Creating ashmem region of size 8298496
10-08 11:20:36.207  4070  4159 I chatty  : uid=10089(u0_a89) .0.2.2:8081/... expire 15 lines
10-08 11:20:47.301  1436  1436 I qemu-props: start adbd ...
10-08 11:20:51.709  4070  4102 I chatty  : uid=10089(u0_a89) RenderThread expire 14 lines
10-08 11:20:51.719  1423  8296 W audio_hw_generic: Not supplying enough data to HAL, expected position 45374058 , only wrote 45373680
10-08 11:20:51.879  1423  8296 W audio_hw_generic: Hardware backing HAL too slow, could only write 0 of 720 frames
10-08 11:20:51.895  1423  8296 W audio_hw_generic: Hardware backing HAL too slow, could only write 0 of 720 frames
10-08 11:20:51.976  1429  1429 D gralloc_ranchu: gralloc_alloc: Creating ashmem region of size 344064
10-08 11:20:51.984  1423  8296 W audio_hw_generic: Hardware backing HAL too slow, could only write 0 of 720 frames
10-08 11:20:51.989  1429  1429 D gralloc_ranchu: gralloc_alloc: Creating ashmem region of size 344064
10-08 11:20:51.995  1429  1429 D gralloc_ranchu: gralloc_alloc: Creating ashmem region of size 344064
10-08 11:20:51.999  1423  8296 W audio_hw_generic: Hardware backing HAL too slow, could only write 0 of 720 frames
10-08 11:20:52.014  1423  8296 I chatty  : uid=1041(audioserver) writer identical 26 lines
10-08 11:20:52.722  4070  4070 I chatty  : uid=10089(u0_a89) com.rnsharedcrash expire 21 lines
10-08 11:20:52.746  4070  4181 I chatty  : uid=10089(u0_a89) com.rnsharedcrash expire 5 lines
10-08 11:20:52.830  4070  4183 I chatty  : uid=10089(u0_a89) com.rnsharedcrash expire 42 lines
10-08 11:20:53.317  4070  4105 I chatty  : uid=10089(u0_a89) AsyncTask #3 expire 3 lines
10-08 11:20:54.754  4070  4182 I chatty  : uid=10089(u0_a89) com.rnsharedcrash expire 3 lines
10-08 11:20:54.945  1423  1620 I chatty  : uid=1041(audioserver) HwBinder:1423_2 expire 1 line
10-08 11:20:55.233  1438  1438 D SurfaceFlinger: duplicate layer name: changing com.rnsharedcrash/com.rnsharedcrash.MainActivity to com.rnsharedcrash/com.rnsharedcrash.MainActivity#1
10-08 11:20:55.278  1429  1429 D gralloc_ranchu: gralloc_alloc: Creating ashmem region of size 8298496
10-08 11:20:55.340  1429  1429 D gralloc_ranchu: gralloc_alloc: Creating ashmem region of size 8298496
10-08 11:20:55.499  4070  4174 I chatty  : uid=10089(u0_a89) .0.2.2:8081/... expire 12 lines
10-08 11:21:00.016  1698  1711 E memtrack: Couldn't load memtrack module
10-08 11:21:00.016  1698  1711 W android.os.Debug: failed to get memory consumption info: -1
10-08 11:21:01.059  1429  1429 D gralloc_ranchu: gralloc_alloc: Creating ashmem region of size 208896
10-08 11:21:01.072  1429  1429 D gralloc_ranchu: gralloc_alloc: Creating ashmem region of size 208896
10-08 11:21:01.507  1429  1429 D gralloc_ranchu: gralloc_alloc: Creating ashmem region of size 344064
10-08 11:21:01.560  1429  1429 D gralloc_ranchu: gralloc_alloc: Creating ashmem region of size 344064
10-08 11:21:02.082  4070  4192 I chatty  : uid=10089(u0_a89) com.rnsharedcrash expire 5 lines
10-08 11:21:02.120  4070  4194 I chatty  : uid=10089(u0_a89) com.rnsharedcrash expire 42 lines
10-08 11:21:03.028  1698  1698 W WindowManager: removeWindowToken: Attempted to remove non-existing token: android.os.Binder@4d96ff0
10-08 11:21:03.929  4070  4193 I chatty  : uid=10089(u0_a89) com.rnsharedcrash expire 3 lines
10-08 11:21:04.216  1438  1438 D SurfaceFlinger: duplicate layer name: changing com.rnsharedcrash/com.rnsharedcrash.MainActivity to com.rnsharedcrash/com.rnsharedcrash.MainActivity#1
10-08 11:21:04.248  1429  1429 D gralloc_ranchu: gralloc_alloc: Creating ashmem region of size 8298496
10-08 11:21:04.260  4070  4126 I chatty  : uid=10089(u0_a89) .0.2.2:8081/... expire 16 lines
10-08 11:21:04.261  4070  4188 I chatty  : uid=10089(u0_a89) .0.2.2:8081/... expire 16 lines
10-08 11:21:04.278  1429  1429 D gralloc_ranchu: gralloc_alloc: Creating ashmem region of size 8298496
10-08 11:21:04.298  1429  1429 D gralloc_ranchu: gralloc_alloc: Creating ashmem region of size 8298496
10-08 11:21:08.351  1429  1429 D gralloc_ranchu: gralloc_alloc: Creating ashmem region of size 208896
10-08 11:21:08.366  1429  1429 D gralloc_ranchu: gralloc_alloc: Creating ashmem region of size 208896
10-08 11:21:08.853  4070  4078 I chatty  : uid=10089(u0_a89) Jit thread pool expire 8 lines
10-08 11:21:08.896  1429  1429 D gralloc_ranchu: gralloc_alloc: Creating ashmem region of size 344064
10-08 11:21:08.911  1429  1429 D gralloc_ranchu: gralloc_alloc: Creating ashmem region of size 344064
10-08 11:21:09.168  1438  1464 E SurfaceFlinger: Failed to find layer (com.rnsharedcrash/com.rnsharedcrash.MainActivity#1) in layer parent (no-parent).
10-08 11:21:09.519  4070  4201 I chatty  : uid=10089(u0_a89) com.rnsharedcrash expire 5 lines
10-08 11:21:09.569  4070  4203 I chatty  : uid=10089(u0_a89) com.rnsharedcrash expire 42 lines
10-08 11:21:10.295  1698  1698 W WindowManager: removeWindowToken: Attempted to remove non-existing token: android.os.Binder@c546ca1
10-08 11:21:11.416  4070  4202 I chatty  : uid=10089(u0_a89) com.rnsharedcrash expire 1 line
10-08 11:21:12.007  4070  4174 I chatty  : uid=10089(u0_a89) .0.2.2:8081/... expire 10 lines
10-08 11:21:12.016  4070  4196 I chatty  : uid=10089(u0_a89) .0.2.2:8081/... expire 10 lines
10-08 11:21:12.038  4070  4159 I chatty  : uid=10089(u0_a89) .0.2.2:8081/... expire 10 lines
10-08 11:21:12.431  4070  4208 I chatty  : uid=10089(u0_a89) com.rnsharedcrash expire 5 lines
10-08 11:21:15.371  1438  1471 W SurfaceFlinger: Timed out waiting for hw vsync; faking it
10-08 11:21:15.393  1423  8296 I chatty  : uid=1041(audioserver) writer expire 11 lines
10-08 11:21:15.414  4070  4070 I chatty  : uid=10089(u0_a89) com.rnsharedcrash expire 13 lines
10-08 11:21:15.570  1438  1438 D SurfaceFlinger: duplicate layer name: changing com.rnsharedcrash/com.rnsharedcrash.MainActivity to com.rnsharedcrash/com.rnsharedcrash.MainActivity#1
10-08 11:21:15.575  1430  1452 D hwcomposer: hw_composer sent 121 syncs in 388s
10-08 11:21:15.605  1429  1429 D gralloc_ranchu: gralloc_alloc: Creating ashmem region of size 8298496
10-08 11:21:15.655  1429  1429 D gralloc_ranchu: gralloc_alloc: Creating ashmem region of size 8298496
10-08 11:21:15.815  4070  4102 I chatty  : uid=10089(u0_a89) RenderThread expire 17 lines
10-08 11:21:18.590  1423  1602 I chatty  : uid=1041(audioserver) HwBinder:1423_1 expire 2 lines
10-08 11:21:29.853  5346  5356 I zygote  : Background concurrent copying GC freed 132682(5MB) AllocSpace objects, 0(0B) LOS objects, 49% free, 5MB/11MB, paused 3.861ms total 102.491ms
10-08 11:21:30.166  1429  1429 D gralloc_ranchu: gralloc_alloc: Creating ashmem region of size 208896
10-08 11:21:30.173  1429  1429 D gralloc_ranchu: gralloc_alloc: Creating ashmem region of size 208896
10-08 11:21:32.111  1698  1698 W WindowManager: removeWindowToken: Attempted to remove non-existing token: android.os.Binder@63ba09e
10-08 11:21:36.616  1429  1429 D gralloc_ranchu: gralloc_alloc: Creating ashmem region of size 208896
10-08 11:21:36.628  1429  1429 D gralloc_ranchu: gralloc_alloc: Creating ashmem region of size 208896
10-08 11:21:38.572  1698  1698 W WindowManager: removeWindowToken: Attempted to remove non-existing token: android.os.Binder@c6a4c9b
10-08 11:21:47.310  1436  1436 I qemu-props: start adbd ...
10-08 11:21:54.375  1698  1712 I ActivityManager: Killing 2022:com.google.android.apps.photos/u0a66 (adj 904): empty for 1803s
10-08 11:21:54.386  1698  1711 E memtrack: Couldn't load memtrack module
10-08 11:21:54.386  1698  1711 W android.os.Debug: failed to get memory consumption info: -1
10-08 11:21:54.418  5346  3868 E WakeLock: GCM_HB_ALARM release without a matched acquire!
10-08 11:21:54.457  1698  1711 E memtrack: Couldn't load memtrack module
10-08 11:21:54.457  1698  1711 W android.os.Debug: failed to get memory consumption info: -1
10-08 11:21:57.107  1429  1429 D gralloc_ranchu: gralloc_alloc: Creating ashmem region of size 208896
10-08 11:21:57.129  1429  1429 D gralloc_ranchu: gralloc_alloc: Creating ashmem region of size 208896
10-08 11:21:57.632  4070  4159 I chatty  : uid=10089(u0_a89) .0.2.2:8081/... expire 15 lines
10-08 11:21:57.633  4070  4126 I chatty  : uid=10089(u0_a89) .0.2.2:8081/... expire 15 lines
10-08 11:21:57.635  4070  4188 I chatty  : uid=10089(u0_a89) .0.2.2:8081/... expire 15 lines
10-08 11:21:57.655  4070  4174 I chatty  : uid=10089(u0_a89) .0.2.2:8081/... expire 12 lines
10-08 11:21:57.663  4070  4196 I chatty  : uid=10089(u0_a89) .0.2.2:8081/... expire 11 lines
10-08 11:21:57.886  1429  1429 D gralloc_ranchu: gralloc_alloc: Creating ashmem region of size 344064
10-08 11:21:57.902  1429  1429 D gralloc_ranchu: gralloc_alloc: Creating ashmem region of size 344064
10-08 11:21:58.902  4070  4219 I chatty  : uid=10089(u0_a89) com.rnsharedcrash expire 5 lines
10-08 11:21:58.982  4070  4221 I chatty  : uid=10089(u0_a89) com.rnsharedcrash expire 42 lines
10-08 11:21:59.030  1698  1698 W WindowManager: removeWindowToken: Attempted to remove non-existing token: android.os.Binder@b171777
10-08 11:21:59.932  4070  4091 I chatty  : uid=10089(u0_a89) AsyncTask #1 expire 2 lines
10-08 11:22:02.301  4070  4220 I chatty  : uid=10089(u0_a89) com.rnsharedcrash expire 1 line
10-08 11:22:03.111  4070  4205 I chatty  : uid=10089(u0_a89) .0.2.2:8081/... expire 12 lines
10-08 11:22:04.395  1698  1711 E memtrack: Couldn't load memtrack module
10-08 11:22:04.395  1698  1711 W android.os.Debug: failed to get memory consumption info: -1
10-08 11:22:47.317  1436  1436 I qemu-props: start adbd ...
10-08 11:23:00.005  1698  1698 I ActivityManager: Killing 32523:android.process.media/u0a9 (adj 906): empty for 1852s
10-08 11:23:00.010  1698  1711 E memtrack: Couldn't load memtrack module
10-08 11:23:00.010  1698  1711 W android.os.Debug: failed to get memory consumption info: -1
10-08 11:23:00.014  1698  1711 E memtrack: Couldn't load memtrack module
10-08 11:23:00.014  1698  1711 W android.os.Debug: failed to get memory consumption info: -1
10-08 11:23:06.457  6225  6241 I Finsky  : [323] ifl.run(3): Stats for Executor: BlockingExecutor igw@ada9241[Running, pool size = 0, active threads = 0, queued tasks = 0, completed tasks = 116]
10-08 11:23:06.457  6225  6241 I Finsky  : [323] ifl.run(3): Stats for Executor: LightweightExecutor igw@6e643e6[Running, pool size = 3, active threads = 0, queued tasks = 0, completed tasks = 61]
10-08 11:23:06.458  6225  6241 I Finsky  : [323] ifl.run(3): Stats for Executor: bgExecutor igw@29f2d27[Running, pool size = 4, active threads = 0, queued tasks = 0, completed tasks = 3562]
10-08 11:23:12.532  1698  1711 E memtrack: Couldn't load memtrack module
10-08 11:23:12.533  1698  1711 W android.os.Debug: failed to get memory consumption info: -1
10-08 11:23:12.550  1698  1711 E memtrack: Couldn't load memtrack module
10-08 11:23:12.550  1698  1711 W android.os.Debug: failed to get memory consumption info: -1
10-08 11:23:12.568  1698  1711 E memtrack: Couldn't load memtrack module
10-08 11:23:12.568  1698  1711 W android.os.Debug: failed to get memory consumption info: -1
10-08 11:23:14.361  1438  1438 D SurfaceFlinger: duplicate layer name: changing com.rnsharedcrash/com.rnsharedcrash.MainActivity to com.rnsharedcrash/com.rnsharedcrash.MainActivity#1
10-08 11:23:14.372  1429  1429 D gralloc_ranchu: gralloc_alloc: Creating ashmem region of size 8298496
10-08 11:23:14.391  1429  1429 D gralloc_ranchu: gralloc_alloc: Creating ashmem region of size 8298496
10-08 11:23:15.515  1698  4428 D WificondControl: Scan result ready event
10-08 11:23:44.648  5346  3868 E WakeLock: GCM_HB_ALARM release without a matched acquire!
10-08 11:23:47.328  1436  1436 I qemu-props: start adbd ...
10-08 11:24:12.344  1698  1715 E BatteryStatsService: modem info is invalid: ModemActivityInfo{ mTimestamp=0 mSleepTimeMs=0 mIdleTimeMs=0 mTxTimeMs[]=[0, 0, 0, 0, 0] mRxTimeMs=0 mEnergyUsed=0}
10-08 11:24:47.331  1436  1436 I qemu-props: start adbd ...
10-08 11:25:00.017  1698  1711 E memtrack: Couldn't load memtrack module
10-08 11:25:00.017  1698  1711 W android.os.Debug: failed to get memory consumption info: -1
10-08 11:25:34.872  5346  3868 E WakeLock: GCM_HB_ALARM release without a matched acquire!
10-08 11:25:35.118  5359  4063 I EventLogChimeraService: Aggregate from 1559689292234 (log), 1559689292234 (data)
10-08 11:25:35.499  1698  1712 W BroadcastQueue: Background execution not allowed: receiving Intent { act=android.intent.action.DROPBOX_ENTRY_ADDED flg=0x10 (has extras) } to com.google.android.gms/.stats.service.DropBoxEntryAddedReceiver
10-08 11:25:35.500  1698  1712 W BroadcastQueue: Background execution not allowed: receiving Intent { act=android.intent.action.DROPBOX_ENTRY_ADDED flg=0x10 (has extras) } to com.google.android.gms/.chimera.GmsIntentOperationService$PersistentTrustedReceiver
10-08 11:25:47.336  1436  1436 I qemu-props: start adbd ...
10-08 11:25:55.506  1698  7093 D WificondControl: Scan result ready event
10-08 11:26:00.578  1698  7091 I zygote  : IncrementDisableThreadFlip blocked for 6.080ms
10-08 11:26:00.684  1698  1707 I zygote  : Background concurrent copying GC freed 93095(3MB) AllocSpace objects, 2(72KB) LOS objects, 37% free, 10MB/16MB, paused 6.312ms total 114.942ms
10-08 11:26:06.461  6225  6241 I Finsky  : [323] ifl.run(3): Stats for Executor: BlockingExecutor igw@ada9241[Running, pool size = 0, active threads = 0, queued tasks = 0, completed tasks = 116]
10-08 11:26:06.461  6225  6241 I Finsky  : [323] ifl.run(3): Stats for Executor: LightweightExecutor igw@6e643e6[Running, pool size = 3, active threads = 0, queued tasks = 0, completed tasks = 61]
10-08 11:26:06.461  6225  6241 I Finsky  : [323] ifl.run(3): Stats for Executor: bgExecutor igw@29f2d27[Running, pool size = 4, active threads = 0, queued tasks = 0, completed tasks = 3563]
10-08 11:26:47.339  1436  1436 I qemu-props: start adbd ...
10-08 11:26:52.549  1698  1711 E memtrack: Couldn't load memtrack module
10-08 11:26:52.549  1698  1711 W android.os.Debug: failed to get memory consumption info: -1
10-08 11:27:00.002  1698  1711 E memtrack: Couldn't load memtrack module
10-08 11:27:00.002  1698  1711 W android.os.Debug: failed to get memory consumption info: -1
10-08 11:27:25.087  1698  1711 E memtrack: Couldn't load memtrack module
10-08 11:27:25.087  1698  1711 W android.os.Debug: failed to get memory consumption info: -1
10-08 11:27:25.092  5346  3868 E WakeLock: GCM_HB_ALARM release without a matched acquire!
10-08 11:27:46.893  6225  6274 I PlayCommon: [354] adkp.d(23): Preparing logs for uploading
10-08 11:27:46.895  6225  6274 W PlayCommon: [354] adkp.a(1): No account for auth token provided
10-08 11:27:46.895  6225  6274 I PlayCommon: [354] adkp.d(114): Connecting to server: https://play.googleapis.com/play/log?format=raw&proto_v2=true
10-08 11:27:47.236  6225  6274 I PlayCommon: [354] adkp.d(162): Successfully uploaded logs.
10-08 11:27:47.344  1436  1436 I qemu-props: start adbd ...
10-08 11:27:51.263  1698  1715 E BatteryStatsService: modem info is invalid: ModemActivityInfo{ mTimestamp=0 mSleepTimeMs=0 mIdleTimeMs=0 mTxTimeMs[]=[0, 0, 0, 0, 0] mRxTimeMs=0 mEnergyUsed=0}
10-08 11:28:35.504  1698  4428 D WificondControl: Scan result ready event
10-08 11:28:47.346  1436  1436 I qemu-props: start adbd ...
10-08 11:29:06.463  6225  6241 I Finsky  : [323] ifl.run(3): Stats for Executor: BlockingExecutor igw@ada9241[Running, pool size = 0, active threads = 0, queued tasks = 0, completed tasks = 116]
10-08 11:29:06.464  6225  6241 I Finsky  : [323] ifl.run(3): Stats for Executor: LightweightExecutor igw@6e643e6[Running, pool size = 3, active threads = 0, queued tasks = 0, completed tasks = 61]
10-08 11:29:06.464  6225  6241 I Finsky  : [323] ifl.run(3): Stats for Executor: bgExecutor igw@29f2d27[Running, pool size = 4, active threads = 0, queued tasks = 0, completed tasks = 3564]
10-08 11:29:15.309  5346  3868 E WakeLock: GCM_HB_ALARM release without a matched acquire!
10-08 11:29:24.333  1698  6886 I ActivityManager: Killing 2656:com.google.android.videos/u0a72 (adj 906): empty for 1803s
10-08 11:29:24.340  1698  1711 E memtrack: Couldn't load memtrack module
10-08 11:29:24.340  1698  1711 W android.os.Debug: failed to get memory consumption info: -1
10-08 11:29:24.376  1429  1429 D gralloc_ranchu: gralloc_alloc: Creating ashmem region of size 208896
10-08 11:29:24.385  1429  1429 I chatty  : uid=1000(system) allocator@2.0-s identical 10 lines
10-08 11:29:24.388  1429  1429 D gralloc_ranchu: gralloc_alloc: Creating ashmem region of size 208896
10-08 11:29:25.303  1698  1711 E memtrack: Couldn't load memtrack module
10-08 11:29:25.304  1698  1711 W android.os.Debug: failed to get memory consumption info: -1
10-08 11:29:26.351  1698  1698 W WindowManager: removeWindowToken: Attempted to remove non-existing token: android.os.Binder@c00e04f
10-08 11:29:26.352  1698  1698 I ActivityManager: Killing 1700:com.google.android.gms.unstable/u0a11 (adj 904): empty for 1800s
10-08 11:29:47.355  1436  1436 I qemu-props: start adbd ...
10-08 11:30:04.540  1429  1429 D gralloc_ranchu: gralloc_alloc: Creating ashmem region of size 208896
10-08 11:30:04.552  1429  1429 D gralloc_ranchu: gralloc_alloc: Creating ashmem region of size 208896
10-08 11:30:06.516  1698  1698 W WindowManager: removeWindowToken: Attempted to remove non-existing token: android.os.Binder@fa541c8
10-08 11:30:47.361  1436  1436 I qemu-props: start adbd ...
10-08 11:31:00.004  1698  1711 E memtrack: Couldn't load memtrack module
10-08 11:31:00.004  1698  1711 W android.os.Debug: failed to get memory consumption info: -1
10-08 11:31:05.524  5346  3868 E WakeLock: GCM_HB_ALARM release without a matched acquire!
10-08 11:31:12.616  6639  4258 W CookieHeaderHelper: Auth token not ready, no auth header set.
10-08 11:31:12.653  6639  4258 I zygote  : Deoptimizing void com.google.common.util.concurrent.aq.a(java.lang.Runnable, java.util.concurrent.Executor) due to JIT inline cache
10-08 11:31:13.370  1430  1452 D hwcomposer: hw_composer sent 4 syncs in 597s
10-08 11:31:16.044  1698  2301 D WificondControl: Scan result ready event
10-08 11:31:47.364  1436  1436 I qemu-props: start adbd ...
10-08 11:31:51.329  4070  4196 I chatty  : uid=10089(u0_a89) .0.2.2:8081/... expire 10 lines
10-08 11:31:51.332  4070  4174 I chatty  : uid=10089(u0_a89) .0.2.2:8081/... expire 10 lines
10-08 11:31:51.348  1698  7092 I ActivityManager: Killing 1488:com.google.android.youtube/u0a78 (adj 906): empty for 1833s
10-08 11:31:51.355  1698  1711 E memtrack: Couldn't load memtrack module
10-08 11:31:51.355  1698  1711 W android.os.Debug: failed to get memory consumption info: -1
10-08 11:31:51.380  1429  1429 D gralloc_ranchu: gralloc_alloc: Creating ashmem region of size 208896
10-08 11:31:51.387  1429  1429 D gralloc_ranchu: gralloc_alloc: Creating ashmem region of size 208896
10-08 11:31:51.399  1698  1711 E memtrack: Couldn't load memtrack module
10-08 11:31:51.399  1698  1711 W android.os.Debug: failed to get memory consumption info: -1
10-08 11:31:51.491  1698  2398 D ConnectivityService: ConnectivityService NetworkRequestInfo binderDied(NetworkRequest [ LISTEN id=15, [ Capabilities: INTERNET&NOT_RESTRICTED&TRUSTED&FOREGROUND] ], android.os.BinderProxy@2108955)
10-08 11:31:51.509  1698  1881 E ConnectivityService: RemoteException caught trying to send a callback msg for NetworkRequest [ LISTEN id=15, [ Capabilities: INTERNET&NOT_RESTRICTED&TRUSTED&FOREGROUND] ]
10-08 11:31:53.357  4070  4102 I chatty  : uid=10089(u0_a89) RenderThread expire 20 lines
10-08 11:31:53.360  1698  1698 W WindowManager: removeWindowToken: Attempted to remove non-existing token: android.os.Binder@8521b5e
10-08 11:31:57.995  1438  1438 D SurfaceFlinger: duplicate layer name: changing com.rnsharedcrash/com.rnsharedcrash.MainActivity to com.rnsharedcrash/com.rnsharedcrash.MainActivity#1
10-08 11:31:58.001  1429  1429 D gralloc_ranchu: gralloc_alloc: Creating ashmem region of size 7249920
10-08 11:31:58.023  1429  1429 D gralloc_ranchu: gralloc_alloc: Creating ashmem region of size 7249920
10-08 11:31:59.262  1429  1429 D gralloc_ranchu: gralloc_alloc: Creating ashmem region of size 344064
10-08 11:31:59.277  1429  1429 D gralloc_ranchu: gralloc_alloc: Creating ashmem region of size 344064
10-08 11:31:59.639  4070  4070 I chatty  : uid=10089(u0_a89) com.rnsharedcrash expire 17 lines
10-08 11:31:59.658  4070  4270 I chatty  : uid=10089(u0_a89) com.rnsharedcrash expire 5 lines
10-08 11:31:59.687  4070  4272 I chatty  : uid=10089(u0_a89) com.rnsharedcrash expire 42 lines
10-08 11:32:00.797  4070  4271 I chatty  : uid=10089(u0_a89) com.rnsharedcrash expire 3 lines
10-08 11:32:01.101  4070  4126 I chatty  : uid=10089(u0_a89) .0.2.2:8081/... expire 16 lines
10-08 11:32:01.103  4070  4159 I chatty  : uid=10089(u0_a89) .0.2.2:8081/... expire 16 lines
10-08 11:32:01.106  4070  4226 I chatty  : uid=10089(u0_a89) .0.2.2:8081/... expire 22 lines
10-08 11:32:01.107  4070  4188 I chatty  : uid=10089(u0_a89) .0.2.2:8081/... expire 16 lines
10-08 11:32:01.110  4070  4205 I chatty  : uid=10089(u0_a89) .0.2.2:8081/... expire 10 lines
10-08 11:32:02.395  1423  8503 I chatty  : uid=1041(audioserver) HwBinder:1423_3 expire 1 line
10-08 11:32:06.466  6225  6241 I Finsky  : [323] ifl.run(3): Stats for Executor: BlockingExecutor igw@ada9241[Running, pool size = 0, active threads = 0, queued tasks = 0, completed tasks = 116]
10-08 11:32:06.467  6225  6241 I Finsky  : [323] ifl.run(3): Stats for Executor: LightweightExecutor igw@6e643e6[Running, pool size = 3, active threads = 0, queued tasks = 0, completed tasks = 61]
10-08 11:32:06.467  6225  6241 I Finsky  : [323] ifl.run(3): Stats for Executor: bgExecutor igw@29f2d27[Running, pool size = 4, active threads = 0, queued tasks = 0, completed tasks = 3564]
10-08 11:32:13.749  1429  1429 D gralloc_ranchu: gralloc_alloc: Creating ashmem region of size 208896
10-08 11:32:13.765  1429  1429 D gralloc_ranchu: gralloc_alloc: Creating ashmem region of size 208896
10-08 11:32:14.634  1430  1452 D hwcomposer: hw_composer sent 2401 syncs in 62s
10-08 11:32:14.778  1438  1438 D SurfaceFlinger: duplicate layer name: changing com.rnsharedcrash/com.rnsharedcrash.MainActivity to com.rnsharedcrash/com.rnsharedcrash.MainActivity#1
10-08 11:32:14.791  1429  1429 D gralloc_ranchu: gralloc_alloc: Creating ashmem region of size 8298496
10-08 11:32:14.818  1429  1429 D gralloc_ranchu: gralloc_alloc: Creating ashmem region of size 8298496
10-08 11:32:15.690  1698  1698 W WindowManager: removeWindowToken: Attempted to remove non-existing token: android.os.Binder@e6d2bd3
10-08 11:32:21.870  1698  1707 I zygote  : Background concurrent copying GC freed 114216(6MB) AllocSpace objects, 6(148KB) LOS objects, 36% free, 10MB/16MB, paused 15.028ms total 216.632ms
10-08 11:32:31.456  1429  1429 D gralloc_ranchu: gralloc_alloc: Creating ashmem region of size 208896
10-08 11:32:31.465  1429  1429 D gralloc_ranchu: gralloc_alloc: Creating ashmem region of size 208896
10-08 11:32:33.392  4070  4196 I chatty  : uid=10089(u0_a89) .0.2.2:8081/... expire 22 lines
10-08 11:32:33.397  4070  4174 I chatty  : uid=10089(u0_a89) .0.2.2:8081/... expire 21 lines
10-08 11:32:33.432  1698  1698 W WindowManager: removeWindowToken: Attempted to remove non-existing token: android.os.Binder@7726541
10-08 11:32:33.548  1438  1438 D SurfaceFlinger: duplicate layer name: changing com.rnsharedcrash/com.rnsharedcrash.MainActivity to com.rnsharedcrash/com.rnsharedcrash.MainActivity#2
10-08 11:32:33.585  1429  1429 D gralloc_ranchu: gralloc_alloc: Creating ashmem region of size 8298496
10-08 11:32:33.612  1429  1429 D gralloc_ranchu: gralloc_alloc: Creating ashmem region of size 8298496
10-08 11:32:42.700  1698  1715 E BluetoothAdapter: Bluetooth binder is null
10-08 11:32:42.716  1698  1715 E KernelCpuSpeedReader: Failed to read cpu-freq: /sys/devices/system/cpu/cpu0/cpufreq/stats/time_in_state (No such file or directory)
10-08 11:32:42.725  1698  1715 E BatteryStatsService: modem info is invalid: ModemActivityInfo{ mTimestamp=0 mSleepTimeMs=0 mIdleTimeMs=0 mTxTimeMs[]=[0, 0, 0, 0, 0] mRxTimeMs=0 mEnergyUsed=0}
10-08 11:32:47.372  1436  1436 I qemu-props: start adbd ...
10-08 11:32:55.887  5346  3868 E WakeLock: GCM_HB_ALARM release without a matched acquire!
10-08 11:33:01.664  1698  1707 I zygote  : Background concurrent copying GC freed 86374(6MB) AllocSpace objects, 7(260KB) LOS objects, 34% free, 11MB/17MB, paused 4.694ms total 123.520ms
10-08 11:33:17.530  1429  1429 D gralloc_ranchu: gralloc_alloc: Creating ashmem region of size 208896
10-08 11:33:17.539  1429  1429 D gralloc_ranchu: gralloc_alloc: Creating ashmem region of size 208896
10-08 11:33:19.552  1698  1698 W WindowManager: removeWindowToken: Attempted to remove non-existing token: android.os.Binder@d815635
10-08 11:33:20.532  1429  1429 D gralloc_ranchu: gralloc_alloc: Creating ashmem region of size 344064
10-08 11:33:20.578  1429  1429 I chatty  : uid=1000(system) allocator@2.0-s identical 11 lines
10-08 11:33:20.598  1429  1429 D gralloc_ranchu: gralloc_alloc: Creating ashmem region of size 344064
10-08 11:33:20.617  1438  1462 E IPCThreadState: binder thread pool (4 threads) starved for 116 ms
10-08 11:33:21.039  1438  1487 E SurfaceFlinger: Failed to find layer (com.rnsharedcrash/com.rnsharedcrash.MainActivity#2) in layer parent (no-parent).
10-08 11:33:21.477  4070  4305 I chatty  : uid=10089(u0_a89) com.rnsharedcrash expire 5 lines
10-08 11:33:21.583  4070  4307 I chatty  : uid=10089(u0_a89) com.rnsharedcrash expire 42 lines
10-08 11:33:23.360  1423 11420 I chatty  : uid=1041(audioserver) HwBinder:1423_4 expire 1 line
10-08 11:33:28.532  4070  4306 I chatty  : uid=10089(u0_a89) com.rnsharedcrash expire 4 lines
10-08 11:33:28.756  1438  1438 D SurfaceFlinger: duplicate layer name: changing com.rnsharedcrash/com.rnsharedcrash.MainActivity to com.rnsharedcrash/com.rnsharedcrash.MainActivity#1
10-08 11:33:28.765  1429  1429 D gralloc_ranchu: gralloc_alloc: Creating ashmem region of size 8298496
10-08 11:33:28.800  1429  1429 D gralloc_ranchu: gralloc_alloc: Creating ashmem region of size 8298496
10-08 11:33:31.656  1438  1438 D SurfaceFlinger: duplicate layer name: changing com.rnsharedcrash/com.rnsharedcrash.MainActivity to com.rnsharedcrash/com.rnsharedcrash.MainActivity#1
10-08 11:33:31.670  1429  1429 D gralloc_ranchu: gralloc_alloc: Creating ashmem region of size 8298496
10-08 11:33:31.705  1429  1429 D gralloc_ranchu: gralloc_alloc: Creating ashmem region of size 8298496
10-08 11:33:31.814  4070  4102 I chatty  : uid=10089(u0_a89) RenderThread expire 10 lines
10-08 11:33:35.974  1430  1452 D hwcomposer: hw_composer sent 6 syncs in 81s
10-08 11:33:36.560  4070  4205 I chatty  : uid=10089(u0_a89) .0.2.2:8081/... expire 20 lines
10-08 11:33:36.782  4070  4279 I chatty  : uid=10089(u0_a89) .0.2.2:8081/... expire 20 lines
10-08 11:33:37.593  4070  4226 I chatty  : uid=10089(u0_a89) .0.2.2:8081/... expire 12 lines
10-08 11:33:37.606  4070  4188 I chatty  : uid=10089(u0_a89) .0.2.2:8081/... expire 14 lines
10-08 11:33:37.610  4070  4159 I chatty  : uid=10089(u0_a89) .0.2.2:8081/... expire 14 lines
10-08 11:33:37.610  4070  4126 I chatty  : uid=10089(u0_a89) .0.2.2:8081/... expire 14 lines
10-08 11:33:37.806  4070  4084 I chatty  : uid=10089(u0_a89) HeapTaskDaemon expire 5 lines
10-08 11:33:41.852  1698  1707 I zygote  : Background concurrent copying GC freed 97107(7MB) AllocSpace objects, 4(80KB) LOS objects, 34% free, 11MB/17MB, paused 22.667ms total 243.587ms
10-08 11:33:43.005  4070  4196 I chatty  : uid=10089(u0_a89) .0.2.2:8081/... expire 11 lines
10-08 11:33:43.014  4070  4174 I chatty  : uid=10089(u0_a89) .0.2.2:8081/... expire 13 lines
10-08 11:33:45.011  1698  1698 W WindowManager: removeWindowToken: Attempted to remove non-existing token: android.os.Binder@c06b56e
10-08 11:33:52.010  1436  1436 I qemu-props: start adbd ...
10-08 11:33:52.102  4070  4070 I chatty  : uid=10089(u0_a89) com.rnsharedcrash expire 10 lines
10-08 11:33:52.199  1698  1708 W WindowManager: Failed looking up window callers=com.android.server.wm.WindowManagerService.windowForClientLocked:5704 com.android.server.wm.WindowManagerService.relayoutWindow:1903 com.android.server.wm.Session.relayout:232 
10-08 11:33:52.371  1698  3346 W WindowManager: Failed looking up window callers=com.android.server.wm.WindowManagerService.windowForClientLocked:5704 com.android.server.wm.WindowManagerService.removeWindow:1687 com.android.server.wm.Session.remove:216 
10-08 11:33:52.417  1438  1438 D SurfaceFlinger: duplicate layer name: changing com.rnsharedcrash/com.rnsharedcrash.MainActivity to com.rnsharedcrash/com.rnsharedcrash.MainActivity#1
10-08 11:33:52.430  1429  1429 D gralloc_ranchu: gralloc_alloc: Creating ashmem region of size 8298496
10-08 11:33:52.459  1429  1429 D gralloc_ranchu: gralloc_alloc: Creating ashmem region of size 8298496
10-08 11:33:52.707  1698  1711 E memtrack: Couldn't load memtrack module
10-08 11:33:52.707  1698  1711 W android.os.Debug: failed to get memory consumption info: -1
10-08 11:33:55.606  1698  2301 D WificondControl: Scan result ready event
10-08 11:34:46.631  5346  3868 E WakeLock: GCM_HB_ALARM release without a matched acquire!
10-08 11:34:46.804  5346 25760 I zygote  : Deoptimizing void braw.e(int, long) due to JIT inline cache
10-08 11:34:49.349  4070  4159 I chatty  : uid=10089(u0_a89) .0.2.2:8081/... expire 10 lines
10-08 11:34:49.349  4070  4126 I chatty  : uid=10089(u0_a89) .0.2.2:8081/... expire 12 lines
10-08 11:34:49.351  4070  4279 I chatty  : uid=10089(u0_a89) .0.2.2:8081/... expire 12 lines
10-08 11:34:49.352  4070  4188 I chatty  : uid=10089(u0_a89) .0.2.2:8081/... expire 10 lines
10-08 11:34:49.352  4070  4205 I chatty  : uid=10089(u0_a89) .0.2.2:8081/... expire 11 lines
10-08 11:34:49.385  1429  1429 D gralloc_ranchu: gralloc_alloc: Creating ashmem region of size 208896
10-08 11:34:49.388  1429  1429 D gralloc_ranchu: gralloc_alloc: Creating ashmem region of size 208896
10-08 11:34:49.528  1429  1429 D gralloc_ranchu: gralloc_alloc: Creating ashmem region of size 344064
10-08 11:34:49.535  1429  1429 D gralloc_ranchu: gralloc_alloc: Creating ashmem region of size 344064
10-08 11:34:49.744  4070  4347 I chatty  : uid=10089(u0_a89) com.rnsharedcrash expire 5 lines
10-08 11:34:49.761  4070  4349 I chatty  : uid=10089(u0_a89) com.rnsharedcrash expire 42 lines
10-08 11:34:50.329  4070  4348 I chatty  : uid=10089(u0_a89) com.rnsharedcrash expire 17 lines
10-08 11:34:50.530  1438  1438 D SurfaceFlinger: duplicate layer name: changing com.rnsharedcrash/com.rnsharedcrash.MainActivity to com.rnsharedcrash/com.rnsharedcrash.MainActivity#1
10-08 11:34:50.537  1429  1429 D gralloc_ranchu: gralloc_alloc: Creating ashmem region of size 8298496
10-08 11:34:50.554  1429  1429 D gralloc_ranchu: gralloc_alloc: Creating ashmem region of size 8298496
10-08 11:34:50.598  4070  4317 I chatty  : uid=10089(u0_a89) .0.2.2:8081/... expire 10 lines
10-08 11:34:51.366  1698  1698 W WindowManager: removeWindowToken: Attempted to remove non-existing token: android.os.Binder@5db0ea0
10-08 11:34:51.665  1698  1707 I zygote  : Background concurrent copying GC freed 82553(6MB) AllocSpace objects, 4(80KB) LOS objects, 34% free, 11MB/17MB, paused 2.583ms total 128.135ms
10-08 11:34:52.026  1436  1436 I qemu-props: start adbd ...
10-08 11:34:54.698  4070  4226 I chatty  : uid=10089(u0_a89) .0.2.2:8081/... expire 12 lines
10-08 11:34:54.718  1429  1429 D gralloc_ranchu: gralloc_alloc: Creating ashmem region of size 208896
10-08 11:34:54.721  1429  1429 D gralloc_ranchu: gralloc_alloc: Creating ashmem region of size 208896
10-08 11:34:54.726  4070  4102 I chatty  : uid=10089(u0_a89) RenderThread expire 10 lines
10-08 11:34:55.045  1438  1438 D SurfaceFlinger: duplicate layer name: changing com.rnsharedcrash/com.rnsharedcrash.MainActivity to com.rnsharedcrash/com.rnsharedcrash.MainActivity#2
10-08 11:34:55.054  1429  1429 D gralloc_ranchu: gralloc_alloc: Creating ashmem region of size 8298496
10-08 11:34:55.064  1429  1429 D gralloc_ranchu: gralloc_alloc: Creating ashmem region of size 8298496
10-08 11:34:55.084  1429  1429 D gralloc_ranchu: gralloc_alloc: Creating ashmem region of size 8298496
10-08 11:34:56.710  1698  1698 W WindowManager: removeWindowToken: Attempted to remove non-existing token: android.os.Binder@bf40af6
10-08 11:35:06.491  6225  6241 I Finsky  : [323] ifl.run(3): Stats for Executor: BlockingExecutor igw@ada9241[Running, pool size = 0, active threads = 0, queued tasks = 0, completed tasks = 116]
10-08 11:35:06.491  6225  6241 I Finsky  : [323] ifl.run(3): Stats for Executor: LightweightExecutor igw@6e643e6[Running, pool size = 3, active threads = 0, queued tasks = 0, completed tasks = 61]
10-08 11:35:06.491  6225  6241 I Finsky  : [323] ifl.run(3): Stats for Executor: bgExecutor igw@29f2d27[Running, pool size = 4, active threads = 0, queued tasks = 0, completed tasks = 3565]
10-08 11:35:17.555  1429  1429 D gralloc_ranchu: gralloc_alloc: Creating ashmem region of size 208896
10-08 11:35:17.560  1429  1429 D gralloc_ranchu: gralloc_alloc: Creating ashmem region of size 208896
10-08 11:35:17.631  4070  4205 I chatty  : uid=10089(u0_a89) .0.2.2:8081/... expire 10 lines
10-08 11:35:17.631  4070  4174 I chatty  : uid=10089(u0_a89) .0.2.2:8081/... expire 10 lines
10-08 11:35:17.632  4070  4188 I chatty  : uid=10089(u0_a89) .0.2.2:8081/... expire 11 lines
10-08 11:35:17.632  4070  4196 I chatty  : uid=10089(u0_a89) .0.2.2:8081/... expire 11 lines
10-08 11:35:17.633  4070  4159 I chatty  : uid=10089(u0_a89) .0.2.2:8081/... expire 11 lines
10-08 11:35:19.533  1698  1698 W WindowManager: removeWindowToken: Attempted to remove non-existing token: android.os.Binder@d7d82ce
10-08 11:35:21.165  1423  8296 I chatty  : uid=1041(audioserver) writer expire 3 lines
10-08 11:35:21.168  4070  4348 I chatty  : uid=10089(u0_a89) com.rnsharedcrash expire 3 lines
10-08 11:35:21.230  1438  1438 D SurfaceFlinger: duplicate layer name: changing com.rnsharedcrash/com.rnsharedcrash.MainActivity to com.rnsharedcrash/com.rnsharedcrash.MainActivity#1
10-08 11:35:21.234  1429  1429 D gralloc_ranchu: gralloc_alloc: Creating ashmem region of size 8298496
10-08 11:35:21.258  1429  1429 D gralloc_ranchu: gralloc_alloc: Creating ashmem region of size 8298496
10-08 11:35:24.395  1423  1423 I chatty  : uid=1041(audioserver) audio@2.0-servi expire 2 lines
10-08 11:35:34.499  4070  4126 I chatty  : uid=10089(u0_a89) .0.2.2:8081/... expire 12 lines
10-08 11:35:34.500  4070  4279 I chatty  : uid=10089(u0_a89) .0.2.2:8081/... expire 12 lines
10-08 11:35:34.522  1429  1429 D gralloc_ranchu: gralloc_alloc: Creating ashmem region of size 208896
10-08 11:35:34.525  1429  1429 D gralloc_ranchu: gralloc_alloc: Creating ashmem region of size 208896
10-08 11:35:34.614  4070  4317 I chatty  : uid=10089(u0_a89) .0.2.2:8081/... expire 11 lines
10-08 11:35:36.514  1698  1698 W WindowManager: removeWindowToken: Attempted to remove non-existing token: android.os.Binder@22fbb01
10-08 11:35:38.017  4070  4070 I chatty  : uid=10089(u0_a89) com.rnsharedcrash expire 3 lines
10-08 11:35:38.040  1438  1438 D SurfaceFlinger: duplicate layer name: changing com.rnsharedcrash/com.rnsharedcrash.MainActivity to com.rnsharedcrash/com.rnsharedcrash.MainActivity#1
10-08 11:35:38.045  1429  1429 D gralloc_ranchu: gralloc_alloc: Creating ashmem region of size 8298496
10-08 11:35:38.052  1429  1429 I chatty  : uid=1000(system) allocator@2.0-s identical 14 lines
10-08 11:35:38.059  1429  1429 D gralloc_ranchu: gralloc_alloc: Creating ashmem region of size 8298496
10-08 11:35:52.030  1436  1436 I qemu-props: start adbd ...
10-08 11:36:00.005  1698  1711 E memtrack: Couldn't load memtrack module
10-08 11:36:00.005  1698  1711 W android.os.Debug: failed to get memory consumption info: -1
10-08 11:36:11.701  1698  1707 I zygote  : Background concurrent copying GC freed 96523(7MB) AllocSpace objects, 4(80KB) LOS objects, 35% free, 11MB/17MB, paused 7.259ms total 150.234ms
10-08 11:36:32.656  1698  1698 W ActivityManager: Slow operation: 52ms so far, now at startProcess: returned from zygote!
10-08 11:36:32.657  1698  1698 W ActivityManager: Slow operation: 52ms so far, now at startProcess: done updating battery stats
10-08 11:36:32.657  1698  1698 W ActivityManager: Slow operation: 53ms so far, now at startProcess: building log message
10-08 11:36:32.658  1698  1698 I ActivityManager: Start proc 4402:com.google.android.partnersetup/u0a16 for service com.google.android.partnersetup/.InstalledAppJobService
10-08 11:36:32.658  1698  1698 W ActivityManager: Slow operation: 53ms so far, now at startProcess: starting to update pids map
10-08 11:36:32.659  1698  1698 W ActivityManager: Slow operation: 54ms so far, now at startProcess: done updating pids map
10-08 11:36:32.659  1698  1698 W ActivityManager: Slow operation: 58ms so far, now at startProcess: done starting proc!
10-08 11:36:32.685  4402  4402 W zygote  : Unexpected CPU variant for X86 using defaults: x86
10-08 11:36:35.566  1698  2381 D WificondControl: Scan result ready event
10-08 11:36:36.846  5346  3868 E WakeLock: GCM_HB_ALARM release without a matched acquire!
10-08 11:36:40.336  1698  1715 E BatteryStatsService: modem info is invalid: ModemActivityInfo{ mTimestamp=0 mSleepTimeMs=0 mIdleTimeMs=0 mTxTimeMs[]=[0, 0, 0, 0, 0] mRxTimeMs=0 mEnergyUsed=0}
10-08 11:36:41.993  1698  1707 I zygote  : Background concurrent copying GC freed 94221(7MB) AllocSpace objects, 5(128KB) LOS objects, 37% free, 9MB/15MB, paused 6.003ms total 232.186ms
10-08 11:36:45.184  4070  4102 I chatty  : uid=10089(u0_a89) RenderThread expire 17 lines
10-08 11:36:45.456  1429  1429 D gralloc_ranchu: gralloc_alloc: Creating ashmem region of size 208896
10-08 11:36:45.478  1429  1429 D gralloc_ranchu: gralloc_alloc: Creating ashmem region of size 208896
10-08 11:36:47.149  1698  1698 W WindowManager: removeWindowToken: Attempted to remove non-existing token: android.os.Binder@f1033fb
10-08 11:36:52.036  1436  1436 I qemu-props: start adbd ...
10-08 11:37:00.016  1698  1711 E memtrack: Couldn't load memtrack module
10-08 11:37:00.016  1698  1711 W android.os.Debug: failed to get memory consumption info: -1
10-08 11:37:00.092  1698  1711 E memtrack: Couldn't load memtrack module
10-08 11:37:00.092  1698  1711 W android.os.Debug: failed to get memory consumption info: -1
10-08 11:37:07.865  4070  4226 I chatty  : uid=10089(u0_a89) .0.2.2:8081/... expire 18 lines
10-08 11:37:07.902  1698  1711 E memtrack: Couldn't load memtrack module
10-08 11:37:07.902  1698  1711 W android.os.Debug: failed to get memory consumption info: -1
10-08 11:37:07.941  1698  1711 E memtrack: Couldn't load memtrack module
10-08 11:37:07.941  1698  1711 W android.os.Debug: failed to get memory consumption info: -1
10-08 11:37:07.955  1429  1429 D gralloc_ranchu: gralloc_alloc: Creating ashmem region of size 208896
10-08 11:37:07.974  1429  1429 D gralloc_ranchu: gralloc_alloc: Creating ashmem region of size 208896
10-08 11:37:09.912  1698  1698 W WindowManager: removeWindowToken: Attempted to remove non-existing token: android.os.Binder@d0091c4
10-08 11:37:10.126  4070  4159 I chatty  : uid=10089(u0_a89) .0.2.2:8081/... expire 15 lines
10-08 11:37:10.128  4070  4188 I chatty  : uid=10089(u0_a89) .0.2.2:8081/... expire 15 lines
10-08 11:37:10.129  4070  4196 I chatty  : uid=10089(u0_a89) .0.2.2:8081/... expire 15 lines
10-08 11:37:10.130  4070  4174 I chatty  : uid=10089(u0_a89) .0.2.2:8081/... expire 15 lines
10-08 11:37:10.136  4070  4205 I chatty  : uid=10089(u0_a89) .0.2.2:8081/... expire 12 lines
10-08 11:37:10.288  1438  1438 D SurfaceFlinger: duplicate layer name: changing Toast to Toast#1
10-08 11:37:10.322  1429  1429 D gralloc_ranchu: gralloc_alloc: Creating ashmem region of size 208896
10-08 11:37:10.345  1429  1429 D gralloc_ranchu: gralloc_alloc: Creating ashmem region of size 208896
10-08 11:37:12.231  1698  1698 W WindowManager: removeWindowToken: Attempted to remove non-existing token: android.os.Binder@2b2773
10-08 11:37:22.030  1698  1707 I zygote  : Background concurrent copying GC freed 79187(6MB) AllocSpace objects, 4(80KB) LOS objects, 35% free, 11MB/17MB, paused 11.691ms total 360.853ms
10-08 11:37:24.796  4070  4317 I chatty  : uid=10089(u0_a89) .0.2.2:8081/... expire 12 lines
10-08 11:37:24.800  4070  4279 I chatty  : uid=10089(u0_a89) .0.2.2:8081/... expire 12 lines
10-08 11:37:24.804  4070  4126 I chatty  : uid=10089(u0_a89) .0.2.2:8081/... expire 12 lines
10-08 11:37:24.922  1429  1429 D gralloc_ranchu: gralloc_alloc: Creating ashmem region of size 208896
10-08 11:37:24.936  1429  1429 D gralloc_ranchu: gralloc_alloc: Creating ashmem region of size 208896
10-08 11:37:26.839  1698  1698 W WindowManager: removeWindowToken: Attempted to remove non-existing token: android.os.Binder@9a6802e
10-08 11:37:29.836  1429  1429 D gralloc_ranchu: gralloc_alloc: Creating ashmem region of size 208896
10-08 11:37:29.848  1429  1429 D gralloc_ranchu: gralloc_alloc: Creating ashmem region of size 208896
10-08 11:37:31.790  1698  1698 W WindowManager: removeWindowToken: Attempted to remove non-existing token: android.os.Binder@6549065
10-08 11:37:37.876  1429  1429 D gralloc_ranchu: gralloc_alloc: Creating ashmem region of size 208896
10-08 11:37:37.893  1429  1429 D gralloc_ranchu: gralloc_alloc: Creating ashmem region of size 208896
10-08 11:37:39.821  1698  1698 W WindowManager: removeWindowToken: Attempted to remove non-existing token: android.os.Binder@e02cde1
10-08 11:37:42.958  4070  4205 I chatty  : uid=10089(u0_a89) .0.2.2:8081/... expire 21 lines
10-08 11:37:44.565  1430  1452 D hwcomposer: hw_composer sent 60 syncs in 248s
10-08 11:37:44.641  1429  1429 D gralloc_ranchu: gralloc_alloc: Creating ashmem region of size 208896
10-08 11:37:44.684  1429  1429 D gralloc_ranchu: gralloc_alloc: Creating ashmem region of size 208896
10-08 11:37:45.075  1698  1698 W WindowManager: removeWindowToken: Attempted to remove non-existing token: android.os.Binder@50df3f4
10-08 11:37:52.045  1436  1436 I qemu-props: start adbd ...
10-08 11:37:52.443  1698  1707 I zygote  : Background concurrent copying GC freed 87908(6MB) AllocSpace objects, 3(60KB) LOS objects, 37% free, 9MB/15MB, paused 15.163ms total 495.406ms
10-08 11:38:00.011  1698  1711 E memtrack: Couldn't load memtrack module
10-08 11:38:00.011  1698  1711 W android.os.Debug: failed to get memory consumption info: -1
10-08 11:38:06.496  6225  6241 I Finsky  : [323] ifl.run(3): Stats for Executor: BlockingExecutor igw@ada9241[Running, pool size = 0, active threads = 0, queued tasks = 0, completed tasks = 116]
10-08 11:38:06.501  6225  6241 I Finsky  : [323] ifl.run(3): Stats for Executor: LightweightExecutor igw@6e643e6[Running, pool size = 3, active threads = 0, queued tasks = 0, completed tasks = 61]
10-08 11:38:06.502  6225  6241 I Finsky  : [323] ifl.run(3): Stats for Executor: bgExecutor igw@29f2d27[Running, pool size = 4, active threads = 0, queued tasks = 0, completed tasks = 3565]
10-08 11:38:27.072  1698  1711 E memtrack: Couldn't load memtrack module
10-08 11:38:27.072  1698  1711 W android.os.Debug: failed to get memory consumption info: -1
10-08 11:38:27.119  5346  3868 E WakeLock: GCM_HB_ALARM release without a matched acquire!
10-08 11:38:27.174  1698  1711 E memtrack: Couldn't load memtrack module
10-08 11:38:27.174  1698  1711 W android.os.Debug: failed to get memory consumption info: -1
10-08 11:38:27.246  1698  1711 E memtrack: Couldn't load memtrack module
10-08 11:38:27.246  1698  1711 W android.os.Debug: failed to get memory consumption info: -1
10-08 11:38:32.558  1698  1707 I zygote  : Background concurrent copying GC freed 78776(6MB) AllocSpace objects, 4(80KB) LOS objects, 35% free, 11MB/17MB, paused 38.059ms total 887.371ms
10-08 11:38:48.418  4070  4159 I chatty  : uid=10089(u0_a89) .0.2.2:8081/... expire 18 lines
10-08 11:38:48.420  4070  4196 I chatty  : uid=10089(u0_a89) .0.2.2:8081/... expire 18 lines
10-08 11:38:48.422  4070  4126 I chatty  : uid=10089(u0_a89) .0.2.2:8081/... expire 18 lines
10-08 11:38:48.430  4070  4226 I chatty  : uid=10089(u0_a89) .0.2.2:8081/... expire 18 lines
10-08 11:38:48.430  4070  4279 I chatty  : uid=10089(u0_a89) .0.2.2:8081/... expire 18 lines
10-08 11:38:48.439  4070  4174 I chatty  : uid=10089(u0_a89) .0.2.2:8081/... expire 18 lines
10-08 11:38:48.440  4070  4317 I chatty  : uid=10089(u0_a89) .0.2.2:8081/... expire 18 lines
10-08 11:38:48.455  4070  4188 I chatty  : uid=10089(u0_a89) .0.2.2:8081/... expire 12 lines
10-08 11:38:48.662  1429  1429 D gralloc_ranchu: gralloc_alloc: Creating ashmem region of size 208896
10-08 11:38:48.688  1429  1429 D gralloc_ranchu: gralloc_alloc: Creating ashmem region of size 208896
10-08 11:38:50.569  1698  1698 W WindowManager: removeWindowToken: Attempted to remove non-existing token: android.os.Binder@70e5819
10-08 11:38:52.059  1436  1436 I qemu-props: start adbd ...
10-08 11:38:52.485  1429  1429 D gralloc_ranchu: gralloc_alloc: Creating ashmem region of size 208896
10-08 11:38:52.501  1429  1429 D gralloc_ranchu: gralloc_alloc: Creating ashmem region of size 208896
10-08 11:38:52.545  4070  4102 I chatty  : uid=10089(u0_a89) RenderThread expire 10 lines
10-08 11:38:54.439  1698  1698 W WindowManager: removeWindowToken: Attempted to remove non-existing token: android.os.Binder@10fcd8c
10-08 11:39:05.954  1429  1429 D gralloc_ranchu: gralloc_alloc: Creating ashmem region of size 208896
10-08 11:39:05.965  1429  1429 D gralloc_ranchu: gralloc_alloc: Creating ashmem region of size 208896
10-08 11:39:07.902  1698  1698 W WindowManager: removeWindowToken: Attempted to remove non-existing token: android.os.Binder@8b23678
10-08 11:39:11.925  1698  1707 I zygote  : Background concurrent copying GC freed 91135(6MB) AllocSpace objects, 4(80KB) LOS objects, 34% free, 11MB/17MB, paused 21.367ms total 353.670ms
10-08 11:39:15.290  1429  1429 D gralloc_ranchu: gralloc_alloc: Creating ashmem region of size 208896
10-08 11:39:15.309  1429  1429 D gralloc_ranchu: gralloc_alloc: Creating ashmem region of size 208896
10-08 11:39:15.584  1698  1708 D WificondControl: Scan result ready event
10-08 11:39:15.758  4070  4188 I chatty  : uid=10089(u0_a89) .0.2.2:8081/... expire 27 lines
10-08 11:39:17.253  1698  1698 W WindowManager: removeWindowToken: Attempted to remove non-existing token: android.os.Binder@a104224
10-08 11:39:18.383  1429  1429 D gralloc_ranchu: gralloc_alloc: Creating ashmem region of size 208896
10-08 11:39:18.416  1429  1429 D gralloc_ranchu: gralloc_alloc: Creating ashmem region of size 208896
10-08 11:39:20.349  1698  1698 W WindowManager: removeWindowToken: Attempted to remove non-existing token: android.os.Binder@a95b53
10-08 11:39:23.060  4070  4159 I chatty  : uid=10089(u0_a89) .0.2.2:8081/... expire 22 lines
10-08 11:39:23.060  4070  4126 I chatty  : uid=10089(u0_a89) .0.2.2:8081/... expire 22 lines
10-08 11:39:23.061  4070  4226 I chatty  : uid=10089(u0_a89) .0.2.2:8081/... expire 21 lines
10-08 11:39:23.065  4070  4174 I chatty  : uid=10089(u0_a89) .0.2.2:8081/... expire 21 lines
10-08 11:39:23.069  4070  4196 I chatty  : uid=10089(u0_a89) .0.2.2:8081/... expire 21 lines
10-08 11:39:23.071  4070  4205 I chatty  : uid=10089(u0_a89) .0.2.2:8081/... expire 21 lines
10-08 11:39:23.073  4070  4317 I chatty  : uid=10089(u0_a89) .0.2.2:8081/... expire 21 lines
10-08 11:39:23.092  4070  4279 I chatty  : uid=10089(u0_a89) .0.2.2:8081/... expire 18 lines
10-08 11:39:23.181  1429  1429 D gralloc_ranchu: gralloc_alloc: Creating ashmem region of size 208896
10-08 11:39:23.197  1429  1429 D gralloc_ranchu: gralloc_alloc: Creating ashmem region of size 208896
10-08 11:39:25.114  1698  1698 W WindowManager: removeWindowToken: Attempted to remove non-existing token: android.os.Binder@559ad8e
10-08 11:39:27.070  1429  1429 D gralloc_ranchu: gralloc_alloc: Creating ashmem region of size 208896
10-08 11:39:27.082  1429  1429 I chatty  : uid=1000(system) allocator@2.0-s identical 10 lines
10-08 11:39:27.092  1429  1429 D gralloc_ranchu: gralloc_alloc: Creating ashmem region of size 208896
10-08 11:39:27.129  4070  4102 I chatty  : uid=10089(u0_a89) RenderThread expire 11 lines
10-08 11:39:29.007  1698  1698 W WindowManager: removeWindowToken: Attempted to remove non-existing token: android.os.Binder@9362545
10-08 11:39:32.559  1429  1429 D gralloc_ranchu: gralloc_alloc: Creating ashmem region of size 208896
10-08 11:39:32.570  1429  1429 D gralloc_ranchu: gralloc_alloc: Creating ashmem region of size 208896
10-08 11:39:34.541  1698  1698 W WindowManager: removeWindowToken: Attempted to remove non-existing token: android.os.Binder@5c2da8
10-08 11:39:35.669  1429  1429 D gralloc_ranchu: gralloc_alloc: Creating ashmem region of size 208896
10-08 11:39:35.680  1429  1429 D gralloc_ranchu: gralloc_alloc: Creating ashmem region of size 208896
10-08 11:39:36.455  4070  4279 I chatty  : uid=10089(u0_a89) .0.2.2:8081/... expire 12 lines
10-08 11:39:37.640  1698  1698 W WindowManager: removeWindowToken: Attempted to remove non-existing token: android.os.Binder@4bfcfa7
10-08 11:39:40.878  4070  4196 I chatty  : uid=10089(u0_a89) .0.2.2:8081/... expire 12 lines
10-08 11:39:40.880  4070  4205 I chatty  : uid=10089(u0_a89) .0.2.2:8081/... expire 12 lines
10-08 11:39:40.881  4070  4317 I chatty  : uid=10089(u0_a89) .0.2.2:8081/... expire 12 lines
10-08 11:39:40.882  4070  4226 I chatty  : uid=10089(u0_a89) .0.2.2:8081/... expire 12 lines
10-08 11:39:40.883  4070  4188 I chatty  : uid=10089(u0_a89) .0.2.2:8081/... expire 12 lines
10-08 11:39:40.889  4070  4159 I chatty  : uid=10089(u0_a89) .0.2.2:8081/... expire 11 lines
