05-04 08:44:33.989  1698  1712 W BroadcastQueue: Background execution not allowed: receiving Intent { act=android.intent.action.PACKAGE_ADDED dat=package:com.app_compare_react_native flg=0x4000010 (has extras) } to com.google.android.gms/.chimera.GmsIntentOperationService$PersistentTrustedReceiver
05-04 08:44:33.989  1698  1712 W BroadcastQueue: Background execution not allowed: receiving Intent { act=android.intent.action.PACKAGE_ADDED dat=package:com.app_compare_react_native flg=0x4000010 (has extras) } to com.google.android.googlequicksearchbox/com.google.android.apps.gsa.googlequicksearchbox.GelStubAppWatcher
05-04 08:44:34.019  1698  1712 W BroadcastQueue: Background execution not allowed: receiving Intent { act=android.intent.action.PACKAGE_REPLACED dat=package:com.app_compare_react_native flg=0x4000010 (has extras) } to com.google.android.apps.photos/.account.full.FetchAccountPropertiesAppUpgradeBroadcastReceiver
05-04 08:44:34.019  1698  1712 W BroadcastQueue: Background execution not allowed: receiving Intent { act=android.intent.action.PACKAGE_REPLACED dat=package:com.app_compare_react_native flg=0x4000010 (has extras) } to com.google.android.apps.photos/.account.full.SyncAccountsForLoginBroadcastReceiver
05-04 08:44:34.020  1698  1712 W BroadcastQueue: Background execution not allowed: receiving Intent { act=android.intent.action.PACKAGE_REPLACED dat=package:com.app_compare_react_native flg=0x4000010 (has extras) } to com.google.android.apps.photos/.experiments.phenotype.full.PhenotypeAppUpgradeBroadcastReceiver
05-04 08:44:34.020  1698  1712 W BroadcastQueue: Background execution not allowed: receiving Intent { act=android.intent.action.PACKAGE_REPLACED dat=package:com.app_compare_react_native flg=0x4000010 (has extras) } to com.google.android.apps.photos/.notificationchannels.AppUpdateBroadcastReceiver
05-04 08:44:34.020  1698  1712 W BroadcastQueue: Background execution not allowed: receiving Intent { act=android.intent.action.PACKAGE_REPLACED dat=package:com.app_compare_react_native flg=0x4000010 (has extras) } to com.google.android.gms/.gass.chimera.PackageChangeBroadcastReceiver
05-04 08:44:34.031  1698  1712 W BroadcastQueue: Background execution not allowed: receiving Intent { act=android.intent.action.PACKAGE_REPLACED dat=package:com.app_compare_react_native flg=0x4000010 (has extras) } to com.google.android.gms/.chimera.GmsIntentOperationService$PersistentTrustedReceiver
05-04 08:44:34.031  1698  1712 W BroadcastQueue: Background execution not allowed: receiving Intent { act=android.intent.action.PACKAGE_REPLACED dat=package:com.app_compare_react_native flg=0x4000010 (has extras) } to com.google.android.googlequicksearchbox/com.google.android.apps.gsa.googlequicksearchbox.GelStubAppWatcher
05-04 08:44:34.342  1698  1698 I Telecom : DefaultDialerCache: Refreshing default dialer for user 0: now com.google.android.dialer: DDC.oR@ASE
05-04 08:44:34.547  1698  1708 I ActivityManager: START u0 {flg=0x10000000 cmp=com.app_compare_react_native/.MainActivity} from uid 2000
05-04 08:44:34.573  1698  2034 I ActivityManager: Start proc 28061:com.app_compare_react_native/u0a84 for activity com.app_compare_react_native/.MainActivity
05-04 08:44:38.071  1698  1907 E TaskPersister: File error accessing recents directory (directory doesn't exist?).
05-04 08:44:53.189  1698  7089 I ActivityManager: Start proc 28123:com.android.chrome:webview_service/u0a46 for service com.android.chrome/org.chromium.android_webview.services.VariationsSeedServer
05-04 08:46:31.967  1698  1715 E BatteryStatsService: modem info is invalid: ModemActivityInfo{ mTimestamp=0 mSleepTimeMs=0 mIdleTimeMs=0 mTxTimeMs[]=[0, 0, 0, 0, 0] mRxTimeMs=0 mEnergyUsed=0}
05-04 08:46:32.062  1698  4428 I ActivityManager: START u0 {flg=0x10804000 cmp=com.android.systemui/.recents.RecentsActivity} from uid 10028
05-04 08:46:32.858  1698  1709 I ActivityManager: START u0 {act=android.intent.action.MAIN cat=[android.intent.category.HOME] flg=0x10200000 cmp=com.google.android.apps.nexuslauncher/.NexusLauncherActivity} from uid 10028
05-04 08:46:32.878  1698  5336 I ActivityManager: Killing 28061:com.app_compare_react_native/u0a84 (adj 900): remove task
05-04 08:46:32.899  1698  1907 E TaskPersister: File error accessing recents directory (directory doesn't exist?).
05-04 08:46:32.949  1698  7089 I WindowManager: WIN DEATH: Window{fd7b3a4 u0 com.app_compare_react_native/com.app_compare_react_native.MainActivity}
05-04 08:46:32.958  1698  1719 W ActivityManager: setHasOverlayUi called on unknown pid: 28061
05-04 08:46:33.044  6639 27925 E ActivityThread: Failed to find provider info for com.google.android.apps.gsa.testing.ui.audio.recorded
05-04 08:46:35.709  1698  7092 I ActivityManager: START u0 {act=android.intent.action.MAIN cat=[android.intent.category.LAUNCHER] flg=0x10200000 cmp=com.app_compare_react_native/.MainActivity bnds=[283,279][540,609]} from uid 10020
05-04 08:46:35.732  1698  7093 I ActivityManager: Start proc 28163:com.app_compare_react_native/u0a84 for activity com.app_compare_react_native/.MainActivity
05-04 08:46:36.462  1698  1907 E TaskPersister: File error accessing recents directory (directory doesn't exist?).
05-04 08:46:52.574  1698  1813 I ActivityManager: START u0 {act=android.intent.action.MAIN cat=[android.intent.category.HOME] flg=0x10200000 cmp=com.google.android.apps.nexuslauncher/.NexusLauncherActivity (has extras)} from uid 1000
05-04 08:46:52.819  6639 28179 E ActivityThread: Failed to find provider info for com.google.android.apps.gsa.testing.ui.audio.recorded
05-04 08:46:53.570  1698  7089 I ActivityManager: START u0 {flg=0x10804000 cmp=com.android.systemui/.recents.RecentsActivity} from uid 10028
05-04 08:46:54.831  1698  2444 I ActivityManager: Killing 28163:com.app_compare_react_native/u0a84 (adj 900): remove task
05-04 08:46:54.835  1698  2398 I ActivityManager: START u0 {act=android.intent.action.MAIN cat=[android.intent.category.HOME] flg=0x10200000 cmp=com.google.android.apps.nexuslauncher/.NexusLauncherActivity} from uid 10028
05-04 08:46:54.848  1698  1907 E TaskPersister: File error accessing recents directory (directory doesn't exist?).
05-04 08:46:54.894  1698  7091 I WindowManager: WIN DEATH: Window{bc5de60 u0 com.app_compare_react_native/com.app_compare_react_native.MainActivity}
05-04 08:46:54.906  1698  1719 W ActivityManager: setHasOverlayUi called on unknown pid: 28163
05-04 08:46:54.993  6639 28179 E ActivityThread: Failed to find provider info for com.google.android.apps.gsa.testing.ui.audio.recorded
05-04 08:46:56.835  1698  1813 I ActivityManager: START u0 {act=android.intent.action.MAIN cat=[android.intent.category.HOME] flg=0x10200000 cmp=com.google.android.apps.nexuslauncher/.NexusLauncherActivity (has extras)} from uid 1000
05-04 08:46:57.040  1698  1813 I chatty  : uid=1000(system) InputDispatcher identical 1 line
05-04 08:46:57.190  1698  1813 I ActivityManager: START u0 {act=android.intent.action.MAIN cat=[android.intent.category.HOME] flg=0x10200000 cmp=com.google.android.apps.nexuslauncher/.NexusLauncherActivity (has extras)} from uid 1000
05-04 08:46:57.898  1698  1907 E TaskPersister: File error accessing recents directory (directory doesn't exist?).
05-04 08:47:00.028  6639 27925 E ActivityThread: Failed to find provider info for com.google.android.apps.gsa.testing.ui.audio.recorded
05-04 08:49:51.294  6639 27925 I chatty  : uid=10030(u0_a30) com.google.android.googlequicksearchbox:search identical 34 lines
05-04 08:49:56.327  6639 27925 E ActivityThread: Failed to find provider info for com.google.android.apps.gsa.testing.ui.audio.recorded
05-04 08:50:00.003  1698  1698 I ActivityManager: Killing 25761:com.google.android.youtube/u0a78 (adj 904): empty for 1830s
05-04 08:50:00.094  1698  4428 D ConnectivityService: ConnectivityService NetworkRequestInfo binderDied(NetworkRequest [ LISTEN id=12, [ Capabilities: INTERNET&NOT_RESTRICTED&TRUSTED&FOREGROUND] ], android.os.BinderProxy@a26208b)
05-04 08:50:00.100  1698  1881 E ConnectivityService: RemoteException caught trying to send a callback msg for NetworkRequest [ LISTEN id=12, [ Capabilities: INTERNET&NOT_RESTRICTED&TRUSTED&FOREGROUND] ]
05-04 08:50:01.367  6639 27925 E ActivityThread: Failed to find provider info for com.google.android.apps.gsa.testing.ui.audio.recorded
05-04 08:51:11.862  6639 27925 I chatty  : uid=10030(u0_a30) com.google.android.googlequicksearchbox:search identical 14 lines
05-04 08:51:16.900  6639 27925 E ActivityThread: Failed to find provider info for com.google.android.apps.gsa.testing.ui.audio.recorded
05-04 08:51:20.604  1698  1715 E BatteryStatsService: modem info is invalid: ModemActivityInfo{ mTimestamp=0 mSleepTimeMs=0 mIdleTimeMs=0 mTxTimeMs[]=[0, 0, 0, 0, 0] mRxTimeMs=0 mEnergyUsed=0}
05-04 08:51:21.938  6639 27925 E ActivityThread: Failed to find provider info for com.google.android.apps.gsa.testing.ui.audio.recorded
05-04 08:52:52.560  6639 27925 I chatty  : uid=10030(u0_a30) com.google.android.googlequicksearchbox:search identical 18 lines
05-04 08:52:57.595  6639 27925 E ActivityThread: Failed to find provider info for com.google.android.apps.gsa.testing.ui.audio.recorded
05-04 08:53:00.003  1698  1698 I ActivityManager: Killing 27770:com.google.android.calendar/u0a45 (adj 906): empty for 1814s
05-04 08:53:00.004  1698  1698 I ActivityManager: Killing 27783:com.android.providers.calendar/u0a1 (adj 906): empty for 1814s
05-04 08:53:02.623  6639 27925 E ActivityThread: Failed to find provider info for com.google.android.apps.gsa.testing.ui.audio.recorded
05-04 08:54:53.380  6639 27925 I chatty  : uid=10030(u0_a30) com.google.android.googlequicksearchbox:search identical 22 lines
05-04 08:54:58.411  6639 27925 E ActivityThread: Failed to find provider info for com.google.android.apps.gsa.testing.ui.audio.recorded
05-04 08:55:03.197  1698  1930 I ActivityManager: START u0 {act=android.intent.action.DELETE dat=package:com.app_compare_react_native flg=0x10800000 cmp=com.google.android.packageinstaller/com.android.packageinstaller.UninstallerActivity (has extras)} from uid 10020
05-04 08:55:03.232  1698  7093 I ActivityManager: Start proc 28790:com.google.android.packageinstaller/u0a17 for activity com.google.android.packageinstaller/com.android.packageinstaller.UninstallerActivity
05-04 08:55:04.355  1698  1712 I ActivityManager: Force stopping com.app_compare_react_native appid=10084 user=0: deletePackageX
05-04 08:55:04.393  1698  2398 I ActivityManager: Killing 27814:com.google.android.deskclock/u0a67 (adj 906): empty for 1938s
05-04 08:55:04.548  6639 28806 E ActivityThread: Failed to find provider info for com.google.android.apps.gsa.testing.ui.audio.recorded
05-04 08:55:04.679  1698  1724 I ActivityManager: Force stopping com.app_compare_react_native appid=10084 user=0: pkg removed
05-04 08:55:04.753  1698  1709 W BroadcastQueue: Background execution not allowed: receiving Intent { act=android.intent.action.PACKAGE_REMOVED dat=package:com.app_compare_react_native flg=0x4000010 (has extras) } to com.android.vending/com.google.android.finsky.packagemanager.impl.PackageMonitorReceiverImpl$RegisteredReceiver
05-04 08:55:04.758  1698  1712 W BroadcastQueue: Background execution not allowed: receiving Intent { act=android.intent.action.PACKAGE_REMOVED dat=package:com.app_compare_react_native flg=0x4000010 (has extras) } to com.android.vending/com.google.android.finsky.instantapps.appmanagement.InstantAppRemoveMonitor
05-04 08:55:04.758  1698  1712 W BroadcastQueue: Background execution not allowed: receiving Intent { act=android.intent.action.PACKAGE_REMOVED dat=package:com.app_compare_react_native flg=0x4000010 (has extras) } to com.google.android.gms/.games.chimera.GamesSystemBroadcastReceiverProxy
05-04 08:55:04.758  1698  1712 W BroadcastQueue: Background execution not allowed: receiving Intent { act=android.intent.action.PACKAGE_REMOVED dat=package:com.app_compare_react_native flg=0x4000010 (has extras) } to com.google.android.gms/.photos.autobackup.PhotosAppUninstalledReceiver
05-04 08:55:04.759  1698  1712 W BroadcastQueue: Background execution not allowed: receiving Intent { act=android.intent.action.PACKAGE_REMOVED dat=package:com.app_compare_react_native flg=0x4000010 (has extras) } to com.google.android.gms/.chimera.GmsIntentOperationService$PersistentTrustedReceiver
05-04 08:55:04.759  1698  1712 W BroadcastQueue: Background execution not allowed: receiving Intent { act=android.intent.action.PACKAGE_REMOVED dat=package:com.app_compare_react_native flg=0x4000010 (has extras) } to com.google.android.googlequicksearchbox/com.google.android.apps.gsa.googlequicksearchbox.GelStubAppWatcher
05-04 08:55:04.773  1698  1712 I ActivityManager: Start proc 28826:com.android.chrome/u0a46 for broadcast com.android.chrome/org.chromium.chrome.browser.browserservices.ClientAppBroadcastReceiver
05-04 08:55:05.021  1698  3346 I ActivityManager: Start proc 28868:com.android.documentsui/u0a12 for broadcast com.android.documentsui/.PackageReceiver
05-04 08:55:05.302  1698  2445 I ActivityManager: Start proc 28890:com.android.externalstorage/u0a10 for content provider com.android.externalstorage/.ExternalStorageProvider
05-04 08:55:05.369  1698  2444 I ActivityManager: Start proc 28915:android.process.media/u0a9 for broadcast com.android.providers.downloads/.DownloadReceiver
05-04 08:55:05.503  1698  1930 I ActivityManager: Start proc 28943:com.android.mtp/u0a9 for content provider com.android.mtp/.MtpDocumentsProvider
05-04 08:55:05.527  1698  1708 I ActivityManager: Killing 27851:com.google.android.apps.wallpaper/u0a73 (adj 906): empty for 1902s
05-04 08:55:05.683  1698  7089 I ActivityManager: Start proc 28965:com.google.android.apps.docs/u0a48 for content provider com.google.android.apps.docs/.storagebackend.StorageBackendContentProvider
05-04 08:55:08.246  1698  1698 W WindowManager: removeWindowToken: Attempted to remove non-existing token: android.os.Binder@97e2627
05-04 08:55:08.959  1698  7089 D VoldConnector: SND -> {45 volume mkdirs /storage/emulated/0/Android/data/com.google.android.apps.docs/cache/}
05-04 08:55:08.965  1698  1816 D VoldConnector: RCV <- {200 45 Command succeeded}
05-04 08:55:09.589  6639 28806 E ActivityThread: Failed to find provider info for com.google.android.apps.gsa.testing.ui.audio.recorded
05-04 08:55:14.626  6639 28806 I chatty  : uid=10030(u0_a30) com.google.android.googlequicksearchbox:search identical 1 line
05-04 08:55:19.665  6639 28806 E ActivityThread: Failed to find provider info for com.google.android.apps.gsa.testing.ui.audio.recorded
05-04 08:55:22.303  1698  2034 D PackageInstaller: Ignoring abandon after commit relinquished control
05-04 08:55:22.321  1698  2024 W BroadcastQueue: Background execution not allowed: receiving Intent { act=android.intent.action.PACKAGE_ADDED dat=package:com.app_compare_react_native flg=0x4000010 (has extras) } to com.android.vending/com.google.android.finsky.packagemanager.impl.PackageMonitorReceiverImpl$RegisteredReceiver
05-04 08:55:22.321  1698  1712 W BroadcastQueue: Background execution not allowed: receiving Intent { act=android.intent.action.PACKAGE_ADDED dat=package:com.app_compare_react_native flg=0x4000010 (has extras) } to com.google.android.gms/.games.chimera.GamesSystemBroadcastReceiverProxy
05-04 08:55:22.323  1698  1712 W BroadcastQueue: Background execution not allowed: receiving Intent { act=android.intent.action.PACKAGE_ADDED dat=package:com.app_compare_react_native flg=0x4000010 (has extras) } to com.google.android.gms/.gass.chimera.PackageChangeBroadcastReceiver
05-04 08:55:22.324  1698  1712 W BroadcastQueue: Background execution not allowed: receiving Intent { act=android.intent.action.PACKAGE_ADDED dat=package:com.app_compare_react_native flg=0x4000010 (has extras) } to com.google.android.gms/.chimera.GmsIntentOperationService$PersistentTrustedReceiver
05-04 08:55:22.325  1698  1712 W BroadcastQueue: Background execution not allowed: receiving Intent { act=android.intent.action.PACKAGE_ADDED dat=package:com.app_compare_react_native flg=0x4000010 (has extras) } to com.google.android.googlequicksearchbox/com.google.android.apps.gsa.googlequicksearchbox.GelStubAppWatcher
05-04 08:55:22.393  1698  1698 I Telecom : DefaultDialerCache: Refreshing default dialer for user 0: now com.google.android.dialer: DDC.oR@ASc
05-04 08:55:22.822  1698  2448 I ActivityManager: START u0 {flg=0x10000000 cmp=com.app_compare_react_native/.MainActivity} from uid 2000
05-04 08:55:22.846  1698  7089 I ActivityManager: Start proc 29074:com.app_compare_react_native/u0a85 for activity com.app_compare_react_native/.MainActivity
05-04 08:55:24.171  1698  1708 D VoldConnector: SND -> {46 volume mkdirs /storage/emulated/0/Android/data/com.app_compare_react_native/cache/}
05-04 08:55:24.172  1698  1816 D VoldConnector: RCV <- {200 46 Command succeeded}
05-04 08:55:26.340  1698  1907 E TaskPersister: File error accessing recents directory (directory doesn't exist?).
05-04 08:55:28.215  1698  1813 I ActivityManager: START u0 {act=android.intent.action.MAIN cat=[android.intent.category.HOME] flg=0x10200000 cmp=com.google.android.apps.nexuslauncher/.NexusLauncherActivity (has extras)} from uid 1000
05-04 08:55:28.455  6639 27925 E ActivityThread: Failed to find provider info for com.google.android.apps.gsa.testing.ui.audio.recorded
05-04 08:55:33.492  6639 27925 E ActivityThread: Failed to find provider info for com.google.android.apps.gsa.testing.ui.audio.recorded
05-04 08:55:36.520  1698  1930 I ActivityManager: START u0 {flg=0x10804000 cmp=com.android.systemui/.recents.RecentsActivity} from uid 10028
05-04 08:55:37.531  1698  2024 I ActivityManager: Killing 29074:com.app_compare_react_native/u0a85 (adj 900): remove task
05-04 08:55:37.532  1698  2034 I ActivityManager: START u0 {act=android.intent.action.MAIN cat=[android.intent.category.HOME] flg=0x10200000 cmp=com.google.android.apps.nexuslauncher/.NexusLauncherActivity} from uid 10028
05-04 08:55:37.568  1698  1907 E TaskPersister: File error accessing recents directory (directory doesn't exist?).
05-04 08:55:37.615  1698  2447 W WindowManager: Failed looking up window callers=com.android.server.wm.WindowManagerService.windowForClientLocked:5704 com.android.server.wm.WindowState$DeathRecipient.binderDied:2284 android.os.BinderProxy.sendDeathNotice:828 
05-04 08:55:37.615  1698  2447 I WindowManager: WIN DEATH: null
05-04 08:55:37.621  1698  1719 W ActivityManager: setHasOverlayUi called on unknown pid: 29074
05-04 08:55:37.681  6639 28806 E ActivityThread: Failed to find provider info for com.google.android.apps.gsa.testing.ui.audio.recorded
05-04 08:55:39.102  1698  3346 I ActivityManager: START u0 {act=android.intent.action.MAIN cat=[android.intent.category.LAUNCHER] flg=0x10200000 cmp=com.app_compare_react_native/.MainActivity bnds=[283,279][540,609]} from uid 10020
05-04 08:55:39.128  1698  2381 I ActivityManager: Start proc 29144:com.app_compare_react_native/u0a85 for activity com.app_compare_react_native/.MainActivity
05-04 08:55:41.120  1698  1907 E TaskPersister: File error accessing recents directory (directory doesn't exist?).
05-04 08:55:41.656  1698  7091 I ActivityManager: START u0 {flg=0x10804000 cmp=com.android.systemui/.recents.RecentsActivity} from uid 10028
05-04 08:55:42.503  1698  7093 I ActivityManager: START u0 {act=android.intent.action.MAIN cat=[android.intent.category.HOME] flg=0x10200000 cmp=com.google.android.apps.nexuslauncher/.NexusLauncherActivity} from uid 10028
05-04 08:55:42.526  1698  2381 I ActivityManager: Killing 29144:com.app_compare_react_native/u0a85 (adj 900): remove task
05-04 08:55:42.541  1698  1907 E TaskPersister: File error accessing recents directory (directory doesn't exist?).
05-04 08:55:42.610  1698  1719 W ActivityManager: setHasOverlayUi called on unknown pid: 29144
05-04 08:55:42.695  6639 27925 E ActivityThread: Failed to find provider info for com.google.android.apps.gsa.testing.ui.audio.recorded
05-04 08:55:43.771  1698  1930 I ActivityManager: START u0 {act=android.intent.action.MAIN cat=[android.intent.category.LAUNCHER] flg=0x10200000 cmp=com.app_compare_react_native/.MainActivity bnds=[283,279][540,609]} from uid 10020
05-04 08:55:43.802  1698  2445 I ActivityManager: Start proc 29197:com.app_compare_react_native/u0a85 for activity com.app_compare_react_native/.MainActivity
05-04 08:55:45.284  1698  2301 I ActivityManager: START u0 {flg=0x10804000 cmp=com.android.systemui/.recents.RecentsActivity} from uid 10028
05-04 08:55:46.043  1698  7092 I ActivityManager: Killing 29197:com.app_compare_react_native/u0a85 (adj 900): remove task
05-04 08:55:46.044  1698  2398 I ActivityManager: START u0 {act=android.intent.action.MAIN cat=[android.intent.category.HOME] flg=0x10200000 cmp=com.google.android.apps.nexuslauncher/.NexusLauncherActivity} from uid 10028
05-04 08:55:46.058  1698  1907 E TaskPersister: File error accessing recents directory (directory doesn't exist?).
05-04 08:55:46.126  1698  1708 I WindowManager: WIN DEATH: Window{519fd52 u0 com.app_compare_react_native/com.app_compare_react_native.MainActivity}
05-04 08:55:46.136  1698  1719 W ActivityManager: setHasOverlayUi called on unknown pid: 29197
05-04 08:55:46.207  6639 27925 E ActivityThread: Failed to find provider info for com.google.android.apps.gsa.testing.ui.audio.recorded
05-04 08:55:49.134  1698  1907 E TaskPersister: File error accessing recents directory (directory doesn't exist?).
05-04 08:55:51.242  6639 27925 E ActivityThread: Failed to find provider info for com.google.android.apps.gsa.testing.ui.audio.recorded
05-04 09:00:08.131  6639 27925 I chatty  : uid=10030(u0_a30) com.google.android.googlequicksearchbox:search identical 51 lines
05-04 09:00:13.157  6639 27925 E ActivityThread: Failed to find provider info for com.google.android.apps.gsa.testing.ui.audio.recorded
05-04 09:00:16.768  1698  1715 E BatteryStatsService: modem info is invalid: ModemActivityInfo{ mTimestamp=0 mSleepTimeMs=0 mIdleTimeMs=0 mTxTimeMs[]=[0, 0, 0, 0, 0] mRxTimeMs=0 mEnergyUsed=0}
05-04 09:00:18.193  6639 27925 E ActivityThread: Failed to find provider info for com.google.android.apps.gsa.testing.ui.audio.recorded
05-04 09:02:14.059  6639 27925 I chatty  : uid=10030(u0_a30) com.google.android.googlequicksearchbox:search identical 23 lines
05-04 09:02:19.103  6639 27925 E ActivityThread: Failed to find provider info for com.google.android.apps.gsa.testing.ui.audio.recorded
05-04 10:24:38.107  1698  1698 D ConditionProviders.SCP: onReceive android.intent.action.TIME_SET
05-04 10:24:38.338  1698  1712 W ActivityManager: Slow operation: 205ms so far, now at startProcess: returned from zygote!
05-04 10:24:38.339  1698  1712 W ActivityManager: Slow operation: 206ms so far, now at startProcess: done updating battery stats
05-04 10:24:38.340  1698  1712 W ActivityManager: Slow operation: 207ms so far, now at startProcess: building log message
05-04 10:24:38.340  1698  1712 I ActivityManager: Start proc 29703:com.google.android.calendar/u0a45 for broadcast com.google.android.calendar/com.android.calendar.widget.CalendarAppWidgetProvider
05-04 10:24:38.340  1698  1712 W ActivityManager: Slow operation: 207ms so far, now at startProcess: starting to update pids map
05-04 10:24:38.340  1698  1712 W ActivityManager: Slow operation: 207ms so far, now at startProcess: done updating pids map
05-04 10:24:38.341  1698  1712 W ActivityManager: Slow operation: 227ms so far, now at startProcess: done starting proc!
05-04 10:24:38.354  1698  1713 W Looper  : Dispatch took 222ms on android.ui, h=Handler (com.android.server.am.ActivityManagerService$UiHandler) {b1f7339} cb=null msg=53
05-04 10:24:38.361  1698  1698 D ConditionProviders.SCP: notifyCondition condition://android/schedule?days=6.7&start=23.30&end=10.0&exitAtAlarm=false STATE_FALSE reason=!meetsSchedule
05-04 10:24:38.378  1698  1698 D ConditionProviders.SCP: notifyCondition condition://android/schedule?days=1.2.3.4.5&start=22.0&end=7.0&exitAtAlarm=false STATE_FALSE reason=!meetsSchedule
05-04 10:24:38.389  1698  1698 D ConditionProviders.SCP: Scheduling evaluate for Sat May 04 22:00:00 GMT-03:00 2019 (1557018000000), in +11h35m21s892ms, now=Sat May 04 10:24:38 GMT-03:00 2019 (1556976278108)
05-04 10:24:38.393  1698  1698 D ConditionProviders.SCP: onReceive ScheduleConditionProvider.EVALUATE
05-04 10:24:38.393  1698  1698 D ConditionProviders.SCP: notifyCondition condition://android/schedule?days=6.7&start=23.30&end=10.0&exitAtAlarm=false STATE_FALSE reason=!meetsSchedule
05-04 10:24:38.394  1698  1698 D ConditionProviders.SCP: notifyCondition condition://android/schedule?days=1.2.3.4.5&start=22.0&end=7.0&exitAtAlarm=false STATE_FALSE reason=!meetsSchedule
05-04 10:24:38.395  1698  1698 D ConditionProviders.SCP: Scheduling evaluate for Sat May 04 22:00:00 GMT-03:00 2019 (1557018000000), in +11h35m21s607ms, now=Sat May 04 10:24:38 GMT-03:00 2019 (1556976278393)
05-04 10:24:38.479  1698  1887 W ActivityManager: Slow operation: 60ms so far, now at startProcess: returned from zygote!
05-04 10:24:38.480  1698  1887 W ActivityManager: Slow operation: 60ms so far, now at startProcess: done updating battery stats
05-04 10:24:38.480  1698  1887 W ActivityManager: Slow operation: 60ms so far, now at startProcess: building log message
05-04 10:24:38.480  1698  1887 I ActivityManager: Start proc 29714:com.android.providers.calendar/u0a1 for content provider com.android.providers.calendar/.CalendarProvider2
05-04 10:24:38.480  1698  1887 W ActivityManager: Slow operation: 60ms so far, now at startProcess: starting to update pids map
05-04 10:24:38.480  1698  1887 W ActivityManager: Slow operation: 60ms so far, now at startProcess: done updating pids map
05-04 10:24:38.480  1698  1887 W ActivityManager: Slow operation: 63ms so far, now at startProcess: done starting proc!
05-04 10:24:38.480  1698  1887 W ActivityManager: Slow operation: 70ms so far, now at getContentProviderImpl: after start process
05-04 10:24:38.480  1698  1887 W ActivityManager: Slow operation: 70ms so far, now at getContentProviderImpl: updating data structures
05-04 10:24:38.481  1698  1887 W ActivityManager: Slow operation: 71ms so far, now at getContentProviderImpl: done!
05-04 10:24:38.600  1698  2448 W ActivityManager: Slow operation: 53ms so far, now at attachApplicationLocked: immediately after bindApplication
05-04 10:24:38.601  1698  2448 W ActivityManager: Slow operation: 54ms so far, now at attachApplicationLocked: after updateLruProcessLocked
05-04 10:24:38.611  1698  2448 W ActivityManager: Slow operation: 64ms so far, now at attachApplicationLocked: after mServices.attachApplicationLocked
05-04 10:24:38.617  1698  2448 W ActivityManager: Slow operation: 70ms so far, now at attachApplicationLocked: after sendPendingBroadcastsLocked
05-04 10:24:38.618  1698  1713 W Looper  : Dispatch took 198ms on android.ui, h=Handler (com.android.server.am.ActivityManagerService$UiHandler) {b1f7339} cb=null msg=53
05-04 10:24:38.642  1698  1711 I UsageStatsService: Time changed in UsageStats by 4934 seconds
05-04 10:24:38.656  1698  1711 I UsageStatsService: User[0] Flushing usage stats to disk
05-04 10:24:38.817  6639 27925 E ActivityThread: Failed to find provider info for com.google.android.apps.gsa.testing.ui.audio.recorded
05-04 10:24:38.834  1698  1711 I UsageStatsDatabase: Time changed by +1h22m14s385ms. files deleted: 0 files moved: 4
05-04 10:24:38.877  1698  1711 I UsageStatsService: User[0] Rollover scheduled @ 2019-05-05 10:01:44(1557050504017)
05-04 10:24:39.313  1698  7091 I ActivityManager: Start proc 29751:com.google.android.deskclock/u0a67 for broadcast com.google.android.deskclock/com.android.deskclock.AlarmInitReceiver
05-04 10:24:44.400  6639 27925 E ActivityThread: Failed to find provider info for com.google.android.apps.gsa.testing.ui.audio.recorded
05-04 10:24:45.223  1698  1715 E BatteryStatsService: modem info is invalid: ModemActivityInfo{ mTimestamp=0 mSleepTimeMs=0 mIdleTimeMs=0 mTxTimeMs[]=[0, 0, 0, 0, 0] mRxTimeMs=0 mEnergyUsed=0}
05-04 10:24:49.454  6639 27925 E ActivityThread: Failed to find provider info for com.google.android.apps.gsa.testing.ui.audio.recorded
05-04 10:24:54.511  6639 27925 I chatty  : uid=10030(u0_a30) com.google.android.googlequicksearchbox:search identical 1 line
05-04 10:24:59.566  6639 27925 E ActivityThread: Failed to find provider info for com.google.android.apps.gsa.testing.ui.audio.recorded
05-04 10:25:00.383  1698  1698 I ActivityManager: Killing 27931:com.google.android.partnersetup/u0a16 (adj 906): empty #17
05-04 10:25:04.625  6639 27925 E ActivityThread: Failed to find provider info for com.google.android.apps.gsa.testing.ui.audio.recorded
05-04 10:25:56.039  6639 27925 I chatty  : uid=10030(u0_a30) com.google.android.googlequicksearchbox:search identical 10 lines
05-04 10:26:01.231  6639 27925 E ActivityThread: Failed to find provider info for com.google.android.apps.gsa.testing.ui.audio.recorded
05-04 10:26:05.820  1698  7093 D ConnectivityService: reportNetworkConnectivity(101, false) by 10011
05-04 10:26:06.418  1698  1881 D ConnectivityService: NetworkAgentInfo [WIFI () - 101] validation passed
05-04 10:26:06.636  6639 27925 E ActivityThread: Failed to find provider info for com.google.android.apps.gsa.testing.ui.audio.recorded
05-04 10:26:07.352  1698  2398 I ActivityManager: Start proc 29878:com.google.android.videos/u0a72 for service com.google.android.videos/com.google.android.apps.play.movies.common.service.drm.RefreshLicenseTaskService
05-04 10:26:08.213  1698  1712 W BroadcastQueue: Background execution not allowed: receiving Intent { act=android.intent.action.DROPBOX_ENTRY_ADDED flg=0x10 (has extras) } to com.google.android.gms/.stats.service.DropBoxEntryAddedReceiver
05-04 10:26:08.233  1698  1712 W BroadcastQueue: Background execution not allowed: receiving Intent { act=android.intent.action.DROPBOX_ENTRY_ADDED flg=0x10 (has extras) } to com.google.android.gms/.chimera.GmsIntentOperationService$PersistentTrustedReceiver
05-04 10:26:09.658  1698  1709 I ActivityManager: Start proc 29916:com.google.android.gms.unstable/u0a11 for service com.google.android.gms/.droidguard.DroidGuardService
05-04 10:26:10.582  1698  1711 I UsageStatsService: User[0] Flushing usage stats to disk
05-04 10:26:11.887  6639 27925 E ActivityThread: Failed to find provider info for com.google.android.apps.gsa.testing.ui.audio.recorded
05-04 10:26:17.311  6639 27925 E ActivityThread: Failed to find provider info for com.google.android.apps.gsa.testing.ui.audio.recorded
05-04 10:26:18.022  1698  2398 I ActivityManager: Killing 28790:com.google.android.packageinstaller/u0a17 (adj 906): empty #17
05-04 10:26:18.172  1698  1719 W ActivityManager: setHasOverlayUi called on unknown pid: 28790
05-04 10:26:22.475  6639 27925 E ActivityThread: Failed to find provider info for com.google.android.apps.gsa.testing.ui.audio.recorded
05-04 10:26:52.759  6639 27925 I chatty  : uid=10030(u0_a30) com.google.android.googlequicksearchbox:search identical 6 lines
05-04 10:26:57.792  6639 27925 E ActivityThread: Failed to find provider info for com.google.android.apps.gsa.testing.ui.audio.recorded
05-04 10:27:00.005  1698  1698 I ActivityManager: Killing 24548:com.android.keychain/1000 (adj 906): empty #17
05-04 10:27:02.833  6639 27925 E ActivityThread: Failed to find provider info for com.google.android.apps.gsa.testing.ui.audio.recorded
05-04 10:28:43.653  6639 27925 I chatty  : uid=10030(u0_a30) com.google.android.googlequicksearchbox:search identical 20 lines
05-04 10:28:48.688  6639 27925 E ActivityThread: Failed to find provider info for com.google.android.apps.gsa.testing.ui.audio.recorded
05-04 10:28:51.495  1698  1930 I ActivityManager: Start proc 30103:com.google.android.youtube/u0a78 for service com.google.android.youtube/com.firebase.jobdispatcher.GooglePlayReceiver
05-04 10:28:52.909  1698  5336 W ActivityManager: Permission Denial: Accessing service ComponentInfo{com.google.android.music/com.google.android.music.dial.DialMediaRouteProviderService} from pid=30103, uid=10078 that is not exported from uid 10061
05-04 10:28:53.731  6639 27925 E ActivityThread: Failed to find provider info for com.google.android.apps.gsa.testing.ui.audio.recorded
05-04 10:28:58.769  6639 27925 E ActivityThread: Failed to find provider info for com.google.android.apps.gsa.testing.ui.audio.recorded
05-04 10:29:00.927  1698  6886 W ActivityManager: Permission Denial: Accessing service ComponentInfo{com.google.android.music/com.google.android.music.dial.DialMediaRouteProviderService} from pid=30103, uid=10078 that is not exported from uid 10061
05-04 10:29:03.813  6639 27925 E ActivityThread: Failed to find provider info for com.google.android.apps.gsa.testing.ui.audio.recorded
05-04 10:29:08.863  6639 27925 E ActivityThread: Failed to find provider info for com.google.android.apps.gsa.testing.ui.audio.recorded
05-04 10:29:11.411  1698  1715 E BatteryStatsService: modem info is invalid: ModemActivityInfo{ mTimestamp=0 mSleepTimeMs=0 mIdleTimeMs=0 mTxTimeMs[]=[0, 0, 0, 0, 0] mRxTimeMs=0 mEnergyUsed=0}
05-04 10:29:13.906  6639 27925 E ActivityThread: Failed to find provider info for com.google.android.apps.gsa.testing.ui.audio.recorded
05-04 10:29:16.233  1698  1930 I ActivityManager: Killing 28826:com.android.chrome/u0a46 (adj 906): empty #17
05-04 10:29:18.947  6639 27925 E ActivityThread: Failed to find provider info for com.google.android.apps.gsa.testing.ui.audio.recorded
05-04 10:30:44.625  6639 27925 I chatty  : uid=10030(u0_a30) com.google.android.googlequicksearchbox:search identical 17 lines
05-04 10:30:49.663  6639 27925 E ActivityThread: Failed to find provider info for com.google.android.apps.gsa.testing.ui.audio.recorded
05-04 10:30:53.739  1698  1715 E KernelCpuSpeedReader: Failed to read cpu-freq: /sys/devices/system/cpu/cpu0/cpufreq/stats/time_in_state (No such file or directory)
05-04 10:30:53.746  1698  1715 E BatteryStatsService: modem info is invalid: ModemActivityInfo{ mTimestamp=0 mSleepTimeMs=0 mIdleTimeMs=0 mTxTimeMs[]=[0, 0, 0, 0, 0] mRxTimeMs=0 mEnergyUsed=0}
05-04 10:30:54.696  6639 27925 E ActivityThread: Failed to find provider info for com.google.android.apps.gsa.testing.ui.audio.recorded
05-04 10:31:50.126  6639 27925 I chatty  : uid=10030(u0_a30) com.google.android.googlequicksearchbox:search identical 11 lines
05-04 10:31:55.168  6639 27925 E ActivityThread: Failed to find provider info for com.google.android.apps.gsa.testing.ui.audio.recorded
05-04 10:32:00.209  6639 30400 E ActivityThread: Failed to find provider info for com.google.android.apps.gsa.testing.ui.audio.recorded
05-04 10:32:30.474  6639 30400 I chatty  : uid=10030(u0_a30) com.google.android.googlequicksearchbox:search identical 6 lines
05-04 10:32:35.507  6639 30400 E ActivityThread: Failed to find provider info for com.google.android.apps.gsa.testing.ui.audio.recorded
05-04 10:32:38.493  1698  1715 E BatteryStatsService: modem info is invalid: ModemActivityInfo{ mTimestamp=0 mSleepTimeMs=0 mIdleTimeMs=0 mTxTimeMs[]=[0, 0, 0, 0, 0] mRxTimeMs=0 mEnergyUsed=0}
05-04 10:32:40.544  6639 30400 E ActivityThread: Failed to find provider info for com.google.android.apps.gsa.testing.ui.audio.recorded
05-04 10:34:16.457  6639 30400 I chatty  : uid=10030(u0_a30) com.google.android.googlequicksearchbox:search identical 19 lines
05-04 10:34:21.496  6639 30400 E ActivityThread: Failed to find provider info for com.google.android.apps.gsa.testing.ui.audio.recorded
05-04 10:34:24.793  1698  1712 I ActivityManager: Force stopping com.app_compare_react_native appid=10085 user=-1: installPackageLI
05-04 10:34:24.868  1698  1724 I PackageManager: Package com.app_compare_react_native codePath changed from /data/app/com.app_compare_react_native-jb1Aqt4IrR6oFTHLFUFdqQ== to /data/app/com.app_compare_react_native-C2NWmAszH4FAXq7xQnoS1Q==; Retaining data and using new
05-04 10:34:24.868  1698  1724 W PackageManager: Code path for com.app_compare_react_native changing from /data/app/com.app_compare_react_native-jb1Aqt4IrR6oFTHLFUFdqQ== to /data/app/com.app_compare_react_native-C2NWmAszH4FAXq7xQnoS1Q==
05-04 10:34:24.869  1698  1724 W PackageManager: Resource path for com.app_compare_react_native changing from /data/app/com.app_compare_react_native-jb1Aqt4IrR6oFTHLFUFdqQ== to /data/app/com.app_compare_react_native-C2NWmAszH4FAXq7xQnoS1Q==
05-04 10:34:25.034  1698  1724 I ActivityManager: Force stopping com.app_compare_react_native appid=10085 user=0: pkg removed
05-04 10:34:25.081  1698  1712 W BroadcastQueue: Background execution not allowed: receiving Intent { act=android.intent.action.PACKAGE_REMOVED dat=package:com.app_compare_react_native flg=0x4000010 (has extras) } to com.android.vending/com.google.android.finsky.packagemanager.impl.PackageMonitorReceiverImpl$RegisteredReceiver
05-04 10:34:25.082  1698  1712 W BroadcastQueue: Background execution not allowed: receiving Intent { act=android.intent.action.PACKAGE_REMOVED dat=package:com.app_compare_react_native flg=0x4000010 (has extras) } to com.android.vending/com.google.android.finsky.instantapps.appmanagement.InstantAppRemoveMonitor
05-04 10:34:25.082  1698  1712 W BroadcastQueue: Background execution not allowed: receiving Intent { act=android.intent.action.PACKAGE_REMOVED dat=package:com.app_compare_react_native flg=0x4000010 (has extras) } to com.google.android.gms/.games.chimera.GamesSystemBroadcastReceiverProxy
05-04 10:34:25.082  1698  1712 W BroadcastQueue: Background execution not allowed: receiving Intent { act=android.intent.action.PACKAGE_REMOVED dat=package:com.app_compare_react_native flg=0x4000010 (has extras) } to com.google.android.gms/.photos.autobackup.PhotosAppUninstalledReceiver
05-04 10:34:25.082  1698  1712 W BroadcastQueue: Background execution not allowed: receiving Intent { act=android.intent.action.PACKAGE_REMOVED dat=package:com.app_compare_react_native flg=0x4000010 (has extras) } to com.google.android.gms/.chimera.GmsIntentOperationService$PersistentTrustedReceiver
05-04 10:34:25.083  1698  1712 W BroadcastQueue: Background execution not allowed: receiving Intent { act=android.intent.action.PACKAGE_REMOVED dat=package:com.app_compare_react_native flg=0x4000010 (has extras) } to com.google.android.googlequicksearchbox/com.google.android.apps.gsa.googlequicksearchbox.GelStubAppWatcher
05-04 10:34:25.098  1698  1712 W BroadcastQueue: Background execution not allowed: receiving Intent { act=android.intent.action.PACKAGE_ADDED dat=package:com.app_compare_react_native flg=0x4000010 (has extras) } to com.android.vending/com.google.android.finsky.packagemanager.impl.PackageMonitorReceiverImpl$RegisteredReceiver
05-04 10:34:25.099  1698  1712 W BroadcastQueue: Background execution not allowed: receiving Intent { act=android.intent.action.PACKAGE_ADDED dat=package:com.app_compare_react_native flg=0x4000010 (has extras) } to com.google.android.gms/.games.chimera.GamesSystemBroadcastReceiverProxy
05-04 10:34:25.101  1698  1712 W BroadcastQueue: Background execution not allowed: receiving Intent { act=android.intent.action.PACKAGE_ADDED dat=package:com.app_compare_react_native flg=0x4000010 (has extras) } to com.google.android.gms/.gass.chimera.PackageChangeBroadcastReceiver
05-04 10:34:25.101  1698  1712 W BroadcastQueue: Background execution not allowed: receiving Intent { act=android.intent.action.PACKAGE_ADDED dat=package:com.app_compare_react_native flg=0x4000010 (has extras) } to com.google.android.gms/.chimera.GmsIntentOperationService$PersistentTrustedReceiver
05-04 10:34:25.101  1698  1712 W BroadcastQueue: Background execution not allowed: receiving Intent { act=android.intent.action.PACKAGE_ADDED dat=package:com.app_compare_react_native flg=0x4000010 (has extras) } to com.google.android.googlequicksearchbox/com.google.android.apps.gsa.googlequicksearchbox.GelStubAppWatcher
05-04 10:34:25.101  1698  1712 W BroadcastQueue: Background execution not allowed: receiving Intent { act=android.intent.action.PACKAGE_REPLACED dat=package:com.app_compare_react_native flg=0x4000010 (has extras) } to com.google.android.apps.photos/.account.full.FetchAccountPropertiesAppUpgradeBroadcastReceiver
05-04 10:34:25.101  1698  1712 W BroadcastQueue: Background execution not allowed: receiving Intent { act=android.intent.action.PACKAGE_REPLACED dat=package:com.app_compare_react_native flg=0x4000010 (has extras) } to com.google.android.apps.photos/.account.full.SyncAccountsForLoginBroadcastReceiver
05-04 10:34:25.101  1698  1712 W BroadcastQueue: Background execution not allowed: receiving Intent { act=android.intent.action.PACKAGE_REPLACED dat=package:com.app_compare_react_native flg=0x4000010 (has extras) } to com.google.android.apps.photos/.experiments.phenotype.full.PhenotypeAppUpgradeBroadcastReceiver
05-04 10:34:25.102  1698  1712 W BroadcastQueue: Background execution not allowed: receiving Intent { act=android.intent.action.PACKAGE_REPLACED dat=package:com.app_compare_react_native flg=0x4000010 (has extras) } to com.google.android.apps.photos/.notificationchannels.AppUpdateBroadcastReceiver
05-04 10:34:25.102  1698  1712 W BroadcastQueue: Background execution not allowed: receiving Intent { act=android.intent.action.PACKAGE_REPLACED dat=package:com.app_compare_react_native flg=0x4000010 (has extras) } to com.google.android.gms/.gass.chimera.PackageChangeBroadcastReceiver
05-04 10:34:25.102  1698  1712 W BroadcastQueue: Background execution not allowed: receiving Intent { act=android.intent.action.PACKAGE_REPLACED dat=package:com.app_compare_react_native flg=0x4000010 (has extras) } to com.google.android.gms/.chimera.GmsIntentOperationService$PersistentTrustedReceiver
05-04 10:34:25.102  1698  1712 W BroadcastQueue: Background execution not allowed: receiving Intent { act=android.intent.action.PACKAGE_REPLACED dat=package:com.app_compare_react_native flg=0x4000010 (has extras) } to com.google.android.googlequicksearchbox/com.google.android.apps.gsa.googlequicksearchbox.GelStubAppWatcher
05-04 10:34:25.117  1698  1698 I ActivityManager: Start proc 30558:com.android.keychain/1000 for service com.android.keychain/.KeyChainService
05-04 10:34:25.555  1698  1698 I Telecom : DefaultDialerCache: Refreshing default dialer for user 0: now com.google.android.dialer: DDC.oR@AS0
05-04 10:34:25.654  1698  4428 I ActivityManager: START u0 {flg=0x10000000 cmp=com.app_compare_react_native/.MainActivity} from uid 2000
05-04 10:34:25.719  1698  1709 I ActivityManager: Start proc 30619:com.app_compare_react_native/u0a85 for activity com.app_compare_react_native/.MainActivity
05-04 10:34:29.197  1698  1907 E TaskPersister: File error accessing recents directory (directory doesn't exist?).
05-04 10:34:31.939  1698  2445 I ActivityManager: Killing 28868:com.android.documentsui/u0a12 (adj 906): empty #17
05-23 19:41:41.073  1698  1698 D ConditionProviders.SCP: onReceive android.intent.action.TIME_SET
05-23 19:41:41.136  1698  1698 D ConditionProviders.SCP: notifyCondition condition://android/schedule?days=6.7&start=23.30&end=10.0&exitAtAlarm=false STATE_FALSE reason=!meetsSchedule
05-23 19:41:41.141  1698  1698 D ConditionProviders.SCP: notifyCondition condition://android/schedule?days=1.2.3.4.5&start=22.0&end=7.0&exitAtAlarm=false STATE_FALSE reason=!meetsSchedule
05-23 19:41:41.187  1698  1698 D ConditionProviders.SCP: Scheduling evaluate for Thu May 23 22:00:00 GMT-03:00 2019 (1558659600000), in +2h18m18s927ms, now=Thu May 23 19:41:41 GMT-03:00 2019 (1558651301073)
05-23 19:41:41.209  1698  1698 D ConditionProviders.SCP: onReceive ScheduleConditionProvider.EVALUATE
05-23 19:41:41.238  1698  1698 D ConditionProviders.SCP: notifyCondition condition://android/schedule?days=6.7&start=23.30&end=10.0&exitAtAlarm=false STATE_FALSE reason=!meetsSchedule
05-23 19:41:41.238  1698  1698 D ConditionProviders.SCP: notifyCondition condition://android/schedule?days=1.2.3.4.5&start=22.0&end=7.0&exitAtAlarm=false STATE_FALSE reason=!meetsSchedule
05-23 19:41:41.238  1698  1698 D ConditionProviders.SCP: Scheduling evaluate for Thu May 23 22:00:00 GMT-03:00 2019 (1558659600000), in +2h18m18s791ms, now=Thu May 23 19:41:41 GMT-03:00 2019 (1558651301209)
05-23 19:41:41.331  1698  1711 I UsageStatsService: Time changed in UsageStats by 1674402 seconds
05-23 19:41:41.332  1698  1711 I UsageStatsService: User[0] Flushing usage stats to disk
05-23 19:41:41.411  1698  1711 I UsageStatsDatabase: Time changed by +19d9h6m42s402ms. files deleted: 0 files moved: 4
05-23 19:41:41.447  1698  1711 I UsageStatsService: User[0] Rollover scheduled @ 2019-05-24 19:08:26(1558724906419)
05-23 19:41:41.667  1698  1709 W ActivityManager: Slow operation: 89ms so far, now at startProcess: returned from zygote!
05-23 19:41:41.668  1698  1709 W ActivityManager: Slow operation: 90ms so far, now at startProcess: done updating battery stats
05-23 19:41:41.668  1698  1709 W ActivityManager: Slow operation: 90ms so far, now at startProcess: building log message
05-23 19:41:41.668  1698  1709 I ActivityManager: Start proc 30748:com.google.android.apps.wallpaper/u0a73 for broadcast com.google.android.apps.wallpaper/.module.DailyLoggingAlarmReceiver
05-23 19:41:41.668  1698  1709 W ActivityManager: Slow operation: 90ms so far, now at startProcess: starting to update pids map
05-23 19:41:41.668  1698  1709 W ActivityManager: Slow operation: 90ms so far, now at startProcess: done updating pids map
05-23 19:41:41.668  1698  1709 W ActivityManager: Slow operation: 92ms so far, now at startProcess: done starting proc!
05-23 19:41:47.869  1698  1715 E BatteryStatsService: modem info is invalid: ModemActivityInfo{ mTimestamp=0 mSleepTimeMs=0 mIdleTimeMs=0 mTxTimeMs[]=[0, 0, 0, 0, 0] mRxTimeMs=0 mEnergyUsed=0}
05-23 19:42:01.813  1698  2024 I ActivityManager: Killing 28890:com.android.externalstorage/u0a10 (adj 906): empty #17
05-23 19:42:24.287  1698  1708 I ActivityManager: START u0 {flg=0x10804000 cmp=com.android.systemui/.recents.RecentsActivity} from uid 10028
05-23 19:42:25.471  1698  2301 I ActivityManager: Killing 28915:android.process.media/u0a9 (adj 906): empty #17
05-23 19:42:25.476  1698  2301 I ActivityManager: Killing 30619:com.app_compare_react_native/u0a85 (adj 900): remove task
05-23 19:42:25.480  1698  7093 I ActivityManager: START u0 {act=android.intent.action.MAIN cat=[android.intent.category.HOME] flg=0x10200000 cmp=com.google.android.apps.nexuslauncher/.NexusLauncherActivity} from uid 10028
05-23 19:42:25.506  1698  1907 E TaskPersister: File error accessing recents directory (directory doesn't exist?).
05-23 19:42:25.580  1698  3346 I WindowManager: WIN DEATH: Window{8f5e2cf u0 com.app_compare_react_native/com.app_compare_react_native.MainActivity}
05-23 19:42:25.587  1698  1719 W ActivityManager: setHasOverlayUi called on unknown pid: 30619
05-23 19:42:26.088  6639 27925 E ActivityThread: Failed to find provider info for com.google.android.apps.gsa.testing.ui.audio.recorded
05-23 19:42:28.583  1698  1907 E TaskPersister: File error accessing recents directory (directory doesn't exist?).
05-23 19:42:31.135  6639 27925 E ActivityThread: Failed to find provider info for com.google.android.apps.gsa.testing.ui.audio.recorded
05-23 19:48:39.889  6639 27925 I chatty  : uid=10030(u0_a30) com.google.android.googlequicksearchbox:search identical 73 lines
05-23 19:48:44.953  6639 27925 E ActivityThread: Failed to find provider info for com.google.android.apps.gsa.testing.ui.audio.recorded
05-23 19:48:46.181  1698  1715 E BatteryStatsService: modem info is invalid: ModemActivityInfo{ mTimestamp=0 mSleepTimeMs=0 mIdleTimeMs=0 mTxTimeMs[]=[0, 0, 0, 0, 0] mRxTimeMs=0 mEnergyUsed=0}
05-23 19:48:50.046  6639 27925 E ActivityThread: Failed to find provider info for com.google.android.apps.gsa.testing.ui.audio.recorded
05-23 19:49:31.550  6639 27925 I chatty  : uid=10030(u0_a30) com.google.android.googlequicksearchbox:search identical 8 lines
05-23 19:49:36.655  6639 27925 E ActivityThread: Failed to find provider info for com.google.android.apps.gsa.testing.ui.audio.recorded
05-23 19:49:39.062  1698  5336 D ConnectivityService: reportNetworkConnectivity(101, false) by 10011
05-23 19:49:39.317  1698  1881 D ConnectivityService: NetworkAgentInfo [WIFI () - 101] validation passed
05-23 19:49:41.751  6639 27925 E ActivityThread: Failed to find provider info for com.google.android.apps.gsa.testing.ui.audio.recorded
05-23 19:52:46.882  6639 27925 I chatty  : uid=10030(u0_a30) com.google.android.googlequicksearchbox:search identical 36 lines
05-23 19:52:51.935  6639 27925 E ActivityThread: Failed to find provider info for com.google.android.apps.gsa.testing.ui.audio.recorded
05-23 19:52:53.326  1698  1711 I UsageStatsService: User[0] Flushing usage stats to disk
05-23 19:52:56.985  6639 27925 E ActivityThread: Failed to find provider info for com.google.android.apps.gsa.testing.ui.audio.recorded
05-23 19:52:58.808  1698  1724 V BackupManagerService: restoreAtInstall pkg=com.facebook.react.uiapp token=19 restoreSet=0
05-23 19:52:58.810  1698  1724 V BackupManagerService: Finishing install immediately
05-23 19:52:58.877  1698  5336 W BroadcastQueue: Background execution not allowed: receiving Intent { act=android.intent.action.PACKAGE_ADDED dat=package:com.facebook.react.uiapp flg=0x4000010 (has extras) } to com.android.vending/com.google.android.finsky.packagemanager.impl.PackageMonitorReceiverImpl$RegisteredReceiver
05-23 19:52:58.885  1698  1712 W BroadcastQueue: Background execution not allowed: receiving Intent { act=android.intent.action.PACKAGE_ADDED dat=package:com.facebook.react.uiapp flg=0x4000010 (has extras) } to com.google.android.gms/.games.chimera.GamesSystemBroadcastReceiverProxy
05-23 19:52:58.885  1698  1712 W BroadcastQueue: Background execution not allowed: receiving Intent { act=android.intent.action.PACKAGE_ADDED dat=package:com.facebook.react.uiapp flg=0x4000010 (has extras) } to com.google.android.gms/.gass.chimera.PackageChangeBroadcastReceiver
