05-23 19:52:58.885  1698  1712 W BroadcastQueue: Background execution not allowed: receiving Intent { act=android.intent.action.PACKAGE_ADDED dat=package:com.facebook.react.uiapp flg=0x4000010 (has extras) } to com.google.android.gms/.chimera.GmsIntentOperationService$PersistentTrustedReceiver
05-23 19:52:58.885  1698  1712 W BroadcastQueue: Background execution not allowed: receiving Intent { act=android.intent.action.PACKAGE_ADDED dat=package:com.facebook.react.uiapp flg=0x4000010 (has extras) } to com.google.android.googlequicksearchbox/com.google.android.apps.gsa.googlequicksearchbox.GelStubAppWatcher
05-23 19:52:59.225  1698  2444 W ActivityManager: Slow operation: 57ms so far, now at startProcess: returned from zygote!
05-23 19:52:59.225  1698  2444 W ActivityManager: Slow operation: 57ms so far, now at startProcess: done updating battery stats
05-23 19:52:59.226  1698  2444 W ActivityManager: Slow operation: 57ms so far, now at startProcess: building log message
05-23 19:52:59.226  1698  2444 I ActivityManager: Start proc 31587:android.process.acore/u0a0 for content provider com.android.providers.contacts/.ContactsProvider2
05-23 19:52:59.226  1698  2444 W ActivityManager: Slow operation: 57ms so far, now at startProcess: starting to update pids map
05-23 19:52:59.226  1698  2444 W ActivityManager: Slow operation: 57ms so far, now at startProcess: done updating pids map
05-23 19:52:59.226  1698  2444 W ActivityManager: Slow operation: 59ms so far, now at startProcess: done starting proc!
05-23 19:52:59.226  1698  2444 W ActivityManager: Slow operation: 60ms so far, now at getContentProviderImpl: after start process
05-23 19:52:59.226  1698  2444 W ActivityManager: Slow operation: 60ms so far, now at getContentProviderImpl: updating data structures
05-23 19:52:59.226  1698  2444 W ActivityManager: Slow operation: 60ms so far, now at getContentProviderImpl: done!
05-23 19:52:59.345  1698  1708 W ActivityManager: Slow operation: 76ms so far, now at attachApplicationLocked: immediately after bindApplication
05-23 19:52:59.346  1698  1708 W ActivityManager: Slow operation: 76ms so far, now at attachApplicationLocked: after updateLruProcessLocked
05-23 19:52:59.346  1698  1708 W ActivityManager: Slow operation: 77ms so far, now at attachApplicationLocked: after mServices.attachApplicationLocked
05-23 19:52:59.347  1698  1708 W ActivityManager: Slow operation: 78ms so far, now at attachApplicationLocked: after updateOomAdjLocked
05-23 19:52:59.538  1698  1698 I Telecom : DefaultDialerCache: Refreshing default dialer for user 0: now com.google.android.dialer: DDC.oR@ATQ
05-23 19:53:02.038  6639 27925 E ActivityThread: Failed to find provider info for com.google.android.apps.gsa.testing.ui.audio.recorded
05-23 19:53:03.050  1698  2445 I ActivityManager: Start proc 31639:com.android.vending:instant_app_installer/u0a23 for service com.android.vending/com.google.android.finsky.instantapps.notificationenforcement.hygiene.NotificationEnforcementCleanupService
05-23 19:53:07.095  6639 27925 E ActivityThread: Failed to find provider info for com.google.android.apps.gsa.testing.ui.audio.recorded
05-23 19:53:32.315  6639 27925 I chatty  : uid=10030(u0_a30) com.google.android.googlequicksearchbox:search identical 5 lines
05-23 19:53:37.349  6639 27925 E ActivityThread: Failed to find provider info for com.google.android.apps.gsa.testing.ui.audio.recorded
05-23 19:53:39.225  1698  2448 I ActivityManager: Killing 28943:com.android.mtp/u0a9 (adj 906): empty #17
05-23 19:53:42.397  6639 27925 E ActivityThread: Failed to find provider info for com.google.android.apps.gsa.testing.ui.audio.recorded
05-23 19:54:12.647  6639 27925 I chatty  : uid=10030(u0_a30) com.google.android.googlequicksearchbox:search identical 6 lines
05-23 19:54:17.696  6639 27925 E ActivityThread: Failed to find provider info for com.google.android.apps.gsa.testing.ui.audio.recorded
05-23 19:54:18.757  1927  1927 V DeadZone: consuming errant click: (675.9558,13.921875)
05-23 19:54:22.759  6639 27925 E ActivityThread: Failed to find provider info for com.google.android.apps.gsa.testing.ui.audio.recorded
05-23 19:54:25.840  1698  2444 I ActivityManager: START u0 {act=android.intent.action.MAIN cat=[android.intent.category.LAUNCHER] flg=0x10200000 cmp=com.facebook.react.uiapp/.RNTesterActivity bnds=[796,895][1053,1225]} from uid 10020
05-23 19:54:25.949  1698  3346 W ActivityManager: Slow operation: 71ms so far, now at startProcess: returned from zygote!
05-23 19:54:25.949  1698  3346 W ActivityManager: Slow operation: 71ms so far, now at startProcess: done updating battery stats
05-23 19:54:25.949  1698  3346 W ActivityManager: Slow operation: 71ms so far, now at startProcess: building log message
05-23 19:54:25.949  1698  3346 I ActivityManager: Start proc 31781:com.facebook.react.uiapp/u0a86 for activity com.facebook.react.uiapp/.RNTesterActivity
05-23 19:54:25.949  1698  3346 W ActivityManager: Slow operation: 72ms so far, now at startProcess: starting to update pids map
05-23 19:54:25.981  1698  3346 W ActivityManager: Slow operation: 72ms so far, now at startProcess: done updating pids map
05-23 19:54:25.981  1698  3346 W ActivityManager: Slow operation: 104ms so far, now at startProcess: done starting proc!
05-23 19:54:25.986  1698  1713 W Looper  : Dispatch took 108ms on android.ui, h=Handler (com.android.server.am.ActivityManagerService$UiHandler) {b1f7339} cb=null msg=53
05-23 19:54:25.992  1698  1712 I ActivityManager: Killing 28123:com.android.chrome:webview_service/u0a46 (adj 904): empty for 1804s
05-23 19:54:25.994  1698  1712 I ActivityManager: Killing 28965:com.google.android.apps.docs/u0a48 (adj 906): empty for 1824s
05-23 19:54:29.368  1698  1907 E TaskPersister: File error accessing recents directory (directory doesn't exist?).
05-23 19:57:26.735  1698  1708 I ActivityManager: START u0 {flg=0x10804000 cmp=com.android.systemui/.recents.RecentsActivity} from uid 10028
05-23 19:57:27.971  1698  7091 I ActivityManager: START u0 {act=android.intent.action.MAIN cat=[android.intent.category.HOME] flg=0x10200000 cmp=com.google.android.apps.nexuslauncher/.NexusLauncherActivity} from uid 10028
05-23 19:57:28.022  1698  7092 I ActivityManager: Killing 31781:com.facebook.react.uiapp/u0a86 (adj 900): remove task
05-23 19:57:28.051  1698  1907 E TaskPersister: File error accessing recents directory (directory doesn't exist?).
05-23 19:57:28.145  1698  1708 I WindowManager: WIN DEATH: Window{c425cee u0 com.facebook.react.uiapp/com.facebook.react.uiapp.RNTesterActivity}
05-23 19:57:28.157  1698  1719 W ActivityManager: setHasOverlayUi called on unknown pid: 31781
05-23 19:57:28.341  6639 27925 E ActivityThread: Failed to find provider info for com.google.android.apps.gsa.testing.ui.audio.recorded
05-23 19:57:29.811  1698  3346 I ActivityManager: START u0 {act=android.intent.action.MAIN cat=[android.intent.category.LAUNCHER] flg=0x10200000 cmp=com.facebook.react.uiapp/.RNTesterActivity bnds=[540,279][796,609]} from uid 10020
05-23 19:57:29.894  1698  2398 I ActivityManager: Start proc 31909:com.facebook.react.uiapp/u0a86 for activity com.facebook.react.uiapp/.RNTesterActivity
05-23 19:57:31.660  1698  1907 E TaskPersister: File error accessing recents directory (directory doesn't exist?).
05-23 19:58:11.531  1698  1715 E BatteryStatsService: modem info is invalid: ModemActivityInfo{ mTimestamp=0 mSleepTimeMs=0 mIdleTimeMs=0 mTxTimeMs[]=[0, 0, 0, 0, 0] mRxTimeMs=0 mEnergyUsed=0}
05-23 20:03:00.004  1698  1698 I ActivityManager: Killing 29916:com.google.android.gms.unstable/u0a11 (adj 906): empty for 1800s
05-23 20:03:00.008  1698  1698 I ActivityManager: Killing 29878:com.google.android.videos/u0a72 (adj 906): empty for 1808s
05-23 20:07:12.852  1698  1715 E BatteryStatsService: modem info is invalid: ModemActivityInfo{ mTimestamp=0 mSleepTimeMs=0 mIdleTimeMs=0 mTxTimeMs[]=[0, 0, 0, 0, 0] mRxTimeMs=0 mEnergyUsed=0}
05-23 20:07:35.361  1698  1715 E KernelCpuSpeedReader: Failed to read cpu-freq: /sys/devices/system/cpu/cpu0/cpufreq/stats/time_in_state (No such file or directory)
05-23 20:07:35.367  1698  1715 E BatteryStatsService: modem info is invalid: ModemActivityInfo{ mTimestamp=0 mSleepTimeMs=0 mIdleTimeMs=0 mTxTimeMs[]=[0, 0, 0, 0, 0] mRxTimeMs=0 mEnergyUsed=0}
05-23 20:08:00.606  1698  1712 W BroadcastQueue: Background execution not allowed: receiving Intent { act=android.intent.action.DROPBOX_ENTRY_ADDED flg=0x10 (has extras) } to com.google.android.gms/.stats.service.DropBoxEntryAddedReceiver
05-23 20:08:00.606  1698  1712 W BroadcastQueue: Background execution not allowed: receiving Intent { act=android.intent.action.DROPBOX_ENTRY_ADDED flg=0x10 (has extras) } to com.google.android.gms/.chimera.GmsIntentOperationService$PersistentTrustedReceiver
05-23 20:09:40.518  1698  7089 I ActivityManager: Start proc 32371:com.google.android.music:main/u0a61 for service com.google.android.music/.sync.google.MusicGcmTaskService
05-23 20:09:41.567  1698  2381 I ActivityManager: Start proc 32409:com.google.android.apps.messaging/u0a65 for service com.google.android.apps.messaging/com.firebase.jobdispatcher.GooglePlayReceiver
05-23 20:09:42.761  1698  2447 W ActivityManager: Background start not allowed: service Intent { cmp=com.google.android.apps.messaging/.shared.datamodel.action.execution.ActionExecutorImpl$EmptyService } to com.google.android.apps.messaging/.shared.datamodel.action.execution.ActionExecutorImpl$EmptyService from pid=32409 uid=10065 pkg=com.google.android.apps.messaging
05-23 20:09:42.849  1698  2018 W ActivityManager: Background start not allowed: service Intent { cmp=com.google.android.apps.messaging/.shared.datamodel.action.execution.ActionExecutorImpl$EmptyService } to com.google.android.apps.messaging/.shared.datamodel.action.execution.ActionExecutorImpl$EmptyService from pid=32409 uid=10065 pkg=com.google.android.apps.messaging
05-23 20:09:43.967  1698  2444 W ActivityManager: Background start not allowed: service Intent { cmp=com.google.android.apps.messaging/.shared.datamodel.action.execution.ActionExecutorImpl$EmptyService } to com.google.android.apps.messaging/.shared.datamodel.action.execution.ActionExecutorImpl$EmptyService from pid=32409 uid=10065 pkg=com.google.android.apps.messaging
05-23 20:09:44.728  1698  1712 I ActivityManager: Start proc 32486:com.google.android.apps.messaging:rcs/u0a65 for broadcast com.google.android.apps.messaging/com.google.android.ims.receiver.SharedPreferencesIntentChangeReceiver
05-23 20:09:46.252  1698  1712 W BroadcastQueue: Background execution not allowed: receiving Intent { act=com.google.android.music.START_DOWNLOAD_SCHEDULING flg=0x10 } to com.google.android.music/.autocache.AutoCacheSchedulingService$EnablingReceiver
05-23 20:09:46.335  1698  1708 I ActivityManager: Start proc 32523:android.process.media/u0a9 for content provider com.android.providers.media/.MediaProvider
05-23 20:09:48.657  1698  2024 W ActivityManager: Background start not allowed: service Intent { cmp=com.google.android.apps.messaging/.shared.datamodel.action.execution.ActionExecutorImpl$EmptyService } to com.google.android.apps.messaging/.shared.datamodel.action.execution.ActionExecutorImpl$EmptyService from pid=32409 uid=10065 pkg=com.google.android.apps.messaging
05-23 20:09:48.659  1698  2381 W ActivityManager: Background start not allowed: service Intent { cmp=com.google.android.apps.messaging/.shared.datamodel.action.execution.ActionExecutorImpl$EmptyService } to com.google.android.apps.messaging/.shared.datamodel.action.execution.ActionExecutorImpl$EmptyService from pid=32409 uid=10065 pkg=com.google.android.apps.messaging
05-23 20:09:48.999  1698  5336 W ActivityManager: Background start not allowed: service Intent { cmp=com.google.android.apps.messaging/.shared.datamodel.action.execution.ActionExecutorImpl$EmptyService } to com.google.android.apps.messaging/.shared.datamodel.action.execution.ActionExecutorImpl$EmptyService from pid=32409 uid=10065 pkg=com.google.android.apps.messaging
05-23 20:09:49.048  1698  2398 W ActivityManager: Background start not allowed: service Intent { cmp=com.google.android.apps.messaging/.shared.datamodel.action.execution.ActionExecutorImpl$EmptyService } to com.google.android.apps.messaging/.shared.datamodel.action.execution.ActionExecutorImpl$EmptyService from pid=32409 uid=10065 pkg=com.google.android.apps.messaging
05-23 20:09:49.629  1698  7092 W ActivityManager: Background start not allowed: service Intent { cmp=com.google.android.apps.messaging/.shared.datamodel.action.execution.ActionExecutorImpl$EmptyService } to com.google.android.apps.messaging/.shared.datamodel.action.execution.ActionExecutorImpl$EmptyService from pid=32409 uid=10065 pkg=com.google.android.apps.messaging
05-23 20:09:49.725  1698  7092 W ActivityManager: Background start not allowed: service Intent { cmp=com.google.android.apps.messaging/.shared.datamodel.action.execution.ActionExecutorImpl$EmptyService } to com.google.android.apps.messaging/.shared.datamodel.action.execution.ActionExecutorImpl$EmptyService from pid=32409 uid=10065 pkg=com.google.android.apps.messaging
05-23 20:10:15.245  1698  2448 D VoldConnector: SND -> {47 volume mkdirs /storage/emulated/0/Android/data/com.facebook.react.uiapp/cache/}
05-23 20:10:15.255  1698  1816 D VoldConnector: RCV <- {200 47 Command succeeded}
05-23 20:10:17.277  1698  2445 I ActivityManager: Start proc 32574:com.android.chrome:webview_service/u0a46 for service com.android.chrome/org.chromium.android_webview.services.VariationsSeedServer
05-23 20:10:17.515  1698  7091 I ActivityManager: Killing 30103:com.google.android.youtube/u0a78 (adj 906): empty #17
05-23 20:10:17.740  1698  2444 D ConnectivityService: ConnectivityService NetworkRequestInfo binderDied(NetworkRequest [ LISTEN id=14, [ Capabilities: INTERNET&NOT_RESTRICTED&TRUSTED&FOREGROUND] ], android.os.BinderProxy@a665d5d)
05-23 20:10:17.768  1698  1881 E ConnectivityService: RemoteException caught trying to send a callback msg for NetworkRequest [ LISTEN id=14, [ Capabilities: INTERNET&NOT_RESTRICTED&TRUSTED&FOREGROUND] ]
05-23 20:10:40.662  1698  1698 W ActivityManager: Slow operation: 93ms so far, now at startProcess: returned from zygote!
05-23 20:10:40.663  1698  1698 W ActivityManager: Slow operation: 93ms so far, now at startProcess: done updating battery stats
05-23 20:10:40.663  1698  1698 W ActivityManager: Slow operation: 94ms so far, now at startProcess: building log message
05-23 20:10:40.663  1698  1698 I ActivityManager: Start proc 32639:com.google.android.partnersetup/u0a16 for service com.google.android.partnersetup/.InstalledAppJobService
05-23 20:10:40.663  1698  1698 W ActivityManager: Slow operation: 94ms so far, now at startProcess: starting to update pids map
05-23 20:10:40.664  1698  1698 W ActivityManager: Slow operation: 95ms so far, now at startProcess: done updating pids map
05-23 20:10:40.664  1698  1698 W ActivityManager: Slow operation: 99ms so far, now at startProcess: done starting proc!
06-04 19:41:43.035  1698  1698 D ConditionProviders.SCP: onReceive android.intent.action.TIME_SET
06-04 19:41:43.043  1698  1711 I UsageStatsService: Time changed in UsageStats by 1035059 seconds
06-04 19:41:43.044  1698  1711 I UsageStatsService: User[0] Flushing usage stats to disk
06-04 19:41:43.049  1698  1698 D ConditionProviders.SCP: notifyCondition condition://android/schedule?days=6.7&start=23.30&end=10.0&exitAtAlarm=false STATE_FALSE reason=!meetsSchedule
06-04 19:41:43.050  1698  1698 D ConditionProviders.SCP: notifyCondition condition://android/schedule?days=1.2.3.4.5&start=22.0&end=7.0&exitAtAlarm=false STATE_FALSE reason=!meetsSchedule
06-04 19:41:43.051  1698  1698 D ConditionProviders.SCP: Scheduling evaluate for Tue Jun 04 22:00:00 GMT-03:00 2019 (1559696400000), in +2h18m16s965ms, now=Tue Jun 04 19:41:43 GMT-03:00 2019 (1559688103035)
06-04 19:41:43.052  1698  1698 D ConditionProviders.SCP: onReceive ScheduleConditionProvider.EVALUATE
06-04 19:41:43.052  1698  1698 D ConditionProviders.SCP: notifyCondition condition://android/schedule?days=6.7&start=23.30&end=10.0&exitAtAlarm=false STATE_FALSE reason=!meetsSchedule
06-04 19:41:43.052  1698  1698 D ConditionProviders.SCP: notifyCondition condition://android/schedule?days=1.2.3.4.5&start=22.0&end=7.0&exitAtAlarm=false STATE_FALSE reason=!meetsSchedule
06-04 19:41:43.052  1698  1698 D ConditionProviders.SCP: Scheduling evaluate for Tue Jun 04 22:00:00 GMT-03:00 2019 (1559696400000), in +2h18m16s948ms, now=Tue Jun 04 19:41:43 GMT-03:00 2019 (1559688103052)
06-04 19:41:43.148  1698  1711 I UsageStatsDatabase: Time changed by +11d23h30m59s995ms. files deleted: 0 files moved: 4
06-04 19:41:43.309  1698  1711 I UsageStatsService: User[0] Rollover scheduled @ 2019-06-05 18:39:26(1559759966414)
06-04 19:41:43.482  1698  2447 I ActivityManager: START u0 {flg=0x10804000 cmp=com.android.systemui/.recents.RecentsActivity} from uid 10028
06-04 19:41:44.728  1698  7091 I ActivityManager: START u0 {act=android.intent.action.MAIN cat=[android.intent.category.HOME] flg=0x10200000 cmp=com.google.android.apps.nexuslauncher/.NexusLauncherActivity} from uid 10028
06-04 19:41:44.759  1698  2448 I ActivityManager: Killing 31909:com.facebook.react.uiapp/u0a86 (adj 900): remove task
06-04 19:41:44.769  1698  1907 E TaskPersister: File error accessing recents directory (directory doesn't exist?).
06-04 19:41:44.826  1698  2034 I WindowManager: WIN DEATH: Window{cdd45a4 u0 com.facebook.react.uiapp/com.facebook.react.uiapp.RNTesterActivity}
06-04 19:41:44.841  1698  1719 W ActivityManager: setHasOverlayUi called on unknown pid: 31909
06-04 19:41:45.258  6639 32232 E ActivityThread: Failed to find provider info for com.google.android.apps.gsa.testing.ui.audio.recorded
06-04 19:41:49.203  1698  1907 E TaskPersister: File error accessing recents directory (directory doesn't exist?).
06-04 19:41:49.211  1698  1715 E BatteryStatsService: modem info is invalid: ModemActivityInfo{ mTimestamp=0 mSleepTimeMs=0 mIdleTimeMs=0 mTxTimeMs[]=[0, 0, 0, 0, 0] mRxTimeMs=0 mEnergyUsed=0}
06-04 19:41:50.309  6639 32232 E ActivityThread: Failed to find provider info for com.google.android.apps.gsa.testing.ui.audio.recorded
06-04 19:41:55.360  6639 32232 I chatty  : uid=10030(u0_a30) com.google.android.googlequicksearchbox:search identical 1 line
06-04 19:42:00.401  6639 32232 E ActivityThread: Failed to find provider info for com.google.android.apps.gsa.testing.ui.audio.recorded
06-04 19:42:04.934  1698  1698 I ActivityManager: Killing 30558:com.android.keychain/1000 (adj 906): empty #17
06-04 19:42:05.436  6639 32232 E ActivityThread: Failed to find provider info for com.google.android.apps.gsa.testing.ui.audio.recorded
06-04 19:42:15.510  6639 32232 I chatty  : uid=10030(u0_a30) com.google.android.googlequicksearchbox:search identical 2 lines
06-04 19:42:20.566  6639 32232 E ActivityThread: Failed to find provider info for com.google.android.apps.gsa.testing.ui.audio.recorded
06-04 19:42:25.227  1698  2024 I ActivityManager: Killing 24597:com.android.printspooler/u0a69 (adj 906): empty for 1812s
06-04 19:42:25.618  6639 32232 E ActivityThread: Failed to find provider info for com.google.android.apps.gsa.testing.ui.audio.recorded
06-04 19:42:35.714  6639 32232 I chatty  : uid=10030(u0_a30) com.google.android.googlequicksearchbox:search identical 2 lines
06-04 19:42:40.749  6639 32232 E ActivityThread: Failed to find provider info for com.google.android.apps.gsa.testing.ui.audio.recorded
06-04 19:42:43.125  1698  2024 W ActivityManager: Background start not allowed: service Intent { cmp=com.google.android.apps.messaging/.shared.datamodel.action.execution.ActionExecutorImpl$EmptyService } to com.google.android.apps.messaging/.shared.datamodel.action.execution.ActionExecutorImpl$EmptyService from pid=32409 uid=10065 pkg=com.google.android.apps.messaging
06-04 19:42:43.512  1698  7091 D CountryDetector: The first listener is added
06-04 19:42:45.786  6639 32232 E ActivityThread: Failed to find provider info for com.google.android.apps.gsa.testing.ui.audio.recorded
06-04 19:43:36.236  6639 32232 I chatty  : uid=10030(u0_a30) com.google.android.googlequicksearchbox:search identical 10 lines
06-04 19:43:41.309  6639 32232 E ActivityThread: Failed to find provider info for com.google.android.apps.gsa.testing.ui.audio.recorded
06-04 19:43:42.656  1698  2301 D PackageInstaller: Ignoring abandon after commit relinquished control
06-04 19:43:42.671  1698  2448 W BroadcastQueue: Background execution not allowed: receiving Intent { act=android.intent.action.PACKAGE_ADDED dat=package:com.triviagame flg=0x4000010 (has extras) } to com.android.vending/com.google.android.finsky.packagemanager.impl.PackageMonitorReceiverImpl$RegisteredReceiver
06-04 19:43:42.686  1698  1712 W BroadcastQueue: Background execution not allowed: receiving Intent { act=android.intent.action.PACKAGE_ADDED dat=package:com.triviagame flg=0x4000010 (has extras) } to com.google.android.gms/.games.chimera.GamesSystemBroadcastReceiverProxy
06-04 19:43:42.686  1698  1712 W BroadcastQueue: Background execution not allowed: receiving Intent { act=android.intent.action.PACKAGE_ADDED dat=package:com.triviagame flg=0x4000010 (has extras) } to com.google.android.gms/.gass.chimera.PackageChangeBroadcastReceiver
06-04 19:43:42.686  1698  1712 W BroadcastQueue: Background execution not allowed: receiving Intent { act=android.intent.action.PACKAGE_ADDED dat=package:com.triviagame flg=0x4000010 (has extras) } to com.google.android.gms/.chimera.GmsIntentOperationService$PersistentTrustedReceiver
06-04 19:43:42.686  1698  1712 W BroadcastQueue: Background execution not allowed: receiving Intent { act=android.intent.action.PACKAGE_ADDED dat=package:com.triviagame flg=0x4000010 (has extras) } to com.google.android.googlequicksearchbox/com.google.android.apps.gsa.googlequicksearchbox.GelStubAppWatcher
06-04 19:43:42.917  1698  1698 I Telecom : DefaultDialerCache: Refreshing default dialer for user 0: now com.google.android.dialer: DDC.oR@ATY
06-04 19:43:43.300  1698  1930 I ActivityManager: START u0 {flg=0x10000000 cmp=com.triviagame/.MainActivity} from uid 2000
06-04 19:43:43.362  1698  2381 I ActivityManager: Start proc 416:com.triviagame/u0a87 for activity com.triviagame/.MainActivity
06-04 19:43:43.446  1698  7091 W ActivityManager: Slow operation: 59ms so far, now at attachApplicationLocked: after mServices.attachApplicationLocked
06-04 19:43:43.447  1698  1713 W Looper  : Dispatch took 127ms on android.ui, h=Handler (com.android.server.am.ActivityManagerService$UiHandler) {b1f7339} cb=null msg=53
06-04 19:43:46.863  1698  1907 E TaskPersister: File error accessing recents directory (directory doesn't exist?).
06-04 19:43:59.452  1698  1711 I UsageStatsService: User[0] Flushing usage stats to disk
06-04 19:46:07.196  1698  1698 V BackupManagerService: Scheduling immediate backup pass
06-04 19:46:07.201  1698  1698 W BackupManagerService: Backup pass but e=false p=true
06-04 19:46:46.633  1698  1715 E BatteryStatsService: modem info is invalid: ModemActivityInfo{ mTimestamp=0 mSleepTimeMs=0 mIdleTimeMs=0 mTxTimeMs[]=[0, 0, 0, 0, 0] mRxTimeMs=0 mEnergyUsed=0}
06-04 19:48:06.313  1698  7091 I ActivityManager: START u0 {flg=0x10804000 cmp=com.android.systemui/.recents.RecentsActivity} from uid 10028
06-04 19:48:06.529  1698  2324 V KeyValueBackupJob: Scheduling k/v pass in 241 minutes
06-04 19:48:07.335  1698  7092 I ActivityManager: Killing 416:com.triviagame/u0a87 (adj 900): remove task
06-04 19:48:07.338  1698  5336 I ActivityManager: START u0 {act=android.intent.action.MAIN cat=[android.intent.category.HOME] flg=0x10200000 cmp=com.google.android.apps.nexuslauncher/.NexusLauncherActivity} from uid 10028
06-04 19:48:07.356  1698  1907 E TaskPersister: File error accessing recents directory (directory doesn't exist?).
06-04 19:48:07.444  1698  2034 I WindowManager: WIN DEATH: Window{e38892f u0 com.triviagame/com.triviagame.MainActivity}
06-04 19:48:07.456  1698  1719 W ActivityManager: setHasOverlayUi called on unknown pid: 416
06-04 19:48:07.544  6639   432 E ActivityThread: Failed to find provider info for com.google.android.apps.gsa.testing.ui.audio.recorded
06-04 19:48:09.339  1698  1708 I ActivityManager: START u0 {act=android.intent.action.MAIN cat=[android.intent.category.LAUNCHER] flg=0x10200000 cmp=com.triviagame/.MainActivity bnds=[27,279][283,609]} from uid 10020
06-04 19:48:09.372  1698  7093 I ActivityManager: Start proc 742:com.triviagame/u0a87 for activity com.triviagame/.MainActivity
06-04 19:48:10.665  1698  2445 D ConnectivityService: reportNetworkConnectivity(101, false) by 10011
06-04 19:48:10.829  1698  1881 D ConnectivityService: NetworkAgentInfo [WIFI () - 101] validation passed
06-04 19:48:10.961  1698  1907 E TaskPersister: File error accessing recents directory (directory doesn't exist?).
06-04 19:51:48.180  1698  1715 E BatteryStatsService: modem info is invalid: ModemActivityInfo{ mTimestamp=0 mSleepTimeMs=0 mIdleTimeMs=0 mTxTimeMs[]=[0, 0, 0, 0, 0] mRxTimeMs=0 mEnergyUsed=0}
06-04 19:53:14.305  1927  1927 V DeadZone: consuming errant click: (748.95996,35.89453)
06-04 19:53:15.343  1698  4428 I ActivityManager: START u0 {flg=0x10804000 cmp=com.android.systemui/.recents.RecentsActivity} from uid 10028
06-04 19:53:16.347  1698  1708 I ActivityManager: Killing 742:com.triviagame/u0a87 (adj 900): remove task
06-04 19:53:16.348  1698  2398 I ActivityManager: START u0 {act=android.intent.action.MAIN cat=[android.intent.category.HOME] flg=0x10200000 cmp=com.google.android.apps.nexuslauncher/.NexusLauncherActivity} from uid 10028
06-04 19:53:16.381  1698  1907 E TaskPersister: File error accessing recents directory (directory doesn't exist?).
06-04 19:53:16.470  1698  2018 I WindowManager: WIN DEATH: Window{a2630af u0 com.triviagame/com.triviagame.MainActivity}
06-04 19:53:16.478  1698  1719 W ActivityManager: setHasOverlayUi called on unknown pid: 742
06-04 19:53:16.551  6639  1079 E ActivityThread: Failed to find provider info for com.google.android.apps.gsa.testing.ui.audio.recorded
06-04 19:53:19.475  1698  1907 E TaskPersister: File error accessing recents directory (directory doesn't exist?).
06-04 19:53:21.600  6639  1079 E ActivityThread: Failed to find provider info for com.google.android.apps.gsa.testing.ui.audio.recorded
06-04 19:53:31.679  6639  1079 I chatty  : uid=10030(u0_a30) com.google.android.googlequicksearchbox:search identical 2 lines
06-04 19:53:36.713  6639  1079 E ActivityThread: Failed to find provider info for com.google.android.apps.gsa.testing.ui.audio.recorded
06-04 19:53:37.238  1698  1708 I ActivityManager: START u0 {act=android.intent.action.MAIN cat=[android.intent.category.LAUNCHER] flg=0x10200000 cmp=com.triviagame/.MainActivity bnds=[283,1163][540,1493]} from uid 10020
06-04 19:53:37.292  1698  6886 I ActivityManager: Start proc 1115:com.triviagame/u0a87 for activity com.triviagame/.MainActivity
06-04 19:53:40.755  1698  1907 E TaskPersister: File error accessing recents directory (directory doesn't exist?).
06-04 19:54:33.649  1698  1709 I ActivityManager: START u0 {flg=0x10804000 cmp=com.android.systemui/.recents.RecentsActivity} from uid 10028
06-04 19:54:34.590  1698  7091 I ActivityManager: START u0 {act=android.intent.action.MAIN cat=[android.intent.category.HOME] flg=0x10200000 cmp=com.google.android.apps.nexuslauncher/.NexusLauncherActivity} from uid 10028
06-04 19:54:34.614  1698  2445 I ActivityManager: Killing 1115:com.triviagame/u0a87 (adj 900): remove task
06-04 19:54:34.626  1698  1907 E TaskPersister: File error accessing recents directory (directory doesn't exist?).
06-04 19:54:34.720  1698  2445 I WindowManager: WIN DEATH: Window{63cb86b u0 com.triviagame/com.triviagame.MainActivity}
06-04 19:54:34.730  1698  1719 W ActivityManager: setHasOverlayUi called on unknown pid: 1115
06-04 19:54:34.825  6639  1079 E ActivityThread: Failed to find provider info for com.google.android.apps.gsa.testing.ui.audio.recorded
06-04 19:54:36.866  1698  1930 I ActivityManager: START u0 {act=android.intent.action.MAIN cat=[android.intent.category.LAUNCHER] flg=0x10200000 cmp=com.triviagame/.MainActivity bnds=[27,279][283,609]} from uid 10020
06-04 19:54:36.910  1698  2024 I ActivityManager: Start proc 1225:com.triviagame/u0a87 for activity com.triviagame/.MainActivity
06-04 19:54:38.237  1698  1907 E TaskPersister: File error accessing recents directory (directory doesn't exist?).
06-04 19:56:45.389  1698  1715 E BatteryStatsService: modem info is invalid: ModemActivityInfo{ mTimestamp=0 mSleepTimeMs=0 mIdleTimeMs=0 mTxTimeMs[]=[0, 0, 0, 0, 0] mRxTimeMs=0 mEnergyUsed=0}
06-04 19:57:21.258  1698  7089 I ActivityManager: Start proc 1488:com.google.android.youtube/u0a78 for service com.google.android.youtube/com.google.android.libraries.youtube.common.gcore.gcoreclient.gcm.impl.GcmTaskServiceDelegator
06-04 19:57:21.288  1698  2448 D ConnectivityService: reportNetworkConnectivity(101, false) by 10011
06-04 19:57:21.434  1698  1881 D ConnectivityService: NetworkAgentInfo [WIFI () - 101] validation passed
06-04 19:57:22.343  1698  4428 I ActivityManager: Start proc 1700:com.google.android.gms.unstable/u0a11 for service com.google.android.gms/.droidguard.DroidGuardService
06-04 19:57:23.804  1698  1708 I ActivityManager: Start proc 1763:com.google.android.dialer/u0a18 for broadcast com.google.android.dialer/com.google.android.apps.dialer.phenotype.UpdateBroadcastReceiver
06-04 19:57:24.242  1698  2447 I ActivityManager: Start proc 1809:com.google.android.gms.ui/u0a11 for service com.google.android.gms/.chimera.UiIntentOperationService
06-04 19:57:33.027  1698  3346 I ActivityManager: Killing 32371:com.google.android.music:main/u0a61 (adj 906): empty #17
06-04 19:57:34.274  1698  1698 I Telecom : DefaultDialerCache: Refreshing default dialer for user 0: now com.google.android.dialer: DDC.oR@ATk
06-04 19:57:34.305  1698  1698 I Telecom : DefaultDialerCache: Refreshing default dialer for user 0: now com.google.android.dialer: DDC.oR@ATo
06-04 19:57:34.426  1698  1711 I ActivityManager: Start proc 1991:com.android.printspooler/u0a69 for service com.android.printspooler/.model.PrintSpoolerService
06-04 19:57:38.755  1698  1698 I ActivityManager: Start proc 2022:com.google.android.apps.photos/u0a66 for service com.google.android.apps.photos/com.google.android.libraries.social.mediamonitor.MediaMonitorJobSchedulerService
06-04 19:57:39.254  1698  2034 I ActivityManager: Killing 32639:com.google.android.partnersetup/u0a16 (adj 906): empty #17
06-04 19:57:39.530  1698  1708 I ActivityManager: Killing 29751:com.google.android.deskclock/u0a67 (adj 906): empty #17
06-04 19:58:17.100  1698  2445 I ActivityManager: Killing 30748:com.google.android.apps.wallpaper/u0a73 (adj 906): empty #17
06-04 19:58:20.647  1698  7089 I ActivityManager: Killing 29714:com.android.providers.calendar/u0a1 (adj 906): empty #17
06-04 20:01:06.785  6639  1130 E ActivityThread: Failed to find provider info for com.google.android.apps.gsa.testing.ui.audio.recorded
06-04 20:01:06.842  1698  1698 W WindowManager: removeWindowToken: Attempted to remove non-existing token: android.os.Binder@7177bfa
06-04 20:01:08.850  1698  1698 W WindowManager: removeWindowToken: Attempted to remove non-existing token: android.os.Binder@816dcdd
06-04 20:01:08.852  1698  1698 I ActivityManager: Killing 31587:android.process.acore/u0a0 (adj 906): empty #17
06-04 20:01:08.898  1698  7091 D CountryDetector: No listener is left
06-04 20:01:09.961  1698  1907 E TaskPersister: File error accessing recents directory (directory doesn't exist?).
06-04 20:01:11.839  6639  1130 E ActivityThread: Failed to find provider info for com.google.android.apps.gsa.testing.ui.audio.recorded
06-04 20:01:27.038  6639  1130 I chatty  : uid=10030(u0_a30) com.google.android.googlequicksearchbox:search identical 3 lines
06-04 20:01:32.075  6639  1130 E ActivityThread: Failed to find provider info for com.google.android.apps.gsa.testing.ui.audio.recorded
06-04 20:01:32.412  1698  1712 W BroadcastQueue: Background execution not allowed: receiving Intent { act=android.intent.action.DROPBOX_ENTRY_ADDED flg=0x10 (has extras) } to com.google.android.gms/.stats.service.DropBoxEntryAddedReceiver
06-04 20:01:32.412  1698  1712 W BroadcastQueue: Background execution not allowed: receiving Intent { act=android.intent.action.DROPBOX_ENTRY_ADDED flg=0x10 (has extras) } to com.google.android.gms/.chimera.GmsIntentOperationService$PersistentTrustedReceiver
06-04 20:01:37.112  6639  1130 E ActivityThread: Failed to find provider info for com.google.android.apps.gsa.testing.ui.audio.recorded
06-04 20:02:07.420  6639  1130 I chatty  : uid=10030(u0_a30) com.google.android.googlequicksearchbox:search identical 6 lines
06-04 20:02:12.460  6639  1130 E ActivityThread: Failed to find provider info for com.google.android.apps.gsa.testing.ui.audio.recorded
06-04 20:02:16.869  1698  1715 E BatteryStatsService: modem info is invalid: ModemActivityInfo{ mTimestamp=0 mSleepTimeMs=0 mIdleTimeMs=0 mTxTimeMs[]=[0, 0, 0, 0, 0] mRxTimeMs=0 mEnergyUsed=0}
06-04 20:02:17.502  6639  1130 E ActivityThread: Failed to find provider info for com.google.android.apps.gsa.testing.ui.audio.recorded
06-04 20:04:13.492  6639  1130 I chatty  : uid=10030(u0_a30) com.google.android.googlequicksearchbox:search identical 23 lines
06-04 20:04:18.539  6639  1130 E ActivityThread: Failed to find provider info for com.google.android.apps.gsa.testing.ui.audio.recorded
06-04 20:04:21.082  1698  1711 I UsageStatsService: User[0] Flushing usage stats to disk
06-04 20:04:23.582  6639  1130 E ActivityThread: Failed to find provider info for com.google.android.apps.gsa.testing.ui.audio.recorded
06-04 20:05:03.934  6639  1130 I chatty  : uid=10030(u0_a30) com.google.android.googlequicksearchbox:search identical 8 lines
06-04 20:05:08.972  6639  1130 E ActivityThread: Failed to find provider info for com.google.android.apps.gsa.testing.ui.audio.recorded
06-04 20:05:12.940  1698  2444 I ActivityManager: Start proc 2656:com.google.android.videos/u0a72 for service com.google.android.videos/com.google.android.apps.play.movies.common.service.drm.RefreshLicenseTaskService
06-04 20:05:14.021  6639  1130 E ActivityThread: Failed to find provider info for com.google.android.apps.gsa.testing.ui.audio.recorded
06-04 20:05:24.132  6639  1130 I chatty  : uid=10030(u0_a30) com.google.android.googlequicksearchbox:search identical 2 lines
06-04 20:05:29.170  6639  1130 E ActivityThread: Failed to find provider info for com.google.android.apps.gsa.testing.ui.audio.recorded
06-04 20:05:33.536  1698  2034 I ActivityManager: Killing 24518:com.android.defcontainer/u0a7 (adj 906): empty #17
06-04 20:05:34.203  6639  1130 E ActivityThread: Failed to find provider info for com.google.android.apps.gsa.testing.ui.audio.recorded
06-04 20:06:54.907  6639  1130 I chatty  : uid=10030(u0_a30) com.google.android.googlequicksearchbox:search identical 16 lines
06-04 20:06:59.961  6639  1130 E ActivityThread: Failed to find provider info for com.google.android.apps.gsa.testing.ui.audio.recorded
06-04 20:07:03.213  1698  1930 W ActivityManager: Permission Denial: Accessing service ComponentInfo{com.google.android.music/com.google.android.music.dial.DialMediaRouteProviderService} from pid=1488, uid=10078 that is not exported from uid 10061
06-04 20:07:04.998  6639  1130 E ActivityThread: Failed to find provider info for com.google.android.apps.gsa.testing.ui.audio.recorded
06-04 20:07:10.025  6639  1130 E ActivityThread: Failed to find provider info for com.google.android.apps.gsa.testing.ui.audio.recorded
06-04 20:07:11.226  1698  7092 W ActivityManager: Permission Denial: Accessing service ComponentInfo{com.google.android.music/com.google.android.music.dial.DialMediaRouteProviderService} from pid=1488, uid=10078 that is not exported from uid 10061
06-04 20:07:15.084  6639  1130 E ActivityThread: Failed to find provider info for com.google.android.apps.gsa.testing.ui.audio.recorded
06-04 20:07:20.130  6639  1130 E ActivityThread: Failed to find provider info for com.google.android.apps.gsa.testing.ui.audio.recorded
06-04 20:07:21.714  1698  1715 E BatteryStatsService: modem info is invalid: ModemActivityInfo{ mTimestamp=0 mSleepTimeMs=0 mIdleTimeMs=0 mTxTimeMs[]=[0, 0, 0, 0, 0] mRxTimeMs=0 mEnergyUsed=0}
06-04 20:07:25.168  6639  1130 E ActivityThread: Failed to find provider info for com.google.android.apps.gsa.testing.ui.audio.recorded
06-04 20:07:35.276  6639  1130 I chatty  : uid=10030(u0_a30) com.google.android.googlequicksearchbox:search identical 2 lines
06-04 20:07:40.318  6639  1130 E ActivityThread: Failed to find provider info for com.google.android.apps.gsa.testing.ui.audio.recorded
06-04 20:07:45.229  1698  1715 E BatteryStatsService: modem info is invalid: ModemActivityInfo{ mTimestamp=0 mSleepTimeMs=0 mIdleTimeMs=0 mTxTimeMs[]=[0, 0, 0, 0, 0] mRxTimeMs=0 mEnergyUsed=0}
06-04 20:07:45.351  6639  1130 E ActivityThread: Failed to find provider info for com.google.android.apps.gsa.testing.ui.audio.recorded
06-04 20:08:25.704  6639  1130 I chatty  : uid=10030(u0_a30) com.google.android.googlequicksearchbox:search identical 8 lines
06-04 20:08:30.763  6639  1130 E ActivityThread: Failed to find provider info for com.google.android.apps.gsa.testing.ui.audio.recorded
06-04 20:08:35.649  1698  1715 E KernelCpuSpeedReader: Failed to read cpu-freq: /sys/devices/system/cpu/cpu0/cpufreq/stats/time_in_state (No such file or directory)
06-04 20:08:35.651  1698  1715 E BatteryStatsService: modem info is invalid: ModemActivityInfo{ mTimestamp=0 mSleepTimeMs=0 mIdleTimeMs=0 mTxTimeMs[]=[0, 0, 0, 0, 0] mRxTimeMs=0 mEnergyUsed=0}
06-04 20:08:35.801  6639  1130 E ActivityThread: Failed to find provider info for com.google.android.apps.gsa.testing.ui.audio.recorded
06-04 20:14:18.641  6639  1130 I chatty  : uid=10030(u0_a30) com.google.android.googlequicksearchbox:search identical 68 lines
06-04 20:14:23.678  6639  1130 E ActivityThread: Failed to find provider info for com.google.android.apps.gsa.testing.ui.audio.recorded
06-04 20:14:23.995  1698  1712 I ActivityManager: Killing 32574:com.android.chrome:webview_service/u0a46 (adj 906): empty for 1802s
06-04 20:14:28.718  6639  1130 E ActivityThread: Failed to find provider info for com.google.android.apps.gsa.testing.ui.audio.recorded
06-04 20:16:14.541  6639  1130 I chatty  : uid=10030(u0_a30) com.google.android.googlequicksearchbox:search identical 21 lines
06-04 20:16:19.592  6639  1130 E ActivityThread: Failed to find provider info for com.google.android.apps.gsa.testing.ui.audio.recorded
10-08 11:10:31.156  1698  1698 D ConditionProviders.SCP: onReceive android.intent.action.TIME_SET
10-08 11:10:31.240  1698  1698 D ConditionProviders.SCP: notifyCondition condition://android/schedule?days=1.2.3.4.5&start=22.0&end=7.0&exitAtAlarm=false STATE_FALSE reason=!meetsSchedule
10-08 11:10:31.278  1698  1698 D ConditionProviders.SCP: Scheduling evaluate for Tue Oct 08 22:00:00 GMT-03:00 2019 (1570582800000), in +10h49m28s844ms, now=Tue Oct 08 11:10:31 GMT-03:00 2019 (1570543831156)
10-08 11:10:31.308  1698  1698 D ConditionProviders.SCP: notifyCondition condition://android/schedule?days=6.7&start=23.30&end=10.0&exitAtAlarm=false STATE_FALSE reason=!meetsSchedule
10-08 11:10:31.602  1698  7089 W ActivityManager: Slow operation: 297ms so far, now at startProcess: returned from zygote!
10-08 11:10:31.603  1698  7089 W ActivityManager: Slow operation: 298ms so far, now at startProcess: done updating battery stats
10-08 11:10:31.604  1698  7089 W ActivityManager: Slow operation: 299ms so far, now at startProcess: building log message
10-08 11:10:31.604  1698  7089 I ActivityManager: Start proc 3502:com.google.android.deskclock/u0a67 for broadcast com.google.android.deskclock/com.android.deskclock.AlarmInitReceiver
10-08 11:10:31.604  1698  7089 W ActivityManager: Slow operation: 299ms so far, now at startProcess: starting to update pids map
10-08 11:10:31.605  1698  7089 W ActivityManager: Slow operation: 300ms so far, now at startProcess: done updating pids map
10-08 11:10:31.605  1698  7089 W ActivityManager: Slow operation: 307ms so far, now at startProcess: done starting proc!
10-08 11:10:31.606  1698  1713 W Looper  : Dispatch took 303ms on android.ui, h=Handler (com.android.server.am.ActivityManagerService$UiHandler) {b1f7339} cb=null msg=53
10-08 11:10:31.624  1698  1698 D ConditionProviders.SCP: onReceive ScheduleConditionProvider.EVALUATE
10-08 11:10:31.624  1698  1698 D ConditionProviders.SCP: notifyCondition condition://android/schedule?days=6.7&start=23.30&end=10.0&exitAtAlarm=false STATE_FALSE reason=!meetsSchedule
10-08 11:10:31.708  1698  1887 W ActivityManager: Slow operation: 81ms so far, now at startProcess: returned from zygote!
10-08 11:10:31.708  1698  1887 W ActivityManager: Slow operation: 81ms so far, now at startProcess: done updating battery stats
10-08 11:10:31.708  1698  1887 W ActivityManager: Slow operation: 81ms so far, now at startProcess: building log message
10-08 11:10:31.708  1698  1887 I ActivityManager: Start proc 3511:com.android.providers.calendar/u0a1 for content provider com.android.providers.calendar/.CalendarProvider2
10-08 11:10:31.708  1698  1887 W ActivityManager: Slow operation: 82ms so far, now at startProcess: starting to update pids map
10-08 11:10:31.708  1698  1887 W ActivityManager: Slow operation: 82ms so far, now at startProcess: done updating pids map
10-08 11:10:31.708  1698  1887 W ActivityManager: Slow operation: 82ms so far, now at startProcess: done starting proc!
10-08 11:10:31.708  1698  1887 W ActivityManager: Slow operation: 84ms so far, now at getContentProviderImpl: after start process
10-08 11:10:31.708  1698  1887 W ActivityManager: Slow operation: 84ms so far, now at getContentProviderImpl: updating data structures
10-08 11:10:31.710  1698  1887 W ActivityManager: Slow operation: 85ms so far, now at getContentProviderImpl: done!
10-08 11:10:31.710  1698  1698 D ConditionProviders.SCP: notifyCondition condition://android/schedule?days=1.2.3.4.5&start=22.0&end=7.0&exitAtAlarm=false STATE_FALSE reason=!meetsSchedule
10-08 11:10:31.711  1698  1698 D ConditionProviders.SCP: Scheduling evaluate for Tue Oct 08 22:00:00 GMT-03:00 2019 (1570582800000), in +10h49m28s376ms, now=Tue Oct 08 11:10:31 GMT-03:00 2019 (1570543831624)
10-08 11:10:31.962  1698  4428 W ActivityManager: Slow operation: 72ms so far, now at attachApplicationLocked: before bindApplication
10-08 11:10:31.965  1698  4428 W ActivityManager: Slow operation: 75ms so far, now at attachApplicationLocked: immediately before bindApplication
10-08 11:10:31.993  1698  4428 W ActivityManager: Slow operation: 103ms so far, now at attachApplicationLocked: immediately after bindApplication
10-08 11:10:31.994  1698  4428 W ActivityManager: Slow operation: 104ms so far, now at attachApplicationLocked: after updateLruProcessLocked
10-08 11:10:32.020  1698  4428 W ActivityManager: Slow operation: 130ms so far, now at attachApplicationLocked: after mServices.attachApplicationLocked
10-08 11:10:32.021  1698  4428 W ActivityManager: Slow operation: 131ms so far, now at attachApplicationLocked: after updateOomAdjLocked
10-08 11:10:32.022  1698  1711 I UsageStatsService: Time changed in UsageStats by 10853646 seconds
10-08 11:10:32.058  1698  1711 I UsageStatsService: User[0] Flushing usage stats to disk
10-08 11:10:32.375  6639  1130 E ActivityThread: Failed to find provider info for com.google.android.apps.gsa.testing.ui.audio.recorded
10-08 11:10:32.515  1698  1711 I UsageStatsDatabase: Time changed by +125d14h54m6s991ms. files deleted: 0 files moved: 4
10-08 11:10:32.611  1698  1711 I UsageStatsService: User[0] Rollover scheduled @ 2019-10-09 09:33:33(1570613613405)
10-08 11:10:32.961  1698  7089 I ActivityManager: Start proc 3556:com.google.android.apps.wallpaper/u0a73 for broadcast com.google.android.apps.wallpaper/.module.DailyLoggingAlarmReceiver
10-08 11:10:37.649  6639  1130 E ActivityThread: Failed to find provider info for com.google.android.apps.gsa.testing.ui.audio.recorded
10-08 11:10:40.390  1698  1715 E BatteryStatsService: modem info is invalid: ModemActivityInfo{ mTimestamp=0 mSleepTimeMs=0 mIdleTimeMs=0 mTxTimeMs[]=[0, 0, 0, 0, 0] mRxTimeMs=0 mEnergyUsed=0}
10-08 11:10:42.729  6639  1130 E ActivityThread: Failed to find provider info for com.google.android.apps.gsa.testing.ui.audio.recorded
10-08 11:10:48.848  6639  1130 E ActivityThread: Failed to find provider info for com.google.android.apps.gsa.testing.ui.audio.recorded
10-08 11:10:53.324  1698  7092 I ActivityManager: Killing 1809:com.google.android.gms.ui/u0a11 (adj 906): empty #17
10-08 11:10:53.327  1698  7092 I ActivityManager: Killing 1763:com.google.android.dialer/u0a18 (adj 906): empty #18
10-08 11:10:53.956  6639  1130 E ActivityThread: Failed to find provider info for com.google.android.apps.gsa.testing.ui.audio.recorded
10-08 11:10:59.034  6639  1130 I chatty  : uid=10030(u0_a30) com.google.android.googlequicksearchbox:search identical 1 line
10-08 11:11:04.167  6639  1130 E ActivityThread: Failed to find provider info for com.google.android.apps.gsa.testing.ui.audio.recorded
10-08 11:11:05.202  1698  1724 I ActivityManager: Start proc 3629:com.android.defcontainer/u0a7 for service com.android.defcontainer/.DefaultContainerService
10-08 11:11:09.021  1698  5336 D PackageInstaller: Ignoring abandon after commit relinquished control
10-08 11:11:09.085  1698  3346 W BroadcastQueue: Background execution not allowed: receiving Intent { act=android.intent.action.PACKAGE_ADDED dat=package:com.reactconf flg=0x4000010 (has extras) } to com.android.vending/com.google.android.finsky.packagemanager.impl.PackageMonitorReceiverImpl$RegisteredReceiver
10-08 11:11:09.086  1698  1712 W BroadcastQueue: Background execution not allowed: receiving Intent { act=android.intent.action.PACKAGE_ADDED dat=package:com.reactconf flg=0x4000010 (has extras) } to com.google.android.gms/.games.chimera.GamesSystemBroadcastReceiverProxy
10-08 11:11:09.086  1698  1712 W BroadcastQueue: Background execution not allowed: receiving Intent { act=android.intent.action.PACKAGE_ADDED dat=package:com.reactconf flg=0x4000010 (has extras) } to com.google.android.gms/.gass.chimera.PackageChangeBroadcastReceiver
10-08 11:11:09.086  1698  1712 W BroadcastQueue: Background execution not allowed: receiving Intent { act=android.intent.action.PACKAGE_ADDED dat=package:com.reactconf flg=0x4000010 (has extras) } to com.google.android.gms/.chimera.GmsIntentOperationService$PersistentTrustedReceiver
10-08 11:11:09.087  1698  1712 W BroadcastQueue: Background execution not allowed: receiving Intent { act=android.intent.action.PACKAGE_ADDED dat=package:com.reactconf flg=0x4000010 (has extras) } to com.google.android.googlequicksearchbox/com.google.android.apps.gsa.googlequicksearchbox.GelStubAppWatcher
10-08 11:11:09.298  6639  1130 E ActivityThread: Failed to find provider info for com.google.android.apps.gsa.testing.ui.audio.recorded
10-08 11:11:09.837  1698  1708 I ActivityManager: START u0 {flg=0x10000000 cmp=com.reactconf/.MainActivity} from uid 2000
10-08 11:11:10.222  1698  1698 I Telecom : DefaultDialerCache: Refreshing default dialer for user 0: now com.google.android.dialer: DDC.oR@AT4
10-08 11:11:10.235  1698  5336 I ActivityManager: Start proc 3683:com.reactconf/u0a88 for activity com.reactconf/.MainActivity
10-08 11:11:10.381  1698  1713 W Looper  : Dispatch took 182ms on android.ui, h=Handler (com.android.server.am.ActivityManagerService$UiHandler) {b1f7339} cb=null msg=53
10-08 11:11:10.480  1698  1930 W ActivityManager: Slow operation: 98ms so far, now at attachApplicationLocked: after mServices.attachApplicationLocked
10-08 11:11:10.543  1698  2034 I ActivityManager: Start proc 3699:android.process.acore/u0a0 for content provider com.android.providers.contacts/.ContactsProvider2
10-08 11:11:17.104  1698  1907 E TaskPersister: File error accessing recents directory (directory doesn't exist?).
10-08 11:11:17.756  1698  1709 W ActivityManager: Unable to start service Intent { act=com.google.firebase.MESSAGING_EVENT pkg=com.reactconf } U=0: not found
10-08 11:11:21.129  1698  2024 I ActivityManager: Start proc 3792:com.android.chrome:webview_service/u0a46 for service com.android.chrome/org.chromium.android_webview.services.VariationsSeedServer
10-08 11:11:25.745  1698  6886 I ActivityManager: Killing 31639:com.android.vending:instant_app_installer/u0a23 (adj 906): empty #17
10-08 11:11:31.200  1698  1698 I ActivityManager: Start proc 3831:com.android.vending:instant_app_installer/u0a23 for service com.android.vending/com.google.android.finsky.instantapps.metrics.LogFlushJob
10-08 11:11:31.512  1698  2024 I ActivityManager: Killing 32486:com.google.android.apps.messaging:rcs/u0a65 (adj 906): empty #17
10-08 11:11:38.398  1698  7092 I ActivityManager: Killing 32409:com.google.android.apps.messaging/u0a65 (adj 906): empty #17
10-08 11:11:53.007  1698  2024 I ActivityManager: Killing 1991:com.android.printspooler/u0a69 (adj 906): empty #17
10-08 11:12:11.442  1698  2034 D ConnectivityService: reportNetworkConnectivity(101, false) by 10011
10-08 11:12:11.660  1698  1881 D ConnectivityService: NetworkAgentInfo [WIFI () - 101] validation passed
10-08 11:12:14.271  1698  2018 I ActivityManager: START u0 {flg=0x10804000 cmp=com.android.systemui/.recents.RecentsActivity} from uid 10028
10-08 11:12:16.601  1698  1708 I ActivityManager: START u0 {flg=0x10804000 cmp=com.android.systemui/.recents.RecentsActivity} from uid 10028
--------- beginning of main
10-08 11:12:16.627  1429  1429 D gralloc_ranchu: gralloc_alloc: Creating ashmem region of size 663552
10-08 11:12:16.629  1927  2153 D EGL_emulation: eglMakeCurrent: 0xa5405360: ver 3 0 (tinfo 0xa5403510)
10-08 11:12:16.631  1927  1927 E BufferItemConsumer: [unnamed-1927-94] Failed to release buffer: Unknown error -1 (1)
