10-08 11:14:30.375  1538  6636 D MemoryDealer:    18: 0xa7d99de0 | 0x00240FC0 | 0x000200E0 | A 
10-08 11:14:30.375  1538  6636 D MemoryDealer:    19: 0xa7d99f00 | 0x002610A0 | 0x000200E0 | A 
10-08 11:14:30.375  1538  6636 D MemoryDealer:    
10-08 11:14:30.376  1538  6636 E AudioFlinger: createRecordTrack_l() initCheck failed -12; no control block?
10-08 11:14:30.392  6639  1130 E AudioRecord: AudioFlinger could not create record track, status: -12
10-08 11:14:30.409  6639  1130 E AudioRecord-JNI: Error creating AudioRecord instance: initialization check failed with status -12.
10-08 11:14:30.409  6639  1130 E android.media.AudioRecord: Error code -20 when initializing native AudioRecord object.
10-08 11:14:30.410  6639  1130 I MicrophoneInputStream: mic_started com.google.android.apps.gsa.staticplugins.aa.c@d47a118
10-08 11:14:30.411  6639  6639 I MicroDetectionWorker: onReady
10-08 11:14:30.440  6639  1130 I MicrophoneInputStream: mic_close com.google.android.apps.gsa.staticplugins.aa.c@d47a118
10-08 11:14:30.440  6639  3944 I MicroRecognitionRunner: Detection finished
10-08 11:14:30.441  6639  3944 W ErrorReporter: reportError [type: 211, code: 524300]: Error reading from input stream
10-08 11:14:30.442  6639  6786 I MicroRecognitionRunner: Stopping hotword detection.
10-08 11:14:30.445  6639  3944 W ErrorProcessor: onFatalError, processing error from engine(4)
10-08 11:14:30.445  6639  3944 W ErrorProcessor: com.google.android.apps.gsa.shared.speech.b.g: Error reading from input stream
10-08 11:14:30.445  6639  3944 W ErrorProcessor: 	at com.google.android.apps.gsa.staticplugins.recognizer.j.a.a(SourceFile:28)
10-08 11:14:30.445  6639  3944 W ErrorProcessor: 	at com.google.android.apps.gsa.staticplugins.recognizer.j.b.run(SourceFile:15)
10-08 11:14:30.445  6639  3944 W ErrorProcessor: 	at java.util.concurrent.Executors$RunnableAdapter.call(Executors.java:457)
10-08 11:14:30.445  6639  3944 W ErrorProcessor: 	at java.util.concurrent.FutureTask.run(FutureTask.java:266)
10-08 11:14:30.445  6639  3944 W ErrorProcessor: 	at com.google.android.apps.gsa.shared.util.concurrent.a.ax.run(SourceFile:14)
10-08 11:14:30.445  6639  3944 W ErrorProcessor: 	at com.google.android.apps.gsa.shared.util.concurrent.a.bl.run(SourceFile:4)
10-08 11:14:30.445  6639  3944 W ErrorProcessor: 	at com.google.android.apps.gsa.shared.util.concurrent.a.bl.run(SourceFile:4)
10-08 11:14:30.445  6639  3944 W ErrorProcessor: 	at java.util.concurrent.ThreadPoolExecutor.runWorker(ThreadPoolExecutor.java:1162)
10-08 11:14:30.445  6639  3944 W ErrorProcessor: 	at java.util.concurrent.ThreadPoolExecutor$Worker.run(ThreadPoolExecutor.java:636)
10-08 11:14:30.445  6639  3944 W ErrorProcessor: 	at java.lang.Thread.run(Thread.java:764)
10-08 11:14:30.445  6639  3944 W ErrorProcessor: 	at com.google.android.apps.gsa.shared.util.concurrent.a.ai.run(SourceFile:6)
10-08 11:14:30.445  6639  3944 W ErrorProcessor: Caused by: com.google.android.apps.gsa.shared.exception.GsaIOException: Error code: 393238 | Buffer overflow, no available space.
10-08 11:14:30.445  6639  3944 W ErrorProcessor: 	at com.google.android.apps.gsa.speech.audio.Tee.f(SourceFile:103)
10-08 11:14:30.445  6639  3944 W ErrorProcessor: 	at com.google.android.apps.gsa.speech.audio.au.read(SourceFile:2)
10-08 11:14:30.445  6639  3944 W ErrorProcessor: 	at java.io.InputStream.read(InputStream.java:101)
10-08 11:14:30.445  6639  3944 W ErrorProcessor: 	at com.google.android.apps.gsa.speech.audio.ao.run(SourceFile:18)
10-08 11:14:30.445  6639  3944 W ErrorProcessor: 	at com.google.android.apps.gsa.speech.audio.an.run(SourceFile:2)
10-08 11:14:30.445  6639  3944 W ErrorProcessor: 	... 9 more
10-08 11:14:30.445  6639  3944 I AudioController: internalShutdown
10-08 11:14:30.449  6639 32236 I DeviceStateChecker: DeviceStateChecker cancelled
10-08 11:14:30.449  6639  6639 I MicroDetector: Keeping mic open: false
10-08 11:14:30.449  6639  6639 I MicroDetectionWorker: #onError(false)
10-08 11:14:32.082  1698  1711 E memtrack: Couldn't load memtrack module
10-08 11:14:32.083  1698  1711 W android.os.Debug: failed to get memory consumption info: -1
10-08 11:14:32.117  5346  3868 E WakeLock: GCM_HB_ALARM release without a matched acquire!
10-08 11:14:35.456  6639  6639 I MicroDetectionWorker: #updateMicroDetector [detectionMode: [mDetectionMode: [1]]]
10-08 11:14:35.456  6639  6639 I MicroDetectionWorker: #startMicroDetector [speakerMode: 0]
10-08 11:14:35.456  6639  6639 I AudioController: Using mInputStreamFactoryBuilder
10-08 11:14:35.458  6639  6639 I MicroDetectionWorker: onReady
10-08 11:14:35.461  6639 32236 I MicroRecognitionRunner: Starting detection.
10-08 11:14:35.462  6639  1130 I MicrophoneInputStream: mic_starting com.google.android.apps.gsa.staticplugins.aa.c@a5f1a5c
10-08 11:14:35.467  1538  4001 I AudioFlinger: AudioFlinger's thread 0xa72088c0 tid=4001 ready to run
10-08 11:14:35.477  1538  6632 E AudioFlinger: not enough memory for AudioTrack size=131296
10-08 11:14:35.478  1538  6632 D MemoryDealer:   AudioTrack (0xa7bfc170, size=4194304)
10-08 11:14:35.478  1538  6632 D MemoryDealer:     0: 0xa7bfc190 | 0x00000000 | 0x000200E0 | A 
10-08 11:14:35.478  1538  6632 D MemoryDealer:     1: 0xa7bfc1b0 | 0x000200E0 | 0x000200E0 | A 
10-08 11:14:35.478  1538  6632 D MemoryDealer:     2: 0xa7bff490 | 0x000401C0 | 0x000200E0 | A 
10-08 11:14:35.478  1538  6632 D MemoryDealer:     3: 0xa71fff00 | 0x000602A0 | 0x000200E0 | A 
10-08 11:14:35.478  1538  6632 D MemoryDealer:     4: 0xa7d991e0 | 0x00080380 | 0x000200E0 | A 
10-08 11:14:35.478  1538  6632 D MemoryDealer:     5: 0xa7d99610 | 0x000A0460 | 0x000200E0 | A 
10-08 11:14:35.478  1538  6632 D MemoryDealer:     6: 0xa7d99410 | 0x000C0540 | 0x000200E0 | A 
10-08 11:14:35.478  1538  6632 D MemoryDealer:     7: 0xa7d992a0 | 0x000E0620 | 0x000200E0 | A 
10-08 11:14:35.478  1538  6632 D MemoryDealer:     8: 0xa7d99740 | 0x00100700 | 0x000200E0 | A 
10-08 11:14:35.478  1538  6632 D MemoryDealer:     9: 0xa7d99850 | 0x001207E0 | 0x000200E0 | A 
10-08 11:14:35.478  1538  6632 D MemoryDealer:    10: 0xa7bfc540 | 0x001408C0 | 0x000200E0 | A 
10-08 11:14:35.478  1538  6632 D MemoryDealer:    11: 0xa7d99970 | 0x001609A0 | 0x000200E0 | A 
10-08 11:14:35.478  1538  6632 D MemoryDealer:    12: 0xa7d996f0 | 0x00180A80 | 0x000200E0 | A 
10-08 11:14:35.478  1538  6632 D MemoryDealer:    13: 0xa7d99930 | 0x001A0B60 | 0x000200E0 | A 
10-08 11:14:35.478  1538  6632 D MemoryDealer:    14: 0xa7d99b70 | 0x001C0C40 | 0x000200E0 | A 
10-08 11:14:35.478  1538  6632 D MemoryDealer:    15: 0xa7d999f0 | 0x001E0D20 | 0x000200E0 | A 
10-08 11:14:35.478  1538  6632 D MemoryDealer:    16: 0xa7d99ce0 | 0x00200E00 | 0x000200E0 | A 
10-08 11:14:35.478  1538  6632 D MemoryDealer:    17: 0xa7bfcea0 | 0x00220EE0 | 0x000200E0 | A 
10-08 11:14:35.478  1538  6632 D MemoryDealer:    18: 0xa7d99de0 | 0x00240FC0 | 0x000200E0 | A 
10-08 11:14:35.478  1538  6632 D MemoryDealer:    19: 0xa7d99f00 | 0x002610A0 | 0x000200E0 | A 
10-08 11:14:35.478  1538  6632 D MemoryDealer:    
10-08 11:14:35.478  1538  6632 E AudioFlinger: createRecordTrack_l() initCheck failed -12; no control block?
10-08 11:14:35.489  6639  1130 E AudioRecord: AudioFlinger could not create record track, status: -12
10-08 11:14:35.508  6639  1130 E AudioRecord-JNI: Error creating AudioRecord instance: initialization check failed with status -12.
10-08 11:14:35.508  6639  1130 E android.media.AudioRecord: Error code -20 when initializing native AudioRecord object.
10-08 11:14:35.508  6639  1130 I MicrophoneInputStream: mic_started com.google.android.apps.gsa.staticplugins.aa.c@a5f1a5c
10-08 11:14:35.512  6639  6639 I MicroDetectionWorker: onReady
10-08 11:14:35.541  6639  1130 I MicrophoneInputStream: mic_close com.google.android.apps.gsa.staticplugins.aa.c@a5f1a5c
10-08 11:14:35.542  6639 32236 I MicroRecognitionRunner: Detection finished
10-08 11:14:35.542  6639 32236 W ErrorReporter: reportError [type: 211, code: 524300]: Error reading from input stream
10-08 11:14:35.547  6639  6786 I MicroRecognitionRunner: Stopping hotword detection.
10-08 11:14:35.548  6639 32236 W ErrorProcessor: onFatalError, processing error from engine(4)
10-08 11:14:35.548  6639 32236 W ErrorProcessor: com.google.android.apps.gsa.shared.speech.b.g: Error reading from input stream
10-08 11:14:35.548  6639 32236 W ErrorProcessor: 	at com.google.android.apps.gsa.staticplugins.recognizer.j.a.a(SourceFile:28)
10-08 11:14:35.548  6639 32236 W ErrorProcessor: 	at com.google.android.apps.gsa.staticplugins.recognizer.j.b.run(SourceFile:15)
10-08 11:14:35.548  6639 32236 W ErrorProcessor: 	at java.util.concurrent.Executors$RunnableAdapter.call(Executors.java:457)
10-08 11:14:35.548  6639 32236 W ErrorProcessor: 	at java.util.concurrent.FutureTask.run(FutureTask.java:266)
10-08 11:14:35.548  6639 32236 W ErrorProcessor: 	at com.google.android.apps.gsa.shared.util.concurrent.a.ax.run(SourceFile:14)
10-08 11:14:35.548  6639 32236 W ErrorProcessor: 	at com.google.android.apps.gsa.shared.util.concurrent.a.bl.run(SourceFile:4)
10-08 11:14:35.548  6639 32236 W ErrorProcessor: 	at com.google.android.apps.gsa.shared.util.concurrent.a.bl.run(SourceFile:4)
10-08 11:14:35.548  6639 32236 W ErrorProcessor: 	at java.util.concurrent.ThreadPoolExecutor.runWorker(ThreadPoolExecutor.java:1162)
10-08 11:14:35.548  6639 32236 W ErrorProcessor: 	at java.util.concurrent.ThreadPoolExecutor$Worker.run(ThreadPoolExecutor.java:636)
10-08 11:14:35.548  6639 32236 W ErrorProcessor: 	at java.lang.Thread.run(Thread.java:764)
10-08 11:14:35.548  6639 32236 W ErrorProcessor: 	at com.google.android.apps.gsa.shared.util.concurrent.a.ai.run(SourceFile:6)
10-08 11:14:35.548  6639 32236 W ErrorProcessor: Caused by: com.google.android.apps.gsa.shared.exception.GsaIOException: Error code: 393238 | Buffer overflow, no available space.
10-08 11:14:35.548  6639 32236 W ErrorProcessor: 	at com.google.android.apps.gsa.speech.audio.Tee.f(SourceFile:103)
10-08 11:14:35.548  6639 32236 W ErrorProcessor: 	at com.google.android.apps.gsa.speech.audio.au.read(SourceFile:2)
10-08 11:14:35.548  6639 32236 W ErrorProcessor: 	at java.io.InputStream.read(InputStream.java:101)
10-08 11:14:35.548  6639 32236 W ErrorProcessor: 	at com.google.android.apps.gsa.speech.audio.ao.run(SourceFile:18)
10-08 11:14:35.548  6639 32236 W ErrorProcessor: 	at com.google.android.apps.gsa.speech.audio.an.run(SourceFile:2)
10-08 11:14:35.548  6639 32236 W ErrorProcessor: 	... 9 more
10-08 11:14:35.548  6639 32236 I AudioController: internalShutdown
10-08 11:14:35.551  6639  6639 I MicroDetector: Keeping mic open: false
10-08 11:14:35.551  6639  6639 I MicroDetectionWorker: #onError(false)
10-08 11:14:35.552  6639  3944 I DeviceStateChecker: DeviceStateChecker cancelled
10-08 11:14:38.510  4011  4011 D AndroidRuntime: >>>>>> START com.android.internal.os.RuntimeInit uid 2000 <<<<<<
10-08 11:14:38.932  4011  4011 W app_process: Unexpected CPU variant for X86 using defaults: x86
10-08 11:14:38.996  4011  4011 D AndroidRuntime: Calling main entry com.android.commands.pm.Pm
10-08 11:14:39.008  4020  4020 E asset   : setgid: Operation not permitted
10-08 11:14:40.558  6639  6639 I MicroDetectionWorker: #updateMicroDetector [detectionMode: [mDetectionMode: [1]]]
10-08 11:14:40.558  6639  6639 I MicroDetectionWorker: #startMicroDetector [speakerMode: 0]
10-08 11:14:40.558  6639  6639 I AudioController: Using mInputStreamFactoryBuilder
10-08 11:14:40.560  6639  6639 I MicroDetectionWorker: onReady
10-08 11:14:40.565  6639  3944 I MicroRecognitionRunner: Starting detection.
10-08 11:14:40.565  6639  1130 I MicrophoneInputStream: mic_starting com.google.android.apps.gsa.staticplugins.aa.c@b261060
10-08 11:14:40.569  1538  4025 I AudioFlinger: AudioFlinger's thread 0xa341ba80 tid=4025 ready to run
10-08 11:14:40.584  1538  1608 E AudioFlinger: not enough memory for AudioTrack size=131296
10-08 11:14:40.584  1538  1608 D MemoryDealer:   AudioTrack (0xa7bfc170, size=4194304)
10-08 11:14:40.584  1538  1608 D MemoryDealer:     0: 0xa7bfc190 | 0x00000000 | 0x000200E0 | A 
10-08 11:14:40.584  1538  1608 D MemoryDealer:     1: 0xa7bfc1b0 | 0x000200E0 | 0x000200E0 | A 
10-08 11:14:40.584  1538  1608 D MemoryDealer:     2: 0xa7bff490 | 0x000401C0 | 0x000200E0 | A 
10-08 11:14:40.584  1538  1608 D MemoryDealer:     3: 0xa71fff00 | 0x000602A0 | 0x000200E0 | A 
10-08 11:14:40.584  1538  1608 D MemoryDealer:     4: 0xa7d991e0 | 0x00080380 | 0x000200E0 | A 
10-08 11:14:40.584  1538  1608 D MemoryDealer:     5: 0xa7d99610 | 0x000A0460 | 0x000200E0 | A 
10-08 11:14:40.584  1538  1608 D MemoryDealer:     6: 0xa7d99410 | 0x000C0540 | 0x000200E0 | A 
10-08 11:14:40.584  1538  1608 D MemoryDealer:     7: 0xa7d992a0 | 0x000E0620 | 0x000200E0 | A 
10-08 11:14:40.584  1538  1608 D MemoryDealer:     8: 0xa7d99740 | 0x00100700 | 0x000200E0 | A 
10-08 11:14:40.584  1538  1608 D MemoryDealer:     9: 0xa7d99850 | 0x001207E0 | 0x000200E0 | A 
10-08 11:14:40.584  1538  1608 D MemoryDealer:    10: 0xa7bfc540 | 0x001408C0 | 0x000200E0 | A 
10-08 11:14:40.584  1538  1608 D MemoryDealer:    11: 0xa7d99970 | 0x001609A0 | 0x000200E0 | A 
10-08 11:14:40.584  1538  1608 D MemoryDealer:    12: 0xa7d996f0 | 0x00180A80 | 0x000200E0 | A 
10-08 11:14:40.584  1538  1608 D MemoryDealer:    13: 0xa7d99930 | 0x001A0B60 | 0x000200E0 | A 
10-08 11:14:40.584  1538  1608 D MemoryDealer:    14: 0xa7d99b70 | 0x001C0C40 | 0x000200E0 | A 
10-08 11:14:40.584  1538  1608 D MemoryDealer:    15: 0xa7d999f0 | 0x001E0D20 | 0x000200E0 | A 
10-08 11:14:40.584  1538  1608 D MemoryDealer:    16: 0xa7d99ce0 | 0x00200E00 | 0x000200E0 | A 
10-08 11:14:40.584  1538  1608 D MemoryDealer:    17: 0xa7bfcea0 | 0x00220EE0 | 0x000200E0 | A 
10-08 11:14:40.584  1538  1608 D MemoryDealer:    18: 0xa7d99de0 | 0x00240FC0 | 0x000200E0 | A 
10-08 11:14:40.584  1538  1608 D MemoryDealer:    19: 0xa7d99f00 | 0x002610A0 | 0x000200E0 | A 
10-08 11:14:40.584  1538  1608 D MemoryDealer:    
10-08 11:14:40.585  1538  1608 E AudioFlinger: createRecordTrack_l() initCheck failed -12; no control block?
10-08 11:14:40.585  6639  1130 E AudioRecord: AudioFlinger could not create record track, status: -12
10-08 11:14:40.593  6639  1130 E AudioRecord-JNI: Error creating AudioRecord instance: initialization check failed with status -12.
10-08 11:14:40.594  6639  1130 E android.media.AudioRecord: Error code -20 when initializing native AudioRecord object.
10-08 11:14:40.594  6639  1130 I MicrophoneInputStream: mic_started com.google.android.apps.gsa.staticplugins.aa.c@b261060
10-08 11:14:40.610  6639  6639 I MicroDetectionWorker: onReady
10-08 11:14:40.625  6639  1130 I MicrophoneInputStream: mic_close com.google.android.apps.gsa.staticplugins.aa.c@b261060
10-08 11:14:40.628  6639  3944 I MicroRecognitionRunner: Detection finished
10-08 11:14:40.628  6639  3944 W ErrorReporter: reportError [type: 211, code: 524300]: Error reading from input stream
10-08 11:14:40.635  6639  6786 I MicroRecognitionRunner: Stopping hotword detection.
10-08 11:14:40.635  6639  3944 W ErrorProcessor: onFatalError, processing error from engine(4)
10-08 11:14:40.635  6639  3944 W ErrorProcessor: com.google.android.apps.gsa.shared.speech.b.g: Error reading from input stream
10-08 11:14:40.635  6639  3944 W ErrorProcessor: 	at com.google.android.apps.gsa.staticplugins.recognizer.j.a.a(SourceFile:28)
10-08 11:14:40.635  6639  3944 W ErrorProcessor: 	at com.google.android.apps.gsa.staticplugins.recognizer.j.b.run(SourceFile:15)
10-08 11:14:40.635  6639  3944 W ErrorProcessor: 	at java.util.concurrent.Executors$RunnableAdapter.call(Executors.java:457)
10-08 11:14:40.635  6639  3944 W ErrorProcessor: 	at java.util.concurrent.FutureTask.run(FutureTask.java:266)
10-08 11:14:40.635  6639  3944 W ErrorProcessor: 	at com.google.android.apps.gsa.shared.util.concurrent.a.ax.run(SourceFile:14)
10-08 11:14:40.635  6639  3944 W ErrorProcessor: 	at com.google.android.apps.gsa.shared.util.concurrent.a.bl.run(SourceFile:4)
10-08 11:14:40.635  6639  3944 W ErrorProcessor: 	at com.google.android.apps.gsa.shared.util.concurrent.a.bl.run(SourceFile:4)
10-08 11:14:40.635  6639  3944 W ErrorProcessor: 	at java.util.concurrent.ThreadPoolExecutor.runWorker(ThreadPoolExecutor.java:1162)
10-08 11:14:40.635  6639  3944 W ErrorProcessor: 	at java.util.concurrent.ThreadPoolExecutor$Worker.run(ThreadPoolExecutor.java:636)
10-08 11:14:40.635  6639  3944 W ErrorProcessor: 	at java.lang.Thread.run(Thread.java:764)
10-08 11:14:40.635  6639  3944 W ErrorProcessor: 	at com.google.android.apps.gsa.shared.util.concurrent.a.ai.run(SourceFile:6)
10-08 11:14:40.635  6639  3944 W ErrorProcessor: Caused by: com.google.android.apps.gsa.shared.exception.GsaIOException: Error code: 393238 | Buffer overflow, no available space.
10-08 11:14:40.635  6639  3944 W ErrorProcessor: 	at com.google.android.apps.gsa.speech.audio.Tee.f(SourceFile:103)
10-08 11:14:40.635  6639  3944 W ErrorProcessor: 	at com.google.android.apps.gsa.speech.audio.au.read(SourceFile:2)
10-08 11:14:40.635  6639  3944 W ErrorProcessor: 	at java.io.InputStream.read(InputStream.java:101)
10-08 11:14:40.635  6639  3944 W ErrorProcessor: 	at com.google.android.apps.gsa.speech.audio.ao.run(SourceFile:18)
10-08 11:14:40.635  6639  3944 W ErrorProcessor: 	at com.google.android.apps.gsa.speech.audio.an.run(SourceFile:2)
10-08 11:14:40.635  6639  3944 W ErrorProcessor: 	... 9 more
10-08 11:14:40.636  6639  3944 I AudioController: internalShutdown
10-08 11:14:40.641  6639  6639 I MicroDetector: Keeping mic open: false
10-08 11:14:40.641  6639  6639 I MicroDetectionWorker: #onError(false)
10-08 11:14:40.641  6639 32236 I DeviceStateChecker: DeviceStateChecker cancelled
10-08 11:14:40.936  1698  1724 I PackageManager.DexOptimizer: Running dexopt (dexoptNeeded=1) on: /data/app/vmdl593091366.tmp/base.apk pkg=com.rnsharedcrash isa=x86 dexoptFlags=boot_complete,debuggable,public target-filter=quicken oatDir=/data/app/vmdl593091366.tmp/oat sharedLibraries=null
10-08 11:14:40.984  4027  4027 W dex2oat : Unexpected CPU variant for X86 using defaults: x86
10-08 11:14:40.984  4027  4027 W dex2oat : Mismatch between dex2oat instruction set features (ISA: X86 Feature string: -ssse3,-sse4.1,-sse4.2,-avx,-avx2,-popcnt) and those of dex2oat executable (ISA: X86 Feature string: ssse3,-sse4.1,-sse4.2,-avx,-avx2,-popcnt) for the command line:
10-08 11:14:40.984  4027  4027 W dex2oat : /system/bin/dex2oat --zip-fd=8 --zip-location=base.apk --input-vdex-fd=-1 --output-vdex-fd=10 --oat-fd=9 --oat-location=/data/app/vmdl593091366.tmp/oat/x86/base.odex --instruction-set=x86 --instruction-set-variant=x86 --instruction-set-features=default --runtime-arg -Xms64m --runtime-arg -Xmx512m --compiler-filter=quicken --swap-fd=11 --debuggable --classpath-dir=/data/app/vmdl593091366.tmp
10-08 11:14:40.985  4027  4027 I dex2oat : /system/bin/dex2oat --input-vdex-fd=-1 --output-vdex-fd=10 --compiler-filter=quicken --debuggable --classpath-dir=/data/app/vmdl593091366.tmp
10-08 11:14:43.320  4027  4030 W dex2oat : Compilation of java.lang.CharSequence androidx.cursoradapter.widget.CursorFilter$CursorFilterClient.convertToString(android.database.Cursor) took 338.005ms
10-08 11:14:45.990  4027  4031 W dex2oat : Compilation of com.facebook.jni.HybridData com.facebook.react.fabric.events.EventEmitterWrapper.initHybrid() took 2.706s
10-08 11:14:45.999  6639  6639 I MicroDetectionWorker: #updateMicroDetector [detectionMode: [mDetectionMode: [1]]]
10-08 11:14:45.999  6639  6639 I MicroDetectionWorker: #startMicroDetector [speakerMode: 0]
10-08 11:14:46.001  6639  6639 I AudioController: Using mInputStreamFactoryBuilder
10-08 11:14:46.012  6639  6639 I MicroDetectionWorker: onReady
10-08 11:14:46.024  4027  4027 W dex2oat : Compilation of void com.facebook.react.fabric.Binding.uninstallFabricUIManager() took 2.742s
10-08 11:14:46.029  6639  1081 I MicroRecognitionRunner: Starting detection.
10-08 11:14:46.033  4027  4030 W dex2oat : Compilation of void com.facebook.yoga.YogaNative.jni_YGConfigFree(long) took 2.657s
10-08 11:14:46.039  4027  4029 W dex2oat : Compilation of com.facebook.jni.HybridData com.facebook.hermes.reactexecutor.HermesExecutor.initHybrid(long, boolean, int, boolean, com.facebook.hermes.instrumentation.HermesMemoryDumper, long, long) took 2.309s
10-08 11:14:46.046  6639  1130 I MicrophoneInputStream: mic_starting com.google.android.apps.gsa.staticplugins.aa.c@867e3b7
10-08 11:14:46.062  1538  4035 I AudioFlinger: AudioFlinger's thread 0xa341bb40 tid=4035 ready to run
10-08 11:14:46.109  1538  6636 E AudioFlinger: not enough memory for AudioTrack size=131296
10-08 11:14:46.110  1538  6636 D MemoryDealer:   AudioTrack (0xa7bfc170, size=4194304)
10-08 11:14:46.110  1538  6636 D MemoryDealer:     0: 0xa7bfc190 | 0x00000000 | 0x000200E0 | A 
10-08 11:14:46.110  1538  6636 D MemoryDealer:     1: 0xa7bfc1b0 | 0x000200E0 | 0x000200E0 | A 
10-08 11:14:46.110  1538  6636 D MemoryDealer:     2: 0xa7bff490 | 0x000401C0 | 0x000200E0 | A 
10-08 11:14:46.110  1538  6636 D MemoryDealer:     3: 0xa71fff00 | 0x000602A0 | 0x000200E0 | A 
10-08 11:14:46.110  1538  6636 D MemoryDealer:     4: 0xa7d991e0 | 0x00080380 | 0x000200E0 | A 
10-08 11:14:46.110  1538  6636 D MemoryDealer:     5: 0xa7d99610 | 0x000A0460 | 0x000200E0 | A 
10-08 11:14:46.110  1538  6636 D MemoryDealer:     6: 0xa7d99410 | 0x000C0540 | 0x000200E0 | A 
10-08 11:14:46.110  1538  6636 D MemoryDealer:     7: 0xa7d992a0 | 0x000E0620 | 0x000200E0 | A 
10-08 11:14:46.110  1538  6636 D MemoryDealer:     8: 0xa7d99740 | 0x00100700 | 0x000200E0 | A 
10-08 11:14:46.110  1538  6636 D MemoryDealer:     9: 0xa7d99850 | 0x001207E0 | 0x000200E0 | A 
10-08 11:14:46.110  1538  6636 D MemoryDealer:    10: 0xa7bfc540 | 0x001408C0 | 0x000200E0 | A 
10-08 11:14:46.110  1538  6636 D MemoryDealer:    11: 0xa7d99970 | 0x001609A0 | 0x000200E0 | A 
10-08 11:14:46.110  1538  6636 D MemoryDealer:    12: 0xa7d996f0 | 0x00180A80 | 0x000200E0 | A 
10-08 11:14:46.110  1538  6636 D MemoryDealer:    13: 0xa7d99930 | 0x001A0B60 | 0x000200E0 | A 
10-08 11:14:46.110  1538  6636 D MemoryDealer:    14: 0xa7d99b70 | 0x001C0C40 | 0x000200E0 | A 
10-08 11:14:46.110  1538  6636 D MemoryDealer:    15: 0xa7d999f0 | 0x001E0D20 | 0x000200E0 | A 
10-08 11:14:46.110  1538  6636 D MemoryDealer:    16: 0xa7d99ce0 | 0x00200E00 | 0x000200E0 | A 
10-08 11:14:46.110  1538  6636 D MemoryDealer:    17: 0xa7bfcea0 | 0x00220EE0 | 0x000200E0 | A 
10-08 11:14:46.110  1538  6636 D MemoryDealer:    18: 0xa7d99de0 | 0x00240FC0 | 0x000200E0 | A 
10-08 11:14:46.110  1538  6636 D MemoryDealer:    19: 0xa7d99f00 | 0x002610A0 | 0x000200E0 | A 
10-08 11:14:46.110  1538  6636 D MemoryDealer:    
10-08 11:14:46.110  1538  6636 E AudioFlinger: createRecordTrack_l() initCheck failed -12; no control block?
10-08 11:14:46.110  6639  1130 E AudioRecord: AudioFlinger could not create record track, status: -12
10-08 11:14:46.131  6639  1130 E AudioRecord-JNI: Error creating AudioRecord instance: initialization check failed with status -12.
10-08 11:14:46.131  6639  1130 E android.media.AudioRecord: Error code -20 when initializing native AudioRecord object.
10-08 11:14:46.132  6639  1130 I MicrophoneInputStream: mic_started com.google.android.apps.gsa.staticplugins.aa.c@867e3b7
10-08 11:14:46.151  6639  6639 I MicroDetectionWorker: onReady
10-08 11:14:46.170  6639  1130 I MicrophoneInputStream: mic_close com.google.android.apps.gsa.staticplugins.aa.c@867e3b7
10-08 11:14:46.175  6639  1081 I MicroRecognitionRunner: Detection finished
10-08 11:14:46.175  6639  1081 W ErrorReporter: reportError [type: 211, code: 524300]: Error reading from input stream
10-08 11:14:46.175  6639  6786 I MicroRecognitionRunner: Stopping hotword detection.
10-08 11:14:46.178  6639  1081 W ErrorProcessor: onFatalError, processing error from engine(4)
10-08 11:14:46.178  6639  1081 W ErrorProcessor: com.google.android.apps.gsa.shared.speech.b.g: Error reading from input stream
10-08 11:14:46.178  6639  1081 W ErrorProcessor: 	at com.google.android.apps.gsa.staticplugins.recognizer.j.a.a(SourceFile:28)
10-08 11:14:46.178  6639  1081 W ErrorProcessor: 	at com.google.android.apps.gsa.staticplugins.recognizer.j.b.run(SourceFile:15)
10-08 11:14:46.178  6639  1081 W ErrorProcessor: 	at java.util.concurrent.Executors$RunnableAdapter.call(Executors.java:457)
10-08 11:14:46.178  6639  1081 W ErrorProcessor: 	at java.util.concurrent.FutureTask.run(FutureTask.java:266)
10-08 11:14:46.178  6639  1081 W ErrorProcessor: 	at com.google.android.apps.gsa.shared.util.concurrent.a.ax.run(SourceFile:14)
10-08 11:14:46.178  6639  1081 W ErrorProcessor: 	at com.google.android.apps.gsa.shared.util.concurrent.a.bl.run(SourceFile:4)
10-08 11:14:46.178  6639  1081 W ErrorProcessor: 	at com.google.android.apps.gsa.shared.util.concurrent.a.bl.run(SourceFile:4)
10-08 11:14:46.178  6639  1081 W ErrorProcessor: 	at java.util.concurrent.ThreadPoolExecutor.runWorker(ThreadPoolExecutor.java:1162)
10-08 11:14:46.178  6639  1081 W ErrorProcessor: 	at java.util.concurrent.ThreadPoolExecutor$Worker.run(ThreadPoolExecutor.java:636)
10-08 11:14:46.178  6639  1081 W ErrorProcessor: 	at java.lang.Thread.run(Thread.java:764)
10-08 11:14:46.178  6639  1081 W ErrorProcessor: 	at com.google.android.apps.gsa.shared.util.concurrent.a.ai.run(SourceFile:6)
10-08 11:14:46.178  6639  1081 W ErrorProcessor: Caused by: com.google.android.apps.gsa.shared.exception.GsaIOException: Error code: 393238 | Buffer overflow, no available space.
10-08 11:14:46.178  6639  1081 W ErrorProcessor: 	at com.google.android.apps.gsa.speech.audio.Tee.f(SourceFile:103)
10-08 11:14:46.178  6639  1081 W ErrorProcessor: 	at com.google.android.apps.gsa.speech.audio.au.read(SourceFile:2)
10-08 11:14:46.178  6639  1081 W ErrorProcessor: 	at java.io.InputStream.read(InputStream.java:101)
10-08 11:14:46.178  6639  1081 W ErrorProcessor: 	at com.google.android.apps.gsa.speech.audio.ao.run(SourceFile:18)
10-08 11:14:46.178  6639  1081 W ErrorProcessor: 	at com.google.android.apps.gsa.speech.audio.an.run(SourceFile:2)
10-08 11:14:46.178  6639  1081 W ErrorProcessor: 	... 9 more
10-08 11:14:46.178  6639  1081 I AudioController: internalShutdown
10-08 11:14:46.195  6639  6639 I MicroDetector: Keeping mic open: false
10-08 11:14:46.195  6639  6639 I MicroDetectionWorker: #onError(false)
10-08 11:14:46.195  6639 32236 I DeviceStateChecker: DeviceStateChecker cancelled
10-08 11:14:46.547  4027  4027 I dex2oat : dex2oat took 5.563s (11.338s cpu) (threads: 4) arena alloc=5KB (5824B) java alloc=2MB (2907824B) native alloc=4MB (4527080B) free=3MB (3337240B)
10-08 11:14:46.724  1541  1578 D installd: Applied hard quotas for 10089
10-08 11:14:46.729  1541  1798 E         : Couldn't opendir /data/app/vmdl593091366.tmp: No such file or directory
10-08 11:14:46.729  1541  1798 E installd: Failed to delete /data/app/vmdl593091366.tmp: No such file or directory
10-08 11:14:46.741  4011  4011 I Pm      : Package com.rnsharedcrash installed in 7739 ms
10-08 11:14:40.609  6639  1130 I chatty  : uid=10030(u0_a30) com.google.android.googlequicksearchbox:search identical 26 lines
10-08 11:14:46.150  6639  1130 E ActivityThread: Failed to find provider info for com.google.android.apps.gsa.testing.ui.audio.recorded
10-08 11:14:46.745  1698  6886 D PackageInstaller: Ignoring abandon after commit relinquished control
10-08 11:14:46.757  4011  4011 I app_process: System.exit called, status: 0
10-08 11:14:46.757  4011  4011 I AndroidRuntime: VM exiting with result code 0.
10-08 11:14:46.786  6225  6225 I Finsky  : [2] com.google.android.finsky.packagemanager.impl.PackageMonitorReceiverImpl.a(4): PackageMonitor received: android.intent.action.PACKAGE_ADDED
10-08 11:14:46.806  1698  1709 W BroadcastQueue: Background execution not allowed: receiving Intent { act=android.intent.action.PACKAGE_ADDED dat=package:com.rnsharedcrash flg=0x4000010 (has extras) } to com.android.vending/com.google.android.finsky.packagemanager.impl.PackageMonitorReceiverImpl$RegisteredReceiver
10-08 11:14:46.812  6225  6225 I Finsky  : [2] vdx.a(11): Do not start WearSupportService due to Wear service optimization
10-08 11:14:46.817  1698  1814 I InputReader: Reconfiguring input devices.  changes=0x00000010
10-08 11:14:46.822  1698  1712 W BroadcastQueue: Background execution not allowed: receiving Intent { act=android.intent.action.PACKAGE_ADDED dat=package:com.rnsharedcrash flg=0x4000010 (has extras) } to com.google.android.gms/.games.chimera.GamesSystemBroadcastReceiverProxy
10-08 11:14:46.824  1698  1712 W BroadcastQueue: Background execution not allowed: receiving Intent { act=android.intent.action.PACKAGE_ADDED dat=package:com.rnsharedcrash flg=0x4000010 (has extras) } to com.google.android.gms/.gass.chimera.PackageChangeBroadcastReceiver
10-08 11:14:46.826  1698  1712 W BroadcastQueue: Background execution not allowed: receiving Intent { act=android.intent.action.PACKAGE_ADDED dat=package:com.rnsharedcrash flg=0x4000010 (has extras) } to com.google.android.gms/.chimera.GmsIntentOperationService$PersistentTrustedReceiver
10-08 11:14:46.826  1698  1712 W BroadcastQueue: Background execution not allowed: receiving Intent { act=android.intent.action.PACKAGE_ADDED dat=package:com.rnsharedcrash flg=0x4000010 (has extras) } to com.google.android.googlequicksearchbox/com.google.android.apps.gsa.googlequicksearchbox.GelStubAppWatcher
10-08 11:14:46.829  6225  6225 I Finsky  : [2] vdx.a(11): Do not start WearSupportService due to Wear service optimization
10-08 11:14:46.865  6225  4040 I Finsky  : [697] kpl.run(2): Cleaning dev-triggered-update data on package install for com.rnsharedcrash.
10-08 11:14:46.874  6225  6225 I Finsky  : [2] ngk.b(2): Frosting ID looked up on UI thread. Caller should move to a background thread.
10-08 11:14:46.882  1698  1698 I Telecom : DefaultDialerCache: Refreshing default dialer for user 0: now com.google.android.dialer: DDC.oR@AT8
10-08 11:14:46.909  5359  5359 I GamesBroadcastStub: Ignorning broadcast; requires Play Games
10-08 11:14:46.946  6225  4045 I Finsky  : [699] kpn.run(2): Finished dev-triggered-update cleaning.
10-08 11:14:46.951  6225  6225 I Finsky  : [2] ilh.run(4): Package state data is missing for com.rnsharedcrash
10-08 11:14:46.969  5359  4051 I Auth    : [SupervisedAccountIntentOperation] onHandleIntent(): android.intent.action.PACKAGE_ADDED
10-08 11:14:46.970  5359  4051 I Auth    : [SupervisedAccountIntentOperation] This operation is disabled
10-08 11:14:46.982  5359  4055 I ChromeSync: [Sync,SyncIntentOperation] Handling the intent: Intent { act=android.intent.action.PACKAGE_ADDED dat=package:com.rnsharedcrash flg=0x4000010 cmp=com.google.android.gms/.chimera.GmsIntentOperationService (has extras) }.
10-08 11:14:46.990  5359  4056 I FontsPackageChangeOp: Package com.rnsharedcrash has no metadata
10-08 11:14:47.006  5359  4051 I AppsUpload: Received intent with action android.intent.action.PACKAGE_ADDED
10-08 11:14:47.011  6225  4044 I Finsky  : [698] ngl.run(16): Wrote row to frosting DB: 125
10-08 11:14:47.022  5359  4055 I ChromeSync: [Persistence,AffiliationManager] One of affiliation or grouping data for android://kmwFUO2u567RIRuR_eBr5MxHSOYdjxr74L0S85SaDQmhz0MGxy5mYq5Me4rnpXOoHX5S5bYSRETq-PQT5rH6aQ==@com.rnsharedcrash/ was not found. Marking affiliation data as stale...
10-08 11:14:47.032  2010  2010 D CarrierSvcBindHelper: No carrier app for: 0
10-08 11:14:47.034  2010  2010 D ImsResolver: maybeAddedImsService, packageName: com.rnsharedcrash
10-08 11:14:47.055  1698  1707 I zygote  : Background concurrent copying GC freed 75015(3MB) AllocSpace objects, 11(220KB) LOS objects, 35% free, 10MB/16MB, paused 4.530ms total 323.740ms
10-08 11:14:47.088  5359  4056 W PeopleContactsSync: CP2 sync disabled by gservices.
10-08 11:14:47.122  2010  2010 D CarrierConfigLoader: mHandler: 9 phoneId: 0
10-08 11:14:47.187  1436  1436 I qemu-props: start adbd ...
10-08 11:14:47.202  6225  6225 I Finsky  : [2] prq.b(7): Jobs in database: 1-1337 10-4 10-8 10-11 10-15 10-18 10-22 10-29 10-30 10-36 10-38 10-39 10-42 10-47 10-48 10-50 10-55 12-1 23-0 26-1414141414 
10-08 11:14:47.210  6225  6225 I Finsky  : [2] ppj.a(66): ConstraintMapping: 1-1337, 10-4, 10-8, 10-11, 10-15, 10-18, 10-22, 10-29, 10-30, 10-36, 10-38, 10-39, 10-42, 10-47, 10-48, 10-50, 10-55, 12-1, 23-0,  -> L: 14720ms, D: 27603413ms, C: false, I: false, N: 1
10-08 11:14:47.211  6225  6225 I Finsky  : [2] ppj.a(66): ConstraintMapping: 26-1414141414,  -> L: 43043771ms, D: 43943771ms, C: false, I: false, N: 0
10-08 11:14:47.225  6225  6225 I Finsky  : [2] com.google.android.finsky.scheduler.JobSchedulerEngine.a(40): Cancelling existing job with id: 9001
10-08 11:14:47.233  6225  6225 I Finsky  : [2] com.google.android.finsky.scheduler.JobSchedulerEngine.a(40): Cancelling existing job with id: 9002
10-08 11:14:47.248  6225  6225 I Finsky  : [2] com.google.android.finsky.scheduler.JobSchedulerEngine.a(4): Scheduling job Id: 9000, L: 14720, D: 27603413, C: false, I: false, N: 1
10-08 11:14:47.257  6225  6225 I Finsky  : [2] com.google.android.finsky.scheduler.JobSchedulerEngine.a(4): Scheduling job Id: 9003, L: 43043771, D: 43943771, C: false, I: false, N: 0
10-08 11:14:47.551  1698  2445 I ActivityManager: START u0 {flg=0x10000000 cmp=com.rnsharedcrash/.MainActivity} from uid 2000
10-08 11:14:47.641  1430  1452 D hwcomposer: hw_composer sent 37 syncs in 97s
10-08 11:14:47.666  1429  1429 D gralloc_ranchu: gralloc_alloc: Creating ashmem region of size 8298496
10-08 11:14:47.668  1698  7091 W ActivityManager: Slow operation: 62ms so far, now at startProcess: returned from zygote!
10-08 11:14:47.668  1698  7091 W ActivityManager: Slow operation: 62ms so far, now at startProcess: done updating battery stats
10-08 11:14:47.668  1698  7091 W ActivityManager: Slow operation: 63ms so far, now at startProcess: building log message
10-08 11:14:47.668  1698  7091 I ActivityManager: Start proc 4070:com.rnsharedcrash/u0a89 for activity com.rnsharedcrash/.MainActivity
10-08 11:14:47.669  1698  7091 W ActivityManager: Slow operation: 63ms so far, now at startProcess: starting to update pids map
10-08 11:14:47.669  1698  7091 W ActivityManager: Slow operation: 63ms so far, now at startProcess: done updating pids map
10-08 11:14:47.669  1698  7091 W ActivityManager: Slow operation: 64ms so far, now at startProcess: done starting proc!
10-08 11:14:47.671  4070  4070 I chatty  : uid=10089(u0_a89) com.rnsharedcrash expire 207 lines
10-08 11:14:47.732  6639  4077 E ContentStoreEUAS: Failed to commit the deferred actions
10-08 11:14:47.843  1698  3346 W ActivityManager: Slow operation: 82ms so far, now at attachApplicationLocked: after mServices.attachApplicationLocked
10-08 11:14:47.935  6639  6763 D EGL_emulation: eglMakeCurrent: 0xa54058a0: ver 3 0 (tinfo 0xa54034f0)
10-08 11:14:47.937  2414  2632 D EGL_emulation: eglMakeCurrent: 0xae947400: ver 3 0 (tinfo 0xa2c7e120)
10-08 11:14:48.011  5359  7101 I Icing   : IndexChimeraService.getServiceInterface callingPackage=com.google.android.gms componentName=AppsCorpus serviceId=SEARCH_QUERIES
10-08 11:14:48.019  5359  5595 I Icing   : IndexChimeraService.getServiceInterface callingPackage=com.google.android.gms componentName=AppsCorpus serviceId=SEARCH_CORPORA
10-08 11:14:48.262  5359  4055 I ChromeSync: [Persistence,AffiliationManager] Fetching affiliations from the server.
10-08 11:14:48.588  5359  4063 E native  : document-store.cc:1297 Failed to update per-doc-data with usage report
10-08 11:14:48.598  5359  4063 I Icing   : Usage reports ok 1, Failed Usage reports 1, indexed 0, rejected 0, imm upload false
10-08 11:14:48.661  1438  1487 E SurfaceFlinger: ro.sf.lcd_density must be defined as a build property
10-08 11:14:48.669  4070  4102 I chatty  : uid=10089(u0_a89) RenderThread expire 14 lines
10-08 11:14:48.688  5359  4063 I Icing   : Usage reports ok 0, Failed Usage reports 0, indexed 0, rejected 0, imm upload false
10-08 11:14:48.727  1429  1429 D gralloc_ranchu: gralloc_alloc: Creating ashmem region of size 8298496
10-08 11:14:48.742  1429  1429 D gralloc_ranchu: gralloc_alloc: Creating ashmem region of size 8298496
10-08 11:14:48.757  1429  1429 D gralloc_ranchu: gralloc_alloc: Creating ashmem region of size 8298496
10-08 11:14:49.022  1429  1429 D gralloc_ranchu: gralloc_alloc: Creating ashmem region of size 344064
10-08 11:14:49.038  1429  1429 D gralloc_ranchu: gralloc_alloc: Creating ashmem region of size 344064
10-08 11:14:49.088  5359  4055 I zygote  : IncrementDisableThreadFlip blocked for 11.429ms
10-08 11:14:49.190  1698  1719 I ActivityManager: Displayed com.rnsharedcrash/.MainActivity: +1s571ms
10-08 11:14:49.259  1438  1438 W SurfaceFlinger: couldn't log to binary event log: overflow.
10-08 11:14:49.337  6639  4077 I PBSessionCacheImpl: Deleted sessionId[153144392856] from persistence.
10-08 11:14:49.366  6639  6639 W SearchService: Abort, client detached.
10-08 11:14:49.610  4070  4096 I chatty  : uid=10089(u0_a89) .0.2.2:8081/... expire 16 lines
10-08 11:14:49.717  5359  4063 I Icing   : Indexing com.google.android.gms-internal.3p:MobileApplication from com.google.android.gms
10-08 11:14:49.723  5359  4063 I zygote  : Deoptimizing int breg.a(int, java.util.List, bree) due to JIT inline cache
10-08 11:14:49.724  5359  4063 I zygote  : Deoptimizing int brap.a(brdj, bree) due to JIT inline cache
10-08 11:14:49.748  5359  4063 I Icing   : Indexing com.google.android.gms-apps from com.google.android.gms
10-08 11:14:49.853  5359  4063 I Icing   : Indexing done com.google.android.gms-internal.3p:MobileApplication
10-08 11:14:49.862  5359  4063 I Icing   : Indexing done com.google.android.gms-apps
10-08 11:14:51.087  1698  1907 E TaskPersister: File error accessing recents directory (directory doesn't exist?).
10-08 11:14:54.383  6639  4107 I EventLogSendingHelper: Sending log events.
10-08 11:14:55.321  5346  5356 I zygote  : Background concurrent copying GC freed 132889(6MB) AllocSpace objects, 0(0B) LOS objects, 49% free, 5MB/11MB, paused 4.521ms total 217.056ms
10-08 11:15:00.007  1698  1711 E memtrack: Couldn't load memtrack module
10-08 11:15:00.007  1698  1711 W android.os.Debug: failed to get memory consumption info: -1
10-08 11:15:02.187  4070  4078 I chatty  : uid=10089(u0_a89) Jit thread pool expire 11 lines
10-08 11:15:09.565  1698  1711 E memtrack: Couldn't load memtrack module
10-08 11:15:09.567  1698  1711 W android.os.Debug: failed to get memory consumption info: -1
10-08 11:15:12.492  6225  6225 I Finsky  : [2] com.google.android.finsky.scheduler.JobSchedulerEngine$PhoneskyJobSchedulerJobService.onStartJob(3): onJobSchedulerWakeup with jobId 9000
10-08 11:15:12.512  6225  6225 I Finsky  : [2] pqc.a(21): Scheduling fallback job with id: 9034, and delay: 43200000 ms
10-08 11:15:12.526  6225  6225 I Finsky  : [2] pqc.a(5): Scheduling fallback in 64799993 (absolute: 81749945)
10-08 11:15:12.608  6225  6225 I Finsky  : [2] pqk.handleMessage(10): DeviceState: DeviceState{currentTime=1570544112586, isCharging=true, isIdle=false, netAny=true, netNotRoaming=true, netUnmetered=true}
10-08 11:15:12.669  6225  4038 I Finsky  : [696] prq.b(7): Jobs in database: 1-1337 10-4 10-8 10-11 10-15 10-18 10-22 10-29 10-30 10-36 10-38 10-39 10-42 10-47 10-48 10-50 10-55 12-1 23-0 26-1414141414 
10-08 11:15:12.741  6225  6225 I Finsky  : [2] pqf.a(45): Running job: 12-1
10-08 11:15:12.749  6225  6225 I Finsky  : [2] com.google.android.finsky.contentsync.ContentSyncJob.a(17): ContentSyncJob started
10-08 11:15:12.750  6225  6225 I Finsky  : [2] pqk.handleMessage(81): RunningQueue size: 1, PendingQueue size: 0
10-08 11:15:12.750  6225  6225 I Finsky  : [2] pqk.handleMessage(90): Running queue: 12-1 
10-08 11:15:12.754  6225  6256 I Finsky  : [339] dmk.a(4): Completed 0 account content syncs with 0 successful.
10-08 11:15:12.758  6225  6225 I Finsky  : [2] com.google.android.finsky.contentsync.ContentSyncJob.a(15): Installation state replication succeeded.
10-08 11:15:12.760  6225  6225 I Finsky  : [2] prl.b(15): jobFinished: 12-1. TimeElapsed: 17ms
10-08 11:15:12.785  6225  6225 I Finsky  : [2] pqf.a(10): Job 12-1 finished
10-08 11:15:12.787  6225  6225 I Finsky  : [2] pqk.handleMessage(81): RunningQueue size: 0, PendingQueue size: 0
10-08 11:15:12.788  6225  6225 I Finsky  : [2] pqk.handleMessage(27): Executor finished
10-08 11:15:13.011  6225  6225 I Finsky  : [2] prq.b(7): Jobs in database: 1-1337 10-4 10-8 10-11 10-15 10-18 10-22 10-29 10-30 10-36 10-38 10-39 10-42 10-47 10-48 10-50 10-55 23-0 26-1414141414 
10-08 11:15:13.033  6225  6225 I Finsky  : [2] ppj.a(66): ConstraintMapping: 1-1337, 10-4, 10-8, 10-11, 10-15, 10-18, 10-22, 10-29, 10-30, 10-36, 10-38, 10-39, 10-42, 10-47, 10-48, 10-50, 10-55, 23-0,  -> L: 5167555ms, D: 27577599ms, C: false, I: false, N: 1
10-08 11:15:13.036  6225  6225 I Finsky  : [2] ppj.a(66): ConstraintMapping: 26-1414141414,  -> L: 43017946ms, D: 43917946ms, C: false, I: false, N: 0
10-08 11:15:13.040  6225  6225 I Finsky  : [2] com.google.android.finsky.scheduler.JobSchedulerEngine.a(40): Cancelling existing job with id: 9003
10-08 11:15:13.057  6225  6225 I Finsky  : [2] com.google.android.finsky.scheduler.JobSchedulerEngine.a(4): Scheduling job Id: 9001, L: 5167555, D: 27577599, C: false, I: false, N: 1
10-08 11:15:13.067  6225  6225 I Finsky  : [2] com.google.android.finsky.scheduler.JobSchedulerEngine.a(4): Scheduling job Id: 9002, L: 43017946, D: 43917946, C: false, I: false, N: 0
10-08 11:15:20.907  1698  2381 D WificondControl: Scan result ready event
10-08 11:15:20.957  1698  1711 E memtrack: Couldn't load memtrack module
10-08 11:15:20.957  1698  1711 W android.os.Debug: failed to get memory consumption info: -1
10-08 11:15:25.929  1698  1711 E memtrack: Couldn't load memtrack module
10-08 11:15:25.930  1698  1711 W android.os.Debug: failed to get memory consumption info: -1
10-08 11:15:32.249  2010  2030 I zygote  : Background concurrent copying GC freed 32996(1422KB) AllocSpace objects, 0(0B) LOS objects, 53% free, 1355KB/2MB, paused 25.747ms total 305.500ms
10-08 11:15:35.561  4070  4102 I chatty  : uid=10089(u0_a89) RenderThread expire 10 lines
10-08 11:15:35.592  4070  4070 I chatty  : uid=10089(u0_a89) com.rnsharedcrash expire 19 lines
10-08 11:15:35.611  4070  4110 I chatty  : uid=10089(u0_a89) com.rnsharedcrash expire 5 lines
10-08 11:15:35.794  4070  4084 I chatty  : uid=10089(u0_a89) HeapTaskDaemon expire 14 lines
10-08 11:15:35.821  4070  4112 I chatty  : uid=10089(u0_a89) com.rnsharedcrash expire 52 lines
10-08 11:15:38.005  4070  4111 I chatty  : uid=10089(u0_a89) com.rnsharedcrash expire 1 line
10-08 11:15:39.079  4070  4131 I chatty  : uid=10089(u0_a89) com.rnsharedcrash expire 5 lines
10-08 11:15:47.127  1698  1711 E memtrack: Couldn't load memtrack module
10-08 11:15:47.128  1698  1711 W android.os.Debug: failed to get memory consumption info: -1
10-08 11:15:47.201  1436  1436 I qemu-props: start adbd ...
10-08 11:15:47.719  5359  4063 W ResourceType: ResTable_typeSpec entry count inconsistent: given 1313, previously 1357
10-08 11:15:47.891  5359  4136 I AppsUpload: Uploading list of 34 apps for 0 account(s)
10-08 11:16:16.746  5346 29945 I zygote  : Deoptimizing void roq.run() due to JIT inline cache
10-08 11:16:22.342  1698  1711 E memtrack: Couldn't load memtrack module
10-08 11:16:22.342  1698  1711 W android.os.Debug: failed to get memory consumption info: -1
10-08 11:16:22.365  5346  3868 E WakeLock: GCM_HB_ALARM release without a matched acquire!
10-08 11:16:23.169  1429  1429 D gralloc_ranchu: gralloc_alloc: Creating ashmem region of size 208896
10-08 11:16:23.196  1429  1429 D gralloc_ranchu: gralloc_alloc: Creating ashmem region of size 208896
10-08 11:16:25.052  1698  1698 W WindowManager: removeWindowToken: Attempted to remove non-existing token: android.os.Binder@5ae32c7
10-08 11:16:44.586  1429  1429 D gralloc_ranchu: gralloc_alloc: Creating ashmem region of size 208896
10-08 11:16:44.608  1429  1429 D gralloc_ranchu: gralloc_alloc: Creating ashmem region of size 208896
10-08 11:16:46.453  1698  1698 W WindowManager: removeWindowToken: Attempted to remove non-existing token: android.os.Binder@5bde5de
10-08 11:16:47.246  1436  1436 I qemu-props: start adbd ...
10-08 11:17:00.013  1698  1711 E memtrack: Couldn't load memtrack module
10-08 11:17:00.013  1698  1711 W android.os.Debug: failed to get memory consumption info: -1
10-08 11:17:06.452  6225  6241 I Finsky  : [323] ifl.run(3): Stats for Executor: BlockingExecutor igw@ada9241[Running, pool size = 0, active threads = 0, queued tasks = 0, completed tasks = 116]
10-08 11:17:06.453  6225  6241 I Finsky  : [323] ifl.run(3): Stats for Executor: LightweightExecutor igw@6e643e6[Running, pool size = 3, active threads = 0, queued tasks = 0, completed tasks = 61]
10-08 11:17:06.453  6225  6241 I Finsky  : [323] ifl.run(3): Stats for Executor: bgExecutor igw@29f2d27[Running, pool size = 4, active threads = 0, queued tasks = 0, completed tasks = 3560]
10-08 11:17:47.281  1436  1436 I qemu-props: start adbd ...
10-08 11:17:55.444  1698  4428 D WificondControl: Scan result ready event
10-08 11:18:12.588  5346  3868 E WakeLock: GCM_HB_ALARM release without a matched acquire!
10-08 11:18:41.176  1429  1429 D gralloc_ranchu: gralloc_alloc: Creating ashmem region of size 208896
10-08 11:18:41.180  1429  1429 D gralloc_ranchu: gralloc_alloc: Creating ashmem region of size 208896
10-08 11:18:43.164  1698  1698 W WindowManager: removeWindowToken: Attempted to remove non-existing token: android.os.Binder@87ad2b6
10-08 11:18:47.286  1436  1436 I qemu-props: start adbd ...
10-08 11:18:48.116  1429  1429 D gralloc_ranchu: gralloc_alloc: Creating ashmem region of size 208896
10-08 11:18:48.125  1429  1429 D gralloc_ranchu: gralloc_alloc: Creating ashmem region of size 208896
10-08 11:18:50.100  1698  1698 W WindowManager: removeWindowToken: Attempted to remove non-existing token: android.os.Binder@b76ca8d
10-08 11:19:00.013  1698  1711 E memtrack: Couldn't load memtrack module
10-08 11:19:00.013  1698  1711 W android.os.Debug: failed to get memory consumption info: -1
10-08 11:19:20.046  1698  1711 I UsageStatsService: User[0] Flushing usage stats to disk
10-08 11:19:47.294  1436  1436 I qemu-props: start adbd ...
10-08 11:20:02.811  5346  3868 E WakeLock: GCM_HB_ALARM release without a matched acquire!
10-08 11:20:06.455  6225  6241 I Finsky  : [323] ifl.run(3): Stats for Executor: BlockingExecutor igw@ada9241[Running, pool size = 0, active threads = 0, queued tasks = 0, completed tasks = 116]
10-08 11:20:06.455  6225  6241 I Finsky  : [323] ifl.run(3): Stats for Executor: LightweightExecutor igw@6e643e6[Running, pool size = 3, active threads = 0, queued tasks = 0, completed tasks = 61]
10-08 11:20:06.455  6225  6241 I Finsky  : [323] ifl.run(3): Stats for Executor: bgExecutor igw@29f2d27[Running, pool size = 4, active threads = 0, queued tasks = 0, completed tasks = 3562]
10-08 11:20:19.452  1429  1429 D gralloc_ranchu: gralloc_alloc: Creating ashmem region of size 208896
10-08 11:20:19.462  1429  1429 D gralloc_ranchu: gralloc_alloc: Creating ashmem region of size 208896
10-08 11:20:19.479  4070  4102 I chatty  : uid=10089(u0_a89) RenderThread expire 10 lines
10-08 11:20:20.744  1429  1429 D gralloc_ranchu: gralloc_alloc: Creating ashmem region of size 344064
10-08 11:20:20.766  1429  1429 D gralloc_ranchu: gralloc_alloc: Creating ashmem region of size 344064
10-08 11:20:21.412  1698  1698 W WindowManager: removeWindowToken: Attempted to remove non-existing token: android.os.Binder@97be45
10-08 11:20:21.546  4070  4155 I chatty  : uid=10089(u0_a89) com.rnsharedcrash expire 5 lines
10-08 11:20:21.637  4070  4157 I chatty  : uid=10089(u0_a89) com.rnsharedcrash expire 42 lines
10-08 11:20:21.733  4070  4153 I chatty  : uid=10089(u0_a89) com.rnsharedcrash expire 10 lines
10-08 11:20:22.088  4070  4092 I chatty  : uid=10089(u0_a89) AsyncTask #2 expire 7 lines
10-08 11:20:23.243  4070  4156 I chatty  : uid=10089(u0_a89) com.rnsharedcrash expire 3 lines
10-08 11:20:23.622  4070  4126 I chatty  : uid=10089(u0_a89) .0.2.2:8081/... expire 15 lines
10-08 11:20:23.652  1438  1438 D SurfaceFlinger: duplicate layer name: changing com.rnsharedcrash/com.rnsharedcrash.MainActivity to com.rnsharedcrash/com.rnsharedcrash.MainActivity#1
10-08 11:20:23.677  1429  1429 D gralloc_ranchu: gralloc_alloc: Creating ashmem region of size 8298496
10-08 11:20:23.697  1429  1429 I chatty  : uid=1000(system) allocator@2.0-s identical 15 lines
10-08 11:20:23.716  1429  1429 D gralloc_ranchu: gralloc_alloc: Creating ashmem region of size 8298496
10-08 11:20:23.742  4070  4078 I chatty  : uid=10089(u0_a89) Jit thread pool expire 10 lines
10-08 11:20:24.140  1698  1707 I zygote  : Background concurrent copying GC freed 106226(4MB) AllocSpace objects, 16(320KB) LOS objects, 36% free, 10MB/16MB, paused 18.162ms total 348.039ms
10-08 11:20:32.088  1429  1429 D gralloc_ranchu: gralloc_alloc: Creating ashmem region of size 208896
10-08 11:20:32.101  1429  1429 D gralloc_ranchu: gralloc_alloc: Creating ashmem region of size 208896
10-08 11:20:32.672  1429  1429 D gralloc_ranchu: gralloc_alloc: Creating ashmem region of size 344064
10-08 11:20:32.691  1429  1429 D gralloc_ranchu: gralloc_alloc: Creating ashmem region of size 344064
10-08 11:20:33.111  4070  4166 I chatty  : uid=10089(u0_a89) com.rnsharedcrash expire 5 lines
10-08 11:20:33.180  4070  4168 I chatty  : uid=10089(u0_a89) com.rnsharedcrash expire 42 lines
10-08 11:20:34.057  1698  1698 W WindowManager: removeWindowToken: Attempted to remove non-existing token: android.os.Binder@59761f2
10-08 11:20:34.698  1698  1715 E BatteryStatsService: modem info is invalid: ModemActivityInfo{ mTimestamp=0 mSleepTimeMs=0 mIdleTimeMs=0 mTxTimeMs[]=[0, 0, 0, 0, 0] mRxTimeMs=0 mEnergyUsed=0}
10-08 11:20:35.547  1698  1709 D WificondControl: Scan result ready event
10-08 11:20:35.630  4070  4167 I chatty  : uid=10089(u0_a89) com.rnsharedcrash expire 3 lines
